Component: ARM Compiler 5.05 update 2 (build 169) Tool: armlink [4d0f33]

==============================================================================

Section Cross References

    startup_stm32f40xx.o(RESET) refers to startup_stm32f40xx.o(STACK) for __initial_sp
    startup_stm32f40xx.o(RESET) refers to startup_stm32f40xx.o(.text) for Reset_Handler
    startup_stm32f40xx.o(RESET) refers to stm32f4xx_it.o(i.NMI_Handler) for NMI_Handler
    startup_stm32f40xx.o(RESET) refers to stm32f4xx_it.o(i.HardFault_Handler) for HardFault_Handler
    startup_stm32f40xx.o(RESET) refers to stm32f4xx_it.o(i.MemManage_Handler) for MemManage_Handler
    startup_stm32f40xx.o(RESET) refers to stm32f4xx_it.o(i.BusFault_Handler) for BusFault_Handler
    startup_stm32f40xx.o(RESET) refers to stm32f4xx_it.o(i.UsageFault_Handler) for UsageFault_Handler
    startup_stm32f40xx.o(RESET) refers to port.o(.emb_text) for SVC_Handler
    startup_stm32f40xx.o(RESET) refers to stm32f4xx_it.o(i.DebugMon_Handler) for DebugMon_Handler
    startup_stm32f40xx.o(RESET) refers to port.o(i.SysTick_Handler) for SysTick_Handler
    startup_stm32f40xx.o(RESET) refers to hc_sr04.o(i.TIM4_IRQHandler) for TIM4_IRQHandler
    startup_stm32f40xx.o(RESET) refers to bsp_debug_usart.o(i.USART1_IRQHandler) for USART1_IRQHandler
    startup_stm32f40xx.o(RESET) refers to bsp_debug_usart.o(i.USART2_IRQHandler) for USART2_IRQHandler
    startup_stm32f40xx.o(RESET) refers to bsp_debug_usart.o(i.USART3_IRQHandler) for USART3_IRQHandler
    startup_stm32f40xx.o(.text) refers to system_stm32f4xx.o(i.SystemInit) for SystemInit
    startup_stm32f40xx.o(.text) refers to entry.o(.ARM.Collect$$$$00000000) for __main
    system_stm32f4xx.o(i.SystemCoreClockUpdate) refers to system_stm32f4xx.o(.data) for SystemCoreClock
    system_stm32f4xx.o(i.SystemInit) refers to system_stm32f4xx.o(i.SetSysClock) for SetSysClock
    stm32f4xx_adc.o(i.ADC_DeInit) refers to stm32f4xx_rcc.o(i.RCC_APB2PeriphResetCmd) for RCC_APB2PeriphResetCmd
    stm32f4xx_can.o(i.CAN_DeInit) refers to stm32f4xx_rcc.o(i.RCC_APB1PeriphResetCmd) for RCC_APB1PeriphResetCmd
    stm32f4xx_can.o(i.CAN_GetITStatus) refers to stm32f4xx_can.o(i.CheckITStatus) for CheckITStatus
    stm32f4xx_cryp.o(i.CRYP_DeInit) refers to stm32f4xx_rcc.o(i.RCC_AHB2PeriphResetCmd) for RCC_AHB2PeriphResetCmd
    stm32f4xx_cryp_aes.o(i.CRYP_AES_CBC) refers to stm32f4xx_cryp.o(i.CRYP_KeyStructInit) for CRYP_KeyStructInit
    stm32f4xx_cryp_aes.o(i.CRYP_AES_CBC) refers to stm32f4xx_cryp.o(i.CRYP_FIFOFlush) for CRYP_FIFOFlush
    stm32f4xx_cryp_aes.o(i.CRYP_AES_CBC) refers to stm32f4xx_cryp.o(i.CRYP_Init) for CRYP_Init
    stm32f4xx_cryp_aes.o(i.CRYP_AES_CBC) refers to stm32f4xx_cryp.o(i.CRYP_KeyInit) for CRYP_KeyInit
    stm32f4xx_cryp_aes.o(i.CRYP_AES_CBC) refers to stm32f4xx_cryp.o(i.CRYP_Cmd) for CRYP_Cmd
    stm32f4xx_cryp_aes.o(i.CRYP_AES_CBC) refers to stm32f4xx_cryp.o(i.CRYP_GetFlagStatus) for CRYP_GetFlagStatus
    stm32f4xx_cryp_aes.o(i.CRYP_AES_CBC) refers to stm32f4xx_cryp.o(i.CRYP_IVInit) for CRYP_IVInit
    stm32f4xx_cryp_aes.o(i.CRYP_AES_CBC) refers to stm32f4xx_cryp.o(i.CRYP_GetCmdStatus) for CRYP_GetCmdStatus
    stm32f4xx_cryp_aes.o(i.CRYP_AES_CBC) refers to stm32f4xx_cryp.o(i.CRYP_DataIn) for CRYP_DataIn
    stm32f4xx_cryp_aes.o(i.CRYP_AES_CBC) refers to stm32f4xx_cryp.o(i.CRYP_DataOut) for CRYP_DataOut
    stm32f4xx_cryp_aes.o(i.CRYP_AES_CCM) refers to stm32f4xx_cryp.o(i.CRYP_KeyStructInit) for CRYP_KeyStructInit
    stm32f4xx_cryp_aes.o(i.CRYP_AES_CCM) refers to stm32f4xx_cryp.o(i.CRYP_FIFOFlush) for CRYP_FIFOFlush
    stm32f4xx_cryp_aes.o(i.CRYP_AES_CCM) refers to stm32f4xx_cryp.o(i.CRYP_KeyInit) for CRYP_KeyInit
    stm32f4xx_cryp_aes.o(i.CRYP_AES_CCM) refers to stm32f4xx_cryp.o(i.CRYP_IVInit) for CRYP_IVInit
    stm32f4xx_cryp_aes.o(i.CRYP_AES_CCM) refers to stm32f4xx_cryp.o(i.CRYP_Init) for CRYP_Init
    stm32f4xx_cryp_aes.o(i.CRYP_AES_CCM) refers to stm32f4xx_cryp.o(i.CRYP_PhaseConfig) for CRYP_PhaseConfig
    stm32f4xx_cryp_aes.o(i.CRYP_AES_CCM) refers to stm32f4xx_cryp.o(i.CRYP_DataIn) for CRYP_DataIn
    stm32f4xx_cryp_aes.o(i.CRYP_AES_CCM) refers to stm32f4xx_cryp.o(i.CRYP_Cmd) for CRYP_Cmd
    stm32f4xx_cryp_aes.o(i.CRYP_AES_CCM) refers to stm32f4xx_cryp.o(i.CRYP_GetCmdStatus) for CRYP_GetCmdStatus
    stm32f4xx_cryp_aes.o(i.CRYP_AES_CCM) refers to stm32f4xx_cryp.o(i.CRYP_GetFlagStatus) for CRYP_GetFlagStatus
    stm32f4xx_cryp_aes.o(i.CRYP_AES_CCM) refers to stm32f4xx_cryp.o(i.CRYP_DataOut) for CRYP_DataOut
    stm32f4xx_cryp_aes.o(i.CRYP_AES_CTR) refers to stm32f4xx_cryp.o(i.CRYP_KeyStructInit) for CRYP_KeyStructInit
    stm32f4xx_cryp_aes.o(i.CRYP_AES_CTR) refers to stm32f4xx_cryp.o(i.CRYP_KeyInit) for CRYP_KeyInit
    stm32f4xx_cryp_aes.o(i.CRYP_AES_CTR) refers to stm32f4xx_cryp.o(i.CRYP_Init) for CRYP_Init
    stm32f4xx_cryp_aes.o(i.CRYP_AES_CTR) refers to stm32f4xx_cryp.o(i.CRYP_IVInit) for CRYP_IVInit
[...]
    ADC_GetFlagStatus                        0x08000b61   Thumb Code    18  stm32f4xx_adc.o(i.ADC_GetFlagStatus)
    ADC_Init                                 0x08000b75   Thumb Code    74  stm32f4xx_adc.o(i.ADC_Init)
    ADC_RegularChannelConfig                 0x08000bc9   Thumb Code   184  stm32f4xx_adc.o(i.ADC_RegularChannelConfig)
    ADC_SoftwareStartConv                    0x08000c81   Thumb Code    10  stm32f4xx_adc.o(i.ADC_SoftwareStartConv)
    ADC_StructInit                           0x08000c8b   Thumb Code    20  stm32f4xx_adc.o(i.ADC_StructInit)
    ADC_TempSensorVrefintCmd                 0x08000ca1   Thumb Code    34  stm32f4xx_adc.o(i.ADC_TempSensorVrefintCmd)
    Angle                                    0x08000ccd   Thumb Code    96  ship_route.o(i.Angle)
    BMP280_GetStatus                         0x08000d2d   Thumb Code    28  bmp280.o(i.BMP280_GetStatus)
    BMP280_Get_Pressure                      0x08000d49   Thumb Code   140  bmp280.o(i.BMP280_Get_Pressure)
    BMP280_Set_Standby_FILTER                0x08000ddd   Thumb Code    30  bmp280.o(i.BMP280_Set_Standby_FILTER)
    BMP280_Set_TemOversamp                   0x08000dfb   Thumb Code    30  bmp280.o(i.BMP280_Set_TemOversamp)
    BMP_IIC_Ack                              0x08000e19   Thumb Code    60  iic.o(i.BMP_IIC_Ack)
    BMP_IIC_GPIO_Init                        0x08000e59   Thumb Code    62  iic.o(i.BMP_IIC_GPIO_Init)
    BMP_IIC_No_Ack                           0x08000e9d   Thumb Code    60  iic.o(i.BMP_IIC_No_Ack)
    BMP_IIC_Read_Byte                        0x08000edd   Thumb Code    88  iic.o(i.BMP_IIC_Read_Byte)
    BMP_IIC_Start                            0x08000f39   Thumb Code    60  iic.o(i.BMP_IIC_Start)
    BMP_IIC_Stop                             0x08000f79   Thumb Code    60  iic.o(i.BMP_IIC_Stop)
    BMP_IIC_Wait_Ack                         0x08000fb9   Thumb Code    88  iic.o(i.BMP_IIC_Wait_Ack)
    BMP_IIC_WriteByte                        0x08001015   Thumb Code    84  iic.o(i.BMP_IIC_WriteByte)
    BMP_Init                                 0x0800106d   Thumb Code   420  bmp280.o(i.BMP_Init)
    BMP_Read_Byte                            0x08001215   Thumb Code    86  bmp280.o(i.BMP_Read_Byte)
    BMP_Write_Byte                           0x0800126b   Thumb Code    70  bmp280.o(i.BMP_Write_Byte)
    BUZZER_Init                              0x080012b1   Thumb Code    54  fire_phoenix_esc.o(i.BUZZER_Init)
    BUZZER_OFF                               0x080012ed   Thumb Code    34  fire_phoenix_esc.o(i.BUZZER_OFF)
    Battery_Init                             0x08001315   Thumb Code    10  battery.o(i.Battery_Init)
    Bsp_Init                                 0x08001321   Thumb Code   144  main.o(i.Bsp_Init)
    BusFault_Handler                         0x080013e1   Thumb Code     4  stm32f4xx_it.o(i.BusFault_Handler)
    Check_Device                             0x080013e5   Thumb Code    26  bsp_compass.o(i.Check_Device)
    Clear_Buffer                             0x08001401   Thumb Code    14  bsp_iot_bc20.o(i.Clear_Buffer)
    Compass_Init                             0x08001415   Thumb Code    56  bsp_compass.o(i.Compass_Init)
    Compass_check                            0x08001465   Thumb Code  1468  ship_route.o(i.Compass_check)
    Creat_List                               0x08001ad9   Thumb Code   770  cyc_list.o(i.Creat_List)
    DHT11_Check                              0x08001e01   Thumb Code    74  dht11.o(i.DHT11_Check)
    DHT11_IO_IN                              0x08001e51   Thumb Code    50  dht11.o(i.DHT11_IO_IN)
    DHT11_IO_OUT                             0x08001e89   Thumb Code    48  dht11.o(i.DHT11_IO_OUT)
    DHT11_Init                               0x08001ebd   Thumb Code    66  dht11.o(i.DHT11_Init)
    DHT11_Read_Bit                           0x08001f05   Thumb Code    70  dht11.o(i.DHT11_Read_Bit)
    DHT11_Read_Byte                          0x08001f51   Thumb Code    30  dht11.o(i.DHT11_Read_Byte)
    DHT11_Read_Data                          0x08001f6f   Thumb Code    88  dht11.o(i.DHT11_Read_Data)
    DHT11_Rst                                0x08001fc9   Thumb Code    34  dht11.o(i.DHT11_Rst)
    DebugMon_Handler                         0x08001ff5   Thumb Code     2  stm32f4xx_it.o(i.DebugMon_Handler)
    Debug_USART_Config                       0x08001ff9   Thumb Code   170  bsp_debug_usart.o(i.Debug_USART_Config)
    Dev_USART_Init                           0x080020ad   Thumb Code    12  bsp_debug_usart.o(i.Dev_USART_Init)
    Distance                                 0x080020b9   Thumb Code   152  ship_route.o(i.Distance)
    Free_List                                0x08002159   Thumb Code    48  cyc_list.o(i.Free_List)
    GPIO_Init                                0x08002189   Thumb Code   144  stm32f4xx_gpio.o(i.GPIO_Init)
    GPIO_PinAFConfig                         0x08002219   Thumb Code    70  stm32f4xx_gpio.o(i.GPIO_PinAFConfig)
    GPIO_ReadInputDataBit                    0x0800225f   Thumb Code    18  stm32f4xx_gpio.o(i.GPIO_ReadInputDataBit)
    GPIO_ResetBits                           0x08002271   Thumb Code     4  stm32f4xx_gpio.o(i.GPIO_ResetBits)
    GPIO_SetBits                             0x08002275   Thumb Code     4  stm32f4xx_gpio.o(i.GPIO_SetBits)
    GPIO_WriteBit                            0x08002279   Thumb Code    10  stm32f4xx_gpio.o(i.GPIO_WriteBit)
    Get_ADC_Value                            0x08002285   Thumb Code    44  bsp_adc.o(i.Get_ADC_Value)
    Get_EmqxBattery_value                    0x080022b5   Thumb Code   156  battery.o(i.Get_EmqxBattery_value)
    Get_GPS_CJ02                             0x08002381   Thumb Code  1134  bsp_iot_bc20.o(i.Get_GPS_CJ02)
    Get_Light_value                          0x080027f9   Thumb Code    50  light.o(i.Get_Light_value)
    Get_NTU_value                            0x0800282d   Thumb Code   104  ntu.o(i.Get_NTU_value)
    Get_PH_Value                             0x080028bd   Thumb Code   114  ph_sensor.o(i.Get_PH_Value)
    Get_Temprate                             0x08002961   Thumb Code   160  bsp_adc.o(i.Get_Temprate)
    Gps_Send_Task                            0x08002a31   Thumb Code   100  ship_route.o(i.Gps_Send_Task)
    Gps_Task                                 0x08002afd   Thumb Code   266  ship_route.o(i.Gps_Task)
    HMC5883L_ReadNByte                       0x08002c75   Thumb Code    88  bsp_compass.o(i.HMC5883L_ReadNByte)
    HMC5883L_Read_XYZ                        0x08002ccd   Thumb Code   204  bsp_compass.o(i.HMC5883L_Read_XYZ)
    HMC5883L_WriteOneByte                    0x08002da5   Thumb Code    46  bsp_compass.o(i.HMC5883L_WriteOneByte)
    HardFault_Handler                        0x08002dd5   Thumb Code    36  stm32f4xx_it.o(i.HardFault_Handler)
    IIC_Ack                                  0x08002e31   Thumb Code    68  dev_iic.o(i.IIC_Ack)
    IIC_Init                                 0x08002e81   Thumb Code    64  dev_iic.o(i.IIC_Init)
    IIC_No_Ack                               0x08002ecd   Thumb Code    60  dev_iic.o(i.IIC_No_Ack)
    IIC_Read_Byte                            0x08002f15   Thumb Code    70  dev_iic.o(i.IIC_Read_Byte)
    IIC_Send_Byte                            0x08002f65   Thumb Code   102  dev_iic.o(i.IIC_Send_Byte)
    IIC_Start                                0x08002fd9   Thumb Code    42  dev_iic.o(i.IIC_Start)
    IIC_Stop                                 0x0800300d   Thumb Code    50  dev_iic.o(i.IIC_Stop)
    IIC_Wait_Ack                             0x0800304d   Thumb Code    98  dev_iic.o(i.IIC_Wait_Ack)
    IOT_USART_Config                         0x080030e5   Thumb Code   170  bsp_debug_usart.o(i.IOT_USART_Config)
    IOT_Usart_Task                           0x08003199   Thumb Code   552  bsp_iot_bc20.o(i.IOT_Usart_Task)
    IWDG_Enable                              0x0800350d   Thumb Code    10  stm32f4xx_iwdg.o(i.IWDG_Enable)
    IWDG_Init                                0x0800351d   Thumb Code    36  iwdg.o(i.IWDG_Init)
    IWDG_ReloadCounter                       0x08003541   Thumb Code    10  stm32f4xx_iwdg.o(i.IWDG_ReloadCounter)
    IWDG_SetPrescaler                        0x08003551   Thumb Code     6  stm32f4xx_iwdg.o(i.IWDG_SetPrescaler)
    IWDG_SetReload                           0x0800355d   Thumb Code     6  stm32f4xx_iwdg.o(i.IWDG_SetReload)
    IWDG_WriteAccessCmd                      0x08003569   Thumb Code     6  stm32f4xx_iwdg.o(i.IWDG_WriteAccessCmd)
    Idel_Task                                0x08003575   Thumb Code   490  ship_route.o(i.Idel_Task)
    Iot_Connet_ALIYUN_Task                   0x08003881   Thumb Code   232  bsp_iot_bc20.o(i.Iot_Connet_ALIYUN_Task)
    Iot_Init_Task                            0x08003a65   Thumb Code   328  bsp_iot_bc20.o(i.Iot_Init_Task)
    Iot_Pubsh_Task                           0x08003c91   Thumb Code   232  bsp_iot_bc20.o(i.Iot_Pubsh_Task)
    Iot_Recv_Task                            0x08003e01   Thumb Code   254  bsp_iot_bc20.o(i.Iot_Recv_Task)
    Iot_Send_AT                              0x08003f45   Thumb Code    16  bsp_iot_bc20.o(i.Iot_Send_AT)
    JXCT_TDS_Get_TDS                         0x08003f61   Thumb Code   326  jxct_tds.o(i.JXCT_TDS_Get_TDS)
    JXCT_TDS_Init                            0x080040cd   Thumb Code     8  jxct_tds.o(i.JXCT_TDS_Init)
    Light_Init                               0x080040d5   Thumb Code    10  light.o(i.Light_Init)
    LongLat2XY                               0x080040e1   Thumb Code  3508  ship_route.o(i.LongLat2XY)
    MCU_temp_init                            0x08004e95   Thumb Code    10  bsp_adc.o(i.MCU_temp_init)
    Map_Cj02_to_Wgs                          0x08004ea1   Thumb Code   148  ship_route.o(i.Map_Cj02_to_Wgs)
    MemManage_Handler                        0x08004f4d   Thumb Code     4  stm32f4xx_it.o(i.MemManage_Handler)
    Minimum_Spanning_Tree                    0x08004f51   Thumb Code    66  primx.o(i.Minimum_Spanning_Tree)
    Mqttaemqx_battry                         0x08004fd1   Thumb Code    60  ship_route.o(i.Mqttaemqx_battry)
    Mqttaemqx_cpu_temp                       0x08005035   Thumb Code    60  ship_route.o(i.Mqttaemqx_cpu_temp)
    Mqttaemqx_gpsdata                        0x08005099   Thumb Code    66  ship_route.o(i.Mqttaemqx_gpsdata)
    Mqttaliyun_Savedata                      0x0800510d   Thumb Code   154  bsp_iot_bc20.o(i.Mqttaliyun_Savedata)
    My_IWDG_ReloadCounter                    0x080051b1   Thumb Code    22  iwdg.o(i.My_IWDG_ReloadCounter)
    NMI_Handler                              0x08005205   Thumb Code     2  stm32f4xx_it.o(i.NMI_Handler)
    NTU_Init                                 0x08005207   Thumb Code    10  ntu.o(i.NTU_Init)
    NVIC_Init                                0x0800525d   Thumb Code   106  misc.o(i.NVIC_Init)
    NVIC_PriorityGroupConfig                 0x080052d5   Thumb Code    10  misc.o(i.NVIC_PriorityGroupConfig)
    PH_sensor_Init                           0x080052e9   Thumb Code    10  ph_sensor.o(i.PH_sensor_Init)
    Pid_Frow                                 0x080052f5   Thumb Code   796  ship_route.o(i.Pid_Frow)
    Pid_Rotate                               0x08005649   Thumb Code   684  ship_route.o(i.Pid_Rotate)
    Prgmc_to_Wgs                             0x08005955   Thumb Code   468  ship_route.o(i.Prgmc_to_Wgs)
    RCC_AHB1PeriphClockCmd                   0x08005b51   Thumb Code    26  stm32f4xx_rcc.o(i.RCC_AHB1PeriphClockCmd)
    RCC_APB1PeriphClockCmd                   0x08005b71   Thumb Code    26  stm32f4xx_rcc.o(i.RCC_APB1PeriphClockCmd)
    RCC_APB2PeriphClockCmd                   0x08005b91   Thumb Code    26  stm32f4xx_rcc.o(i.RCC_APB2PeriphClockCmd)
    RCC_APB2PeriphResetCmd                   0x08005bb1   Thumb Code    26  stm32f4xx_rcc.o(i.RCC_APB2PeriphResetCmd)
    RCC_GetClocksFreq                        0x08005bd1   Thumb Code   214  stm32f4xx_rcc.o(i.RCC_GetClocksFreq)
    RZ7888_Init                              0x08005cb9   Thumb Code   122  fire_phoenix_esc.o(i.RZ7888_Init)
    Rheostat_Init                            0x08005f01   Thumb Code    20  bsp_adc.o(i.Rheostat_Init)
    Route_Task                               0x08005f15   Thumb Code  3890  ship_route.o(i.Route_Task)
    SDA_IN                                   0x08006f05   Thumb Code    38  iic.o(i.SDA_IN)
    SDA_OUT                                  0x08006f31   Thumb Code    40  iic.o(i.SDA_OUT)
    Sensores_Data_Proessing                  0x08006f5d   Thumb Code   948  bsp_sensors.o(i.Sensores_Data_Proessing)
    Sensors_Processing_Task                  0x08007395   Thumb Code   148  bsp_iot_bc20.o(i.Sensors_Processing_Task)
    Sr04_Init                                0x0800752d   Thumb Code    72  hc_sr04.o(i.Sr04_Init)
    Start_Task                               0x08007579   Thumb Code   226  main.o(i.Start_Task)
    SysTick_Handler                          0x0800776d   Thumb Code    46  port.o(i.SysTick_Handler)
    SystemInit                               0x080077a1   Thumb Code    88  system_stm32f4xx.o(i.SystemInit)
    TDS_USART_Config                         0x08007831   Thumb Code   158  bsp_debug_usart.o(i.TDS_USART_Config)
    TIM4_IRQHandler                          0x080078d9   Thumb Code    32  hc_sr04.o(i.TIM4_IRQHandler)
    TIM_ARRPreloadConfig                     0x08007901   Thumb Code    24  stm32f4xx_tim.o(i.TIM_ARRPreloadConfig)
    TIM_ClearITPendingBit                    0x08007919   Thumb Code     6  stm32f4xx_tim.o(i.TIM_ClearITPendingBit)
    TIM_Cmd                                  0x0800791f   Thumb Code    24  stm32f4xx_tim.o(i.TIM_Cmd)
    TIM_GetITStatus                          0x08007937   Thumb Code    34  stm32f4xx_tim.o(i.TIM_GetITStatus)
    TIM_ITConfig                             0x08007959   Thumb Code    18  stm32f4xx_tim.o(i.TIM_ITConfig)
    TIM_OC1Init                              0x0800796d   Thumb Code   114  stm32f4xx_tim.o(i.TIM_OC1Init)
    TIM_OC1PreloadConfig                     0x080079e9   Thumb Code    18  stm32f4xx_tim.o(i.TIM_OC1PreloadConfig)
    TIM_SetCompare1                          0x080079fb   Thumb Code     4  stm32f4xx_tim.o(i.TIM_SetCompare1)
    TIM_TimeBaseInit                         0x08007a01   Thumb Code   104  stm32f4xx_tim.o(i.TIM_TimeBaseInit)
    USART1_IRQHandler                        0x08007a85   Thumb Code   124  bsp_debug_usart.o(i.USART1_IRQHandler)
    USART2_IRQHandler                        0x08007b09   Thumb Code   174  bsp_debug_usart.o(i.USART2_IRQHandler)
    USART3_IRQHandler                        0x08007bd1   Thumb Code   118  bsp_debug_usart.o(i.USART3_IRQHandler)
    USART_ClearITPendingBit                  0x08007c51   Thumb Code    30  stm32f4xx_usart.o(i.USART_ClearITPendingBit)
    USART_Cmd                                0x08007c6f   Thumb Code    24  stm32f4xx_usart.o(i.USART_Cmd)
    USART_GetFlagStatus                      0x08007c87   Thumb Code    26  stm32f4xx_usart.o(i.USART_GetFlagStatus)
    USART_GetITStatus                        0x08007ca1   Thumb Code    84  stm32f4xx_usart.o(i.USART_GetITStatus)
    USART_ITConfig                           0x08007cf5   Thumb Code    74  stm32f4xx_usart.o(i.USART_ITConfig)
    USART_Init                               0x08007d41   Thumb Code   204  stm32f4xx_usart.o(i.USART_Init)
    USART_ReceiveData                        0x08007e15   Thumb Code    10  stm32f4xx_usart.o(i.USART_ReceiveData)
    USART_SendData                           0x08007e1f   Thumb Code     8  stm32f4xx_usart.o(i.USART_SendData)
    USART_printf                             0x08007e27   Thumb Code   262  bsp_debug_usart.o(i.USART_printf)
    UsageFault_Handler                       0x08007f2d   Thumb Code     4  stm32f4xx_it.o(i.UsageFault_Handler)
    Usart_SendByte                           0x08007f31   Thumb Code    30  bsp_debug_usart.o(i.Usart_SendByte)
    Usart_SendString                         0x08007f4f   Thumb Code    42  bsp_debug_usart.o(i.Usart_SendString)
    Water_Init                               0x08007f79   Thumb Code    10  water.o(i.Water_Init)
    __0printf                                0x08007f85   Thumb Code    22  printfa.o(i.__0printf)
    __1printf                                0x08007f85   Thumb Code     0  printfa.o(i.__0printf)
    __2printf                                0x08007f85   Thumb Code     0  printfa.o(i.__0printf)
    __c89printf                              0x08007f85   Thumb Code     0  printfa.o(i.__0printf)
    printf                                   0x08007f85   Thumb Code     0  printfa.o(i.__0printf)
    __0sprintf                               0x08007fa5   Thumb Code    34  printfa.o(i.__0sprintf)
    __1sprintf                               0x08007fa5   Thumb Code     0  printfa.o(i.__0sprintf)
    __2sprintf                               0x08007fa5   Thumb Code     0  printfa.o(i.__0sprintf)
    __c89sprintf                             0x08007fa5   Thumb Code     0  printfa.o(i.__0sprintf)
    sprintf                                  0x08007fa5   Thumb Code     0  printfa.o(i.__0sprintf)
    __ARM_fpclassify                         0x08007fcd   Thumb Code    48  fpclassify.o(i.__ARM_fpclassify)
    __hardfp_atan                            0x08008001   Thumb Code   622  atan.o(i.__hardfp_atan)
    __hardfp_atan2                           0x080082d9   Thumb Code   432  atan2.o(i.__hardfp_atan2)
    __hardfp_cos                             0x080084c9   Thumb Code   180  cos.o(i.__hardfp_cos)
    __hardfp_fabs                            0x08008591   Thumb Code    20  fabs.o(i.__hardfp_fabs)
    __hardfp_pow                             0x080085a9   Thumb Code  3044  pow.o(i.__hardfp_pow)
    __hardfp_sin                             0x080091e1   Thumb Code   180  sin.o(i.__hardfp_sin)
    __hardfp_sqrt                            0x080092a9   Thumb Code   122  sqrt.o(i.__hardfp_sqrt)
    __hardfp_tan                             0x08009329   Thumb Code   108  tan.o(i.__hardfp_tan)
    __ieee754_rem_pio2                       0x080093a9   Thumb Code   938  rred.o(i.__ieee754_rem_pio2)
    __kernel_cos                             0x080097e1   Thumb Code   322  cos_i.o(i.__kernel_cos)
    __kernel_poly                            0x08009951   Thumb Code   248  poly.o(i.__kernel_poly)
    __kernel_sin                             0x08009a49   Thumb Code   280  sin_i.o(i.__kernel_sin)
    __kernel_tan                             0x08009b79   Thumb Code   764  tan_i.o(i.__kernel_tan)
    __mathlib_dbl_divzero                    0x08009ec9   Thumb Code    28  dunder.o(i.__mathlib_dbl_divzero)
    __mathlib_dbl_infnan                     0x08009ef9   Thumb Code    20  dunder.o(i.__mathlib_dbl_infnan)
    __mathlib_dbl_infnan2                    0x08009f0d   Thumb Code    20  dunder.o(i.__mathlib_dbl_infnan2)
    __mathlib_dbl_invalid                    0x08009f21   Thumb Code    24  dunder.o(i.__mathlib_dbl_invalid)
    __mathlib_dbl_overflow                   0x08009f41   Thumb Code    24  dunder.o(i.__mathlib_dbl_overflow)
    __mathlib_dbl_underflow                  0x08009f61   Thumb Code    24  dunder.o(i.__mathlib_dbl_underflow)
    __scatterload_copy                       0x08009f81   Thumb Code    14  handlers.o(i.__scatterload_copy)
    __scatterload_null                       0x08009f8f   Thumb Code     2  handlers.o(i.__scatterload_null)
    __scatterload_zeroinit                   0x08009f91   Thumb Code    14  handlers.o(i.__scatterload_zeroinit)
    __set_errno                              0x08009fa1   Thumb Code     6  errno.o(i.__set_errno)
    add_edge                                 0x0800a849   Thumb Code    88  primx.o(i.add_edge)
    atan                                     0x0800a8a5   Thumb Code    16  atan.o(i.atan)
    atofx                                    0x0800a8b5   Thumb Code   248  ship_route.o(i.atofx)
    bmp280_compensate_P_double               0x0800a9c5   Thumb Code   696  bmp280.o(i.bmp280_compensate_P_double)
    ch_ctrl_init                             0x0800aced   Thumb Code   112  fire_phoenix_esc.o(i.ch_ctrl_init)
    convert_to_compass                       0x0800ad61   Thumb Code    88  ship_route.o(i.convert_to_compass)
    dfs                                      0x0800ade1   Thumb Code   104  primx.o(i.dfs)
    dfs_init                                 0x0800ae55   Thumb Code    92  primx.o(i.dfs_init)
    fabs                                     0x0800aee5   Thumb Code    24  fabs.o(i.fabs)
    find_and_copy                            0x0800aefd   Thumb Code    52  bsp_iot_bc20.o(i.find_and_copy)
    find_string                              0x0800af35   Thumb Code    60  bsp_iot_bc20.o(i.find_string)
    fire_phonenix_esc_init                   0x0800af71   Thumb Code   308  fire_phoenix_esc.o(i.fire_phonenix_esc_init)
    fputc                                    0x0800b0ad   Thumb Code    32  bsp_debug_usart.o(i.fputc)
    free                                     0x0800b0d1   Thumb Code    76  malloc.o(i.free)
    free_graph                               0x0800b121   Thumb Code   106  primx.o(i.free_graph)
    gcj02_to_wgs84                           0x0800b199   Thumb Code   784  bsp_iot_bc20.o(i.gcj02_to_wgs84)
    generateCompleteGraph                    0x0800b4e5   Thumb Code   366  primx.o(i.generateCompleteGraph)
    get_angle_error                          0x0800b661   Thumb Code    44  ship_route.o(i.get_angle_error)
    init_list_graph                          0x0800b69d   Thumb Code   116  primx.o(i.init_list_graph)
    init_prim                                0x0800b719   Thumb Code    46  primx.o(i.init_prim)
    kalman_filter_lat                        0x0800b7c5   Thumb Code   212  ship_route.o(i.kalman_filter_lat)
    kalman_filter_lon                        0x0800b8b5   Thumb Code   212  ship_route.o(i.kalman_filter_lon)
    link_platfrom_f                          0x0800b9a5   Thumb Code   266  bsp_iot_bc20.o(i.link_platfrom_f)
    main                                     0x0800bba1   Thumb Code    54  main.o(i.main)
    malloc                                   0x0800bc15   Thumb Code    92  malloc.o(i.malloc)
    min                                      0x0800bc81   Thumb Code    14  primx.o(i.min)
    out_of_china                             0x0800bc91   Thumb Code   130  bsp_iot_bc20.o(i.out_of_china)
    pid_control                              0x0800bd35   Thumb Code   614  ship_route.o(i.pid_control)
    pid_f_init                               0x0800c005   Thumb Code    78  ship_route.o(i.pid_f_init)
    pid_init                                 0x0800c095   Thumb Code    98  ship_route.o(i.pid_init)
    prim                                     0x0800c149   Thumb Code   290  primx.o(i.prim)
    print_dfs_result                         0x0800c295   Thumb Code    80  primx.o(i.print_dfs_result)
    print_graph                              0x0800c325   Thumb Code    72  primx.o(i.print_graph)
    print_matrix_graph                       0x0800c385   Thumb Code    62  primx.o(i.print_matrix_graph)
    pvPortMalloc                             0x0800ce69   Thumb Code   302  heap_4.o(i.pvPortMalloc)
    pvTaskIncrementMutexHeldCount            0x0800cfe1   Thumb Code    26  tasks.o(i.pvTaskIncrementMutexHeldCount)
    pxPortInitialiseStack                    0x0800d001   Thumb Code    38  port.o(i.pxPortInitialiseStack)
    removeLastN                              0x0800d02d   Thumb Code    32  bsp_iot_bc20.o(i.removeLastN)
    set_left_speed                           0x0800d04d   Thumb Code    58  fire_phoenix_esc.o(i.set_left_speed)
    set_right_speed                          0x0800d091   Thumb Code    60  fire_phoenix_esc.o(i.set_right_speed)
    sqrt                                     0x0800d0d1   Thumb Code   110  sqrt.o(i.sqrt)
    str_cmp                                  0x0800d13f   Thumb Code    62  bsp_iot_bc20.o(i.str_cmp)
    sub_str                                  0x0800d17d   Thumb Code    94  bsp_iot_bc20.o(i.sub_str)
    switch_ctrl_init                         0x0800d1dd   Thumb Code    52  fire_phoenix_esc.o(i.switch_ctrl_init)
    transform_lat                            0x0800d229   Thumb Code   988  bsp_iot_bc20.o(i.transform_lat)
    transform_lng                            0x0800d669   Thumb Code   968  bsp_iot_bc20.o(i.transform_lng)
    uxListRemove                             0x0800da85   Thumb Code    40  list.o(i.uxListRemove)
    vListInitialise                          0x0800daad   Thumb Code    26  list.o(i.vListInitialise)
    vListInitialiseItem                      0x0800dac7   Thumb Code     6  list.o(i.vListInitialiseItem)
    vListInsert                              0x0800dacd   Thumb Code    52  list.o(i.vListInsert)
    vListInsertEnd                           0x0800db01   Thumb Code    24  list.o(i.vListInsertEnd)
    vPortEnterCritical                       0x0800db19   Thumb Code    68  port.o(i.vPortEnterCritical)
    vPortExitCritical                        0x0800db91   Thumb Code    48  port.o(i.vPortExitCritical)
    vPortFree                                0x0800dbf1   Thumb Code   130  heap_4.o(i.vPortFree)
    vPortSetupTimerInterrupt                 0x0800dcb1   Thumb Code    36  port.o(i.vPortSetupTimerInterrupt)
    vQueueAddToRegistry                      0x0800dcd9   Thumb Code    84  queue.o(i.vQueueAddToRegistry)
    vQueueWaitForMessageRestricted           0x0800dd55   Thumb Code    74  queue.o(i.vQueueWaitForMessageRestricted)
    vTaskDelay                               0x0800dda1   Thumb Code    72  tasks.o(i.vTaskDelay)
    vTaskDelete                              0x0800de15   Thumb Code   200  tasks.o(i.vTaskDelete)
    vTaskInternalSetTimeOutState             0x0800df29   Thumb Code    14  tasks.o(i.vTaskInternalSetTimeOutState)
    vTaskMissedYield                         0x0800df41   Thumb Code     8  tasks.o(i.vTaskMissedYield)
    vTaskPlaceOnEventList                    0x0800df4d   Thumb Code    42  tasks.o(i.vTaskPlaceOnEventList)
    vTaskPlaceOnEventListRestricted          0x0800dfa1   Thumb Code    84  tasks.o(i.vTaskPlaceOnEventListRestricted)
    vTaskPriorityDisinheritAfterTimeout      0x0800e01d   Thumb Code   248  tasks.o(i.vTaskPriorityDisinheritAfterTimeout)
    vTaskResume                              0x0800e145   Thumb Code   170  tasks.o(i.vTaskResume)
    vTaskStartScheduler                      0x0800e225   Thumb Code   112  tasks.o(i.vTaskStartScheduler)
    vTaskSuspend                             0x0800e2d9   Thumb Code   214  tasks.o(i.vTaskSuspend)
    vTaskSuspendAll                          0x0800e3f5   Thumb Code    12  tasks.o(i.vTaskSuspendAll)
    vTaskSwitchContext                       0x0800e405   Thumb Code   110  tasks.o(i.vTaskSwitchContext)
    water_ctrl_OFF                           0x0800e4ad   Thumb Code    24  fire_phoenix_esc.o(i.water_ctrl_OFF)
    water_ctrl_off_pumping                   0x0800e4d5   Thumb Code    14  fire_phoenix_esc.o(i.water_ctrl_off_pumping)
    water_ctrl_off_release                   0x0800e4ed   Thumb Code    14  fire_phoenix_esc.o(i.water_ctrl_off_release)
    water_ctrl_pumping                       0x0800e505   Thumb Code    16  fire_phoenix_esc.o(i.water_ctrl_pumping)
    water_ctrl_release                       0x0800e51d   Thumb Code    16  fire_phoenix_esc.o(i.water_ctrl_release)
    wgs84_to_gcj02                           0x0800e535   Thumb Code   684  bsp_iot_bc20.o(i.wgs84_to_gcj02)
    xPortStartScheduler                      0x0800e815   Thumb Code   322  port.o(i.xPortStartScheduler)
    xQueueGenericCreate                      0x0800e9a1   Thumb Code    92  queue.o(i.xQueueGenericCreate)
    xQueueGenericReset                       0x0800ea21   Thumb Code   194  queue.o(i.xQueueGenericReset)
    xQueueGenericSend                        0x0800eb0d   Thumb Code   380  queue.o(i.xQueueGenericSend)
    xQueueReceive                            0x0800ecb1   Thumb Code   326  queue.o(i.xQueueReceive)
    xQueueSemaphoreTake                      0x0800ee21   Thumb Code   394  queue.o(i.xQueueSemaphoreTake)
    xTaskCheckForTimeOut                     0x0800efd5   Thumb Code   116  tasks.o(i.xTaskCheckForTimeOut)
    xTaskCreate                              0x0800f075   Thumb Code    96  tasks.o(i.xTaskCreate)
    xTaskGetSchedulerState                   0x0800f0d5   Thumb Code    24  tasks.o(i.xTaskGetSchedulerState)
    xTaskGetTickCount                        0x0800f0f5   Thumb Code     6  tasks.o(i.xTaskGetTickCount)
    xTaskIncrementTick                       0x0800f101   Thumb Code   388  tasks.o(i.xTaskIncrementTick)
    xTaskPriorityDisinherit                  0x0800f2d5   Thumb Code   206  tasks.o(i.xTaskPriorityDisinherit)
    xTaskPriorityInherit                     0x0800f3d5   Thumb Code   224  tasks.o(i.xTaskPriorityInherit)
    xTaskRemoveFromEventList                 0x0800f4c1   Thumb Code   254  tasks.o(i.xTaskRemoveFromEventList)
    xTaskResumeAll                           0x0800f5fd   Thumb Code   328  tasks.o(i.xTaskResumeAll)
    xTimerCreateTimerTask                    0x0800f78d   Thumb Code    54  timers.o(i.xTimerCreateTimerTask)
    __mathlib_zero                           0x0800f950   Data           8  qnan.o(.constdata)
    Region$$Table$$Base                      0x0800fc04   Number         0  anon$$obj.o(Region$$Table)
    Region$$Table$$Limit                     0x0800fc24   Number         0  anon$$obj.o(Region$$Table)
    SystemCoreClock                          0x20000000   Data           4  system_stm32f4xx.o(.data)
    AHBPrescTable                            0x20000004   Data          16  system_stm32f4xx.o(.data)
    Start_Handle                             0x20000024   Data           4  main.o(.data)
    IOT_Usart_Task_Handle                    0x20000028   Data           4  main.o(.data)
    Iot_Init_Task_Handle                     0x2000002c   Data           4  main.o(.data)
    Iot_Connect_Task_Handle                  0x20000030   Data           4  main.o(.data)
    Iot_Pubsh_Task_Handle                    0x20000034   Data           4  main.o(.data)
    Iot_Recv_Task_Handle                     0x20000038   Data           4  main.o(.data)
    Sensors_Processing_Task_Handle           0x2000003c   Data           4  main.o(.data)
    Route_Task_Handle                        0x20000040   Data           4  main.o(.data)
    Idel_Task_Handle                         0x20000044   Data           4  main.o(.data)
    Gps_Task_Handle                          0x20000048   Data           4  main.o(.data)
    Gps_Send_Task_Handle                     0x2000004c   Data           4  main.o(.data)
    Stable_Task_Handle                       0x20000050   Data           4  main.o(.data)
    Iot_Bin_Semaphore                        0x20000054   Data           4  main.o(.data)
    blockSize                                0x20000058   Data           4  main.o(.data)
    numBlocks                                0x2000005c   Data           4  main.o(.data)
    IWDG_REST_FLAG                           0x20000060   Data           1  main.o(.data)
    wgs_maplat                               0x20000068   Data           8  ship_route.o(.data)
    wgs_maplon                               0x20000070   Data           8  ship_route.o(.data)
    wgs_gpslat                               0x20000078   Data           8  ship_route.o(.data)
    wgs_gpslon                               0x20000080   Data           8  ship_route.o(.data)
    map_angle                                0x20000088   Data           8  ship_route.o(.data)
    origin_gpslat                            0x20000090   Data           8  ship_route.o(.data)
    origin_gpslon                            0x20000098   Data           8  ship_route.o(.data)
    stale_angle                              0x200000a0   Data           8  ship_route.o(.data)
    latQ                                     0x200000a8   Data           8  ship_route.o(.data)
    lonQ                                     0x200000b0   Data           8  ship_route.o(.data)
    latR                                     0x200000b8   Data           8  ship_route.o(.data)
    lonR                                     0x200000c0   Data           8  ship_route.o(.data)
    latX                                     0x200000c8   Data           8  ship_route.o(.data)
    latP                                     0x200000d0   Data           8  ship_route.o(.data)
    latK                                     0x200000d8   Data           8  ship_route.o(.data)
    lonX                                     0x200000e0   Data           8  ship_route.o(.data)
    lonP                                     0x200000e8   Data           8  ship_route.o(.data)
    lonK                                     0x200000f0   Data           8  ship_route.o(.data)
    Kp                                       0x200000f8   Data           8  ship_route.o(.data)
    Ki                                       0x20000100   Data           8  ship_route.o(.data)
    Kd                                       0x20000108   Data           8  ship_route.o(.data)
    angle_err_sum                            0x20000110   Data           8  ship_route.o(.data)
    angle_err_last                           0x20000118   Data           8  ship_route.o(.data)
    init_sleep                               0x20000120   Data           8  ship_route.o(.data)
    error_ave                                0x20000128   Data           8  ship_route.o(.data)
    error_cnt                                0x20000130   Data           8  ship_route.o(.data)
    f_sleep                                  0x20000138   Data           8  ship_route.o(.data)
    pid_error                                0x20000140   Data           8  ship_route.o(.data)
    ave_err_sum                              0x20000148   Data           8  ship_route.o(.data)
    pid_start                                0x20000150   Data           1  ship_route.o(.data)
    Curent_Angle                             0x20000158   Data           8  ship_route.o(.data)
    Compass_Check_t                          0x20000160   Data           1  ship_route.o(.data)
    Sensors_Check                            0x20000161   Data           1  ship_route.o(.data)
    Obstacle_Make                            0x20000162   Data           1  ship_route.o(.data)
    MAX_V                                    0x20000163   Data           1  ship_route.o(.data)
    disance                                  0x20000164   Data           4  ship_route.o(.data)
    cnt                                      0x20000168   Data           2  ship_route.o(.data)
    karm_status                              0x2000016a   Data           1  ship_route.o(.data)
    angle_error_status                       0x2000016b   Data           1  ship_route.o(.data)
    Ship_Status                              0x2000016c   Data           1  ship_route.o(.data)
    Pid_Status                               0x2000016d   Data           1  ship_route.o(.data)
    Auto_Behavior                            0x2000016e   Data           1  ship_route.o(.data)
    GPS_arr                                  0x20000180   Data         160  cyc_list.o(.data)
    My_List                                  0x20000220   Data           4  cyc_list.o(.data)
    stack_dfs                                0x20000224   Data           8  primx.o(.data)
    MAXN                                     0x2000022c   Data           4  primx.o(.data)
    INF                                      0x20000230   Data           4  primx.o(.data)
    res                                      0x20000234   Data           4  primx.o(.data)
    dfs_cnt                                  0x20000238   Data           4  primx.o(.data)
    Rxflag                                   0x2000023c   Data           7  bsp_debug_usart.o(.data)
    ucTemp                                   0x20000243   Data           7  bsp_debug_usart.o(.data)
    TDS                                      0x2000024a   Data           6  bsp_debug_usart.o(.data)
    TDS_flag                                 0x20000250   Data           1  bsp_debug_usart.o(.data)
    Iot_Pubsh_Semaphore                      0x20000258   Data           4  bsp_iot_bc20.o(.data)
    Recv_Mail_Queue                          0x2000025c   Data           4  bsp_iot_bc20.o(.data)
    current_link_platfrom                    0x20000260   Data           1  bsp_iot_bc20.o(.data)
    strx                                     0x20000264   Data           4  bsp_iot_bc20.o(.data)
    extstrx                                  0x20000268   Data           4  bsp_iot_bc20.o(.data)
    route_strx                               0x2000026c   Data           4  bsp_iot_bc20.o(.data)
    Gps_GNRMC                                0x20000270   Data          77  bsp_iot_bc20.o(.data)
    ship_removeMarkers                       0x200002bd   Data           1  bsp_iot_bc20.o(.data)
    ship_start                               0x200002be   Data           1  bsp_iot_bc20.o(.data)
    ship_removeallmarkers                    0x200002bf   Data           1  bsp_iot_bc20.o(.data)
    gps_flag                                 0x200002c0   Data           2  bsp_iot_bc20.o(.data)
    base_cnt                                 0x200002c2   Data           1  bsp_iot_bc20.o(.data)
    pi                                       0x200002c8   Data           8  bsp_iot_bc20.o(.data)
    ee                                       0x200002d0   Data           8  bsp_iot_bc20.o(.data)
    aa                                       0x200002d8   Data           8  bsp_iot_bc20.o(.data)
    arr1                                     0x200002e4   Data          16  bsp_sensors.o(.data)
    arr2                                     0x200002f4   Data          16  bsp_sensors.o(.data)
    millis                                   0x20000310   Data           4  hc_sr04.o(.data)
    t_fine                                   0x20000314   Data           4  bmp280.o(.data)
    pxCurrentTCB                             0x20000324   Data           4  tasks.o(.data)
    uxTopUsedPriority                        0x2000035c   Data           4  tasks.o(.data)
    __stdout                                 0x20000398   Data           4  stdout.o(.data)
    __microlib_freelist                      0x2000039c   Data           4  mvars.o(.data)
    __microlib_freelist_initialised          0x200003a0   Data           4  mvars.o(.data)
    send_gps                                 0x200003a8   Data          40  ship_route.o(.bss)
    send_battry                              0x200003d0   Data          40  ship_route.o(.bss)
    send_cpu_temp                            0x200003f8   Data          40  ship_route.o(.bss)
    gps_atstr                                0x20000420   Data          70  ship_route.o(.bss)
    Route_Msg                                0x20000468   Data         136  ship_route.o(.bss)
    ex_route                                 0x200004f0   Data          40  primx.o(.bss)
    un_greph                                 0x20000518   Data         412  primx.o(.bss)
    dfs_t                                    0x200006b4   Data          12  primx.o(.bss)
    smallest_tree_arr                        0x200006c0   Data          80  primx.o(.bss)
    dist                                     0x20000710   Data          40  primx.o(.bss)
    prim_wright                              0x20000738   Data          40  primx.o(.bss)
    book                                     0x20000760   Data          40  primx.o(.bss)
    atstr                                    0x20000788   Data         300  bsp_iot_bc20.o(.bss)
    send_json                                0x200008b4   Data         300  bsp_iot_bc20.o(.bss)
    sin_cqr                                  0x200009e0   Data          10  bsp_iot_bc20.o(.bss)
    strIOT_Fram_Record                       0x200009ea   Data         604  bsp_iot_bc20.o(.bss)
    strUSART_Fram_Record                     0x20000c46   Data         604  bsp_iot_bc20.o(.bss)
    Gps_Coordin                              0x20000ea8   Data          40  bsp_iot_bc20.o(.bss)
    Sensors_Msg                              0x20000ed0   Data          72  bsp_sensors.o(.bss)
    Source_Msg                               0x20000f18   Data          40  bsp_sensors.o(.bss)
    Gaussian_XYZ                             0x20000f40   Data          32  bsp_compass.o(.bss)
    Gaussian_Parameter                       0x20000f60   Data          32  bsp_compass.o(.bss)
    bmp280                                   0x20000f80   Data          24  bmp280.o(.bss)
    xQueueRegistry                           0x20000f98   Data          64  queue.o(.bss)
    __heap_base                              0x20008ae8   Data           0  startup_stm32f40xx.o(HEAP)
    __heap_limit                             0x20008ce8   Data           0  startup_stm32f40xx.o(HEAP)
    __initial_sp                             0x200090e8   Data           0  startup_stm32f40xx.o(STACK)



==============================================================================

Memory Map of the image

  Image Entry point : 0x08000189

  Load Region LR_IROM1 (Base: 0x08000000, Size: 0x0000ffcc, Max: 0x00100000, ABSOLUTE, COMPRESSED[0x0000fd24])

    Execution Region ER_IROM1 (Exec base: 0x08000000, Load base: 0x08000000, Size: 0x0000fc24, Max: 0x00100000, ABSOLUTE)

    Exec Addr    Load Addr    Size         Type   Attr      Idx    E Section Name        Object

    0x08000000   0x08000000   0x00000188   Data   RO            3    RESET               startup_stm32f40xx.o
    0x08000188   0x08000188   0x00000000   Code   RO         8271  * .ARM.Collect$$$$00000000  mc_w.l(entry.o)
    0x08000188   0x08000188   0x00000004   Code   RO         8654    .ARM.Collect$$$$00000001  mc_w.l(entry2.o)
    0x0800018c   0x0800018c   0x00000004   Code   RO         8657    .ARM.Collect$$$$00000004  mc_w.l(entry5.o)
    0x08000190   0x08000190   0x00000000   Code   RO         8659    .ARM.Collect$$$$00000008  mc_w.l(entry7b.o)
    0x08000190   0x08000190   0x00000000   Code   RO         8661    .ARM.Collect$$$$0000000A  mc_w.l(entry8b.o)
    0x08000190   0x08000190   0x00000008   Code   RO         8662    .ARM.Collect$$$$0000000B  mc_w.l(entry9a.o)
    0x08000198   0x08000198   0x00000000   Code   RO         8664    .ARM.Collect$$$$0000000D  mc_w.l(entry10a.o)
    0x08000198   0x08000198   0x00000000   Code   RO         8666    .ARM.Collect$$$$0000000F  mc_w.l(entry11a.o)
    0x08000198   0x08000198   0x00000004   Code   RO         8655    .ARM.Collect$$$$00002712  mc_w.l(entry2.o)
    0x0800019c   0x0800019c   0x000000be   Code   RO         6899    .emb_text           port.o
    0x0800025a   0x0800025a   0x00000002   PAD
    0x0800025c   0x0800025c   0x00000024   Code   RO            4    .text               startup_stm32f40xx.o
    0x08000280   0x08000280   0x00000024   Code   RO         8274    .text               mc_w.l(memcpya.o)
    0x080002a4   0x080002a4   0x00000024   Code   RO         8278    .text               mc_w.l(memseta.o)
    0x080002c8   0x080002c8   0x00000024   Code   RO         8280    .text               mc_w.l(strstr.o)
    0x080002ec   0x080002ec   0x0000000e   Code   RO         8282    .text               mc_w.l(strlen.o)
    0x080002fa   0x080002fa   0x00000012   Code   RO         8284    .text               mc_w.l(strcpy.o)
    0x0800030c   0x0800030c   0x0000001e   Code   RO         8286    .text               mc_w.l(strncmp.o)
    0x0800032a   0x0800032a   0x0000014e   Code   RO         8579    .text               mf_w.l(dadd.o)
    0x08000478   0x08000478   0x000000e4   Code   RO         8581    .text               mf_w.l(dmul.o)
    0x0800055c   0x0800055c   0x000000de   Code   RO         8583    .text               mf_w.l(ddiv.o)
    0x0800063a   0x0800063a   0x00000022   Code   RO         8587    .text               mf_w.l(dflti.o)
    0x0800065c   0x0800065c   0x0000001a   Code   RO         8589    .text               mf_w.l(dfltui.o)
    0x08000676   0x08000676   0x0000003e   Code   RO         8591    .text               mf_w.l(dfixi.o)
    0x080006b4   0x080006b4   0x00000032   Code   RO         8593    .text               mf_w.l(dfixui.o)
    0x080006e6   0x080006e6   0x00000002   PAD
    0x080006e8   0x080006e8   0x00000030   Code   RO         8595    .text               mf_w.l(cdcmple.o)
    0x08000718   0x08000718   0x00000030   Code   RO         8597    .text               mf_w.l(cdrcmple.o)
    0x08000748   0x08000748   0x00000038   Code   RO         8599    .text               mf_w.l(d2f.o)
    0x08000780   0x08000780   0x0000002c   Code   RO         8669    .text               mc_w.l(uidiv.o)
    0x080007ac   0x080007ac   0x00000062   Code   RO         8671    .text               mc_w.l(uldiv.o)
    0x0800080e   0x0800080e   0x0000001e   Code   RO         8673    .text               mc_w.l(llshl.o)
    0x0800082c   0x0800082c   0x00000020   Code   RO         8675    .text               mc_w.l(llushr.o)
    0x0800084c   0x0800084c   0x00000024   Code   RO         8677    .text               mc_w.l(llsshr.o)
    0x08000870   0x08000870   0x00000000   Code   RO         8688    .text               mc_w.l(iusefp.o)
    0x08000870   0x08000870   0x0000006e   Code   RO         8689    .text               mf_w.l(fepilogue.o)
    0x080008de   0x080008de   0x000000ba   Code   RO         8691    .text               mf_w.l(depilogue.o)
    0x08000998   0x08000998   0x0000002e   Code   RO         8693    .text               mf_w.l(dscalb.o)
    0x080009c6   0x080009c6   0x000000a2   Code   RO         8695    .text               mf_w.l(dsqrt.o)
    0x08000a68   0x08000a68   0x00000030   Code   RO         8697    .text               mf_w.l(dfixul.o)
    0x08000a98   0x08000a98   0x00000024   Code   RO         8699    .text               mc_w.l(init.o)
    0x08000abc   0x08000abc   0x00000056   Code   RO         8709    .text               mc_w.l(__dczerorl2.o)
    0x08000b12   0x08000b12   0x00000016   Code   RO          213    i.ADC_Cmd           stm32f4xx_adc.o
    0x08000b28   0x08000b28   0x00000030   Code   RO          214    i.ADC_CommonInit    stm32f4xx_adc.o
    0x08000b58   0x08000b58   0x00000008   Code   RO          225    i.ADC_GetConversionValue  stm32f4xx_adc.o
    0x08000b60   0x08000b60   0x00000012   Code   RO          226    i.ADC_GetFlagStatus  stm32f4xx_adc.o
    0x08000b72   0x08000b72   0x00000002   PAD
    0x08000b74   0x08000b74   0x00000054   Code   RO          233    i.ADC_Init          stm32f4xx_adc.o
    0x08000bc8   0x08000bc8   0x000000b8   Code   RO          238    i.ADC_RegularChannelConfig  stm32f4xx_adc.o
    0x08000c80   0x08000c80   0x0000000a   Code   RO          240    i.ADC_SoftwareStartConv  stm32f4xx_adc.o
    0x08000c8a   0x08000c8a   0x00000014   Code   RO          242    i.ADC_StructInit    stm32f4xx_adc.o
    0x08000c9e   0x08000c9e   0x00000002   PAD
    0x08000ca0   0x08000ca0   0x0000002c   Code   RO          243    i.ADC_TempSensorVrefintCmd  stm32f4xx_adc.o
    0x08000ccc   0x08000ccc   0x00000060   Code   RO         5099    i.Angle             ship_route.o
    0x08000d2c   0x08000d2c   0x0000001c   Code   RO         6745    i.BMP280_GetStatus  bmp280.o
    0x08000d48   0x08000d48   0x00000094   Code   RO         6746    i.BMP280_Get_Pressure  bmp280.o
    0x08000ddc   0x08000ddc   0x0000001e   Code   RO         6748    i.BMP280_Set_Standby_FILTER  bmp280.o
    0x08000dfa   0x08000dfa   0x0000001e   Code   RO         6749    i.BMP280_Set_TemOversamp  bmp280.o
    0x08000e18   0x08000e18   0x00000040   Code   RO         6662    i.BMP_IIC_Ack       iic.o
    0x08000e58   0x08000e58   0x00000044   Code   RO         6663    i.BMP_IIC_GPIO_Init  iic.o
    0x08000e9c   0x08000e9c   0x00000040   Code   RO         6664    i.BMP_IIC_No_Ack    iic.o
    0x08000edc   0x08000edc   0x0000005c   Code   RO         6665    i.BMP_IIC_Read_Byte  iic.o
    0x08000f38   0x08000f38   0x00000040   Code   RO         6666    i.BMP_IIC_Start     iic.o
    0x08000f78   0x08000f78   0x00000040   Code   RO         6667    i.BMP_IIC_Stop      iic.o
    0x08000fb8   0x08000fb8   0x0000005c   Code   RO         6668    i.BMP_IIC_Wait_Ack  iic.o
    0x08001014   0x08001014   0x00000058   Code   RO         6669    i.BMP_IIC_WriteByte  iic.o
    0x0800106c   0x0800106c   0x000001a8   Code   RO         6750    i.BMP_Init          bmp280.o
    0x08001214   0x08001214   0x00000056   Code   RO         6751    i.BMP_Read_Byte     bmp280.o
    0x0800126a   0x0800126a   0x00000046   Code   RO         6755    i.BMP_Write_Byte    bmp280.o
    0x080012b0   0x080012b0   0x0000003c   Code   RO         6127    i.BUZZER_Init       fire_phoenix_esc.o
    0x080012ec   0x080012ec   0x00000028   Code   RO         6128    i.BUZZER_OFF        fire_phoenix_esc.o
    0x08001314   0x08001314   0x0000000a   Code   RO         6400    i.Battery_Init      battery.o
    0x0800131e   0x0800131e   0x00000002   PAD
    0x08001320   0x08001320   0x000000c0   Code   RO         4828    i.Bsp_Init          main.o
    0x080013e0   0x080013e0   0x00000004   Code   RO         5020    i.BusFault_Handler  stm32f4xx_it.o
    0x080013e4   0x080013e4   0x0000001a   Code   RO         5996    i.Check_Device      bsp_compass.o
    0x080013fe   0x080013fe   0x00000002   PAD
    0x08001400   0x08001400   0x00000014   Code   RO         5776    i.Clear_Buffer      bsp_iot_bc20.o
    0x08001414   0x08001414   0x00000050   Code   RO         5997    i.Compass_Init      bsp_compass.o
    0x08001464   0x08001464   0x00000674   Code   RO         5100    i.Compass_check     ship_route.o
    0x08001ad8   0x08001ad8   0x00000328   Code   RO         5317    i.Creat_List        cyc_list.o
    0x08001e00   0x08001e00   0x00000050   Code   RO         6583    i.DHT11_Check       dht11.o
    0x08001e50   0x08001e50   0x00000038   Code   RO         6584    i.DHT11_IO_IN       dht11.o
    0x08001e88   0x08001e88   0x00000034   Code   RO         6585    i.DHT11_IO_OUT      dht11.o
    0x08001ebc   0x08001ebc   0x00000048   Code   RO         6586    i.DHT11_Init        dht11.o
    0x08001f04   0x08001f04   0x0000004c   Code   RO         6587    i.DHT11_Read_Bit    dht11.o
    0x08001f50   0x08001f50   0x0000001e   Code   RO         6588    i.DHT11_Read_Byte   dht11.o
    0x08001f6e   0x08001f6e   0x00000058   Code   RO         6589    i.DHT11_Read_Data   dht11.o
    0x08001fc6   0x08001fc6   0x00000002   PAD
    0x08001fc8   0x08001fc8   0x0000002c   Code   RO         6590    i.DHT11_Rst         dht11.o
    0x08001ff4   0x08001ff4   0x00000002   Code   RO         5021    i.DebugMon_Handler  stm32f4xx_it.o
    0x08001ff6   0x08001ff6   0x00000002   PAD
    0x08001ff8   0x08001ff8   0x000000b4   Code   RO         5653    i.Debug_USART_Config  bsp_debug_usart.o
    0x080020ac   0x080020ac   0x0000000c   Code   RO         5654    i.Dev_USART_Init    bsp_debug_usart.o
    0x080020b8   0x080020b8   0x000000a0   Code   RO         5102    i.Distance          ship_route.o
    0x08002158   0x08002158   0x00000030   Code   RO         5319    i.Free_List         cyc_list.o
    0x08002188   0x08002188   0x00000090   Code   RO         1899    i.GPIO_Init         stm32f4xx_gpio.o
    0x08002218   0x08002218   0x00000046   Code   RO         1900    i.GPIO_PinAFConfig  stm32f4xx_gpio.o
    0x0800225e   0x0800225e   0x00000012   Code   RO         1903    i.GPIO_ReadInputDataBit  stm32f4xx_gpio.o
    0x08002270   0x08002270   0x00000004   Code   RO         1906    i.GPIO_ResetBits    stm32f4xx_gpio.o
    0x08002274   0x08002274   0x00000004   Code   RO         1907    i.GPIO_SetBits      stm32f4xx_gpio.o
    0x08002278   0x08002278   0x0000000a   Code   RO         1911    i.GPIO_WriteBit     stm32f4xx_gpio.o
    0x08002282   0x08002282   0x00000002   PAD
    0x08002284   0x08002284   0x00000030   Code   RO         6282    i.Get_ADC_Value     bsp_adc.o
    0x080022b4   0x080022b4   0x000000cc   Code   RO         6402    i.Get_EmqxBattery_value  battery.o
    0x08002380   0x08002380   0x00000478   Code   RO         5777    i.Get_GPS_CJ02      bsp_iot_bc20.o
    0x080027f8   0x080027f8   0x00000032   Code   RO         6869    i.Get_Light_value   light.o
    0x0800282a   0x0800282a   0x00000002   PAD
    0x0800282c   0x0800282c   0x00000090   Code   RO         6252    i.Get_NTU_value     ntu.o
    0x080028bc   0x080028bc   0x000000a4   Code   RO         6370    i.Get_PH_Value      ph_sensor.o
    0x08002960   0x08002960   0x000000d0   Code   RO         6283    i.Get_Temprate      bsp_adc.o
    0x08002a30   0x08002a30   0x000000cc   Code   RO         5103    i.Gps_Send_Task     ship_route.o
    0x08002afc   0x08002afc   0x00000178   Code   RO         5104    i.Gps_Task          ship_route.o
    0x08002c74   0x08002c74   0x00000058   Code   RO         5998    i.HMC5883L_ReadNByte  bsp_compass.o
    0x08002ccc   0x08002ccc   0x000000d8   Code   RO         5999    i.HMC5883L_Read_XYZ  bsp_compass.o
    0x08002da4   0x08002da4   0x0000002e   Code   RO         6000    i.HMC5883L_WriteOneByte  bsp_compass.o
    0x08002dd2   0x08002dd2   0x00000002   PAD
    0x08002dd4   0x08002dd4   0x0000005c   Code   RO         5022    i.HardFault_Handler  stm32f4xx_it.o
    0x08002e30   0x08002e30   0x00000050   Code   RO         6053    i.IIC_Ack           dev_iic.o
    0x08002e80   0x08002e80   0x0000004c   Code   RO         6054    i.IIC_Init          dev_iic.o
    0x08002ecc   0x08002ecc   0x00000048   Code   RO         6055    i.IIC_No_Ack        dev_iic.o
    0x08002f14   0x08002f14   0x00000050   Code   RO         6056    i.IIC_Read_Byte     dev_iic.o
    0x08002f64   0x08002f64   0x00000074   Code   RO         6057    i.IIC_Send_Byte     dev_iic.o
    0x08002fd8   0x08002fd8   0x00000034   Code   RO         6058    i.IIC_Start         dev_iic.o
    0x0800300c   0x0800300c   0x00000040   Code   RO         6059    i.IIC_Stop          dev_iic.o
    0x0800304c   0x0800304c   0x00000070   Code   RO         6060    i.IIC_Wait_Ack      dev_iic.o
    0x080030bc   0x080030bc   0x00000026   Code   RO         5655    i.IOT_NVIC_Configuration  bsp_debug_usart.o
    0x080030e2   0x080030e2   0x00000002   PAD
    0x080030e4   0x080030e4   0x000000b4   Code   RO         5656    i.IOT_USART_Config  bsp_debug_usart.o
    0x08003198   0x08003198   0x00000374   Code   RO         5778    i.IOT_Usart_Task    bsp_iot_bc20.o
    0x0800350c   0x0800350c   0x00000010   Code   RO         2414    i.IWDG_Enable       stm32f4xx_iwdg.o
    0x0800351c   0x0800351c   0x00000024   Code   RO         6436    i.IWDG_Init         iwdg.o
    0x08003540   0x08003540   0x00000010   Code   RO         2416    i.IWDG_ReloadCounter  stm32f4xx_iwdg.o
    0x08003550   0x08003550   0x0000000c   Code   RO         2417    i.IWDG_SetPrescaler  stm32f4xx_iwdg.o
    0x0800355c   0x0800355c   0x0000000c   Code   RO         2418    i.IWDG_SetReload    stm32f4xx_iwdg.o
    0x08003568   0x08003568   0x0000000c   Code   RO         2419    i.IWDG_WriteAccessCmd  stm32f4xx_iwdg.o
    0x08003574   0x08003574   0x0000030c   Code   RO         5105    i.Idel_Task         ship_route.o
    0x08003880   0x08003880   0x000001e4   Code   RO         5779    i.Iot_Connet_ALIYUN_Task  bsp_iot_bc20.o
    0x08003a64   0x08003a64   0x0000022c   Code   RO         5780    i.Iot_Init_Task     bsp_iot_bc20.o
    0x08003c90   0x08003c90   0x00000170   Code   RO         5781    i.Iot_Pubsh_Task    bsp_iot_bc20.o
    0x08003e00   0x08003e00   0x00000144   Code   RO         5782    i.Iot_Recv_Task     bsp_iot_bc20.o
    0x08003f44   0x08003f44   0x0000001c   Code   RO         5783    i.Iot_Send_AT       bsp_iot_bc20.o
    0x08003f60   0x08003f60   0x0000016c   Code   RO         6334    i.JXCT_TDS_Get_TDS  jxct_tds.o
    0x080040cc   0x080040cc   0x00000008   Code   RO         6335    i.JXCT_TDS_Init     jxct_tds.o
    0x080040d4   0x080040d4   0x0000000a   Code   RO         6870    i.Light_Init        light.o
    0x080040de   0x080040de   0x00000002   PAD
    0x080040e0   0x080040e0   0x00000db4   Code   RO         5106    i.LongLat2XY        ship_route.o
    0x08004e94   0x08004e94   0x0000000a   Code   RO         6284    i.MCU_temp_init     bsp_adc.o
    0x08004e9e   0x08004e9e   0x00000002   PAD
    0x08004ea0   0x08004ea0   0x000000ac   Code   RO         5107    i.Map_Cj02_to_Wgs   ship_route.o
    0x08004f4c   0x08004f4c   0x00000004   Code   RO         5023    i.MemManage_Handler  stm32f4xx_it.o
    0x08004f50   0x08004f50   0x00000080   Code   RO         5369    i.Minimum_Spanning_Tree  primx.o
    0x08004fd0   0x08004fd0   0x00000064   Code   RO         5108    i.Mqttaemqx_battry  ship_route.o
    0x08005034   0x08005034   0x00000064   Code   RO         5109    i.Mqttaemqx_cpu_temp  ship_route.o
    0x08005098   0x08005098   0x00000074   Code   RO         5110    i.Mqttaemqx_gpsdata  ship_route.o
    0x0800510c   0x0800510c   0x000000a4   Code   RO         5784    i.Mqttaliyun_Savedata  bsp_iot_bc20.o
    0x080051b0   0x080051b0   0x00000054   Code   RO         6437    i.My_IWDG_ReloadCounter  iwdg.o
    0x08005204   0x08005204   0x00000002   Code   RO         5024    i.NMI_Handler       stm32f4xx_it.o
    0x08005206   0x08005206   0x0000000a   Code   RO         6253    i.NTU_Init          ntu.o
    0x08005210   0x08005210   0x00000026   Code   RO         5657    i.NVIC_Configuration  bsp_debug_usart.o
    0x08005236   0x08005236   0x00000026   Code   RO         6525    i.NVIC_Configuration  hc_sr04.o
    0x0800525c   0x0800525c   0x00000078   Code   RO          155    i.NVIC_Init         misc.o
    0x080052d4   0x080052d4   0x00000014   Code   RO          156    i.NVIC_PriorityGroupConfig  misc.o
    0x080052e8   0x080052e8   0x0000000a   Code   RO         6371    i.PH_sensor_Init    ph_sensor.o
    0x080052f2   0x080052f2   0x00000002   PAD
    0x080052f4   0x080052f4   0x00000354   Code   RO         5111    i.Pid_Frow          ship_route.o
    0x08005648   0x08005648   0x0000030c   Code   RO         5112    i.Pid_Rotate        ship_route.o
    0x08005954   0x08005954   0x000001fc   Code   RO         5113    i.Prgmc_to_Wgs      ship_route.o
    0x08005b50   0x08005b50   0x00000020   Code   RO         2624    i.RCC_AHB1PeriphClockCmd  stm32f4xx_rcc.o
    0x08005b70   0x08005b70   0x00000020   Code   RO         2633    i.RCC_APB1PeriphClockCmd  stm32f4xx_rcc.o
    0x08005b90   0x08005b90   0x00000020   Code   RO         2636    i.RCC_APB2PeriphClockCmd  stm32f4xx_rcc.o
    0x08005bb0   0x08005bb0   0x00000020   Code   RO         2638    i.RCC_APB2PeriphResetCmd  stm32f4xx_rcc.o
    0x08005bd0   0x08005bd0   0x000000e8   Code   RO         2645    i.RCC_GetClocksFreq  stm32f4xx_rcc.o
    0x08005cb8   0x08005cb8   0x00000084   Code   RO         6130    i.RZ7888_Init       fire_phoenix_esc.o
    0x08005d3c   0x08005d3c   0x00000154   Code   RO         6285    i.Rheostat_ADC_GPIO_Config  bsp_adc.o
    0x08005e90   0x08005e90   0x00000070   Code   RO         6286    i.Rheostat_ADC_Mode_Config  bsp_adc.o
    0x08005f00   0x08005f00   0x00000014   Code   RO         6287    i.Rheostat_Init     bsp_adc.o
    0x08005f14   0x08005f14   0x00000ff0   Code   RO         5114    i.Route_Task        ship_route.o
    0x08006f04   0x08006f04   0x0000002c   Code   RO         6670    i.SDA_IN            iic.o
    0x08006f30   0x08006f30   0x0000002c   Code   RO         6671    i.SDA_OUT           iic.o
    0x08006f5c   0x08006f5c   0x00000438   Code   RO         5959    i.Sensores_Data_Proessing  bsp_sensors.o
    0x08007394   0x08007394   0x000000ac   Code   RO         5785    i.Sensors_Processing_Task  bsp_iot_bc20.o
    0x08007440   0x08007440   0x000000ec   Code   RO           13    i.SetSysClock       system_stm32f4xx.o
    0x0800752c   0x0800752c   0x0000004c   Code   RO         6526    i.Sr04_Init         hc_sr04.o
    0x08007578   0x08007578   0x000001f4   Code   RO         4829    i.Start_Task        main.o
    0x0800776c   0x0800776c   0x00000034   Code   RO         6900    i.SysTick_Handler   port.o
    0x080077a0   0x080077a0   0x00000068   Code   RO           15    i.SystemInit        system_stm32f4xx.o
    0x08007808   0x08007808   0x00000028   Code   RO         5658    i.TDS_NVIC_Configuration  bsp_debug_usart.o
    0x08007830   0x08007830   0x000000a8   Code   RO         5659    i.TDS_USART_Config  bsp_debug_usart.o
    0x080078d8   0x080078d8   0x00000028   Code   RO         6527    i.TIM4_IRQHandler   hc_sr04.o
    0x08007900   0x08007900   0x00000018   Code   RO         4008    i.TIM_ARRPreloadConfig  stm32f4xx_tim.o
    0x08007918   0x08007918   0x00000006   Code   RO         4015    i.TIM_ClearITPendingBit  stm32f4xx_tim.o
    0x0800791e   0x0800791e   0x00000018   Code   RO         4020    i.TIM_Cmd           stm32f4xx_tim.o
    0x08007936   0x08007936   0x00000022   Code   RO         4041    i.TIM_GetITStatus   stm32f4xx_tim.o
    0x08007958   0x08007958   0x00000012   Code   RO         4045    i.TIM_ITConfig      stm32f4xx_tim.o
    0x0800796a   0x0800796a   0x00000002   PAD
    0x0800796c   0x0800796c   0x0000007c   Code   RO         4049    i.TIM_OC1Init       stm32f4xx_tim.o
    0x080079e8   0x080079e8   0x00000012   Code   RO         4052    i.TIM_OC1PreloadConfig  stm32f4xx_tim.o
    0x080079fa   0x080079fa   0x00000004   Code   RO         4082    i.TIM_SetCompare1   stm32f4xx_tim.o
    0x080079fe   0x080079fe   0x00000002   PAD
    0x08007a00   0x08007a00   0x00000084   Code   RO         4092    i.TIM_TimeBaseInit  stm32f4xx_tim.o
    0x08007a84   0x08007a84   0x00000084   Code   RO         5660    i.USART1_IRQHandler  bsp_debug_usart.o
    0x08007b08   0x08007b08   0x000000c8   Code   RO         5661    i.USART2_IRQHandler  bsp_debug_usart.o
    0x08007bd0   0x08007bd0   0x00000080   Code   RO         5662    i.USART3_IRQHandler  bsp_debug_usart.o
    0x08007c50   0x08007c50   0x0000001e   Code   RO         4571    i.USART_ClearITPendingBit  stm32f4xx_usart.o
    0x08007c6e   0x08007c6e   0x00000018   Code   RO         4574    i.USART_Cmd         stm32f4xx_usart.o
    0x08007c86   0x08007c86   0x0000001a   Code   RO         4577    i.USART_GetFlagStatus  stm32f4xx_usart.o
    0x08007ca0   0x08007ca0   0x00000054   Code   RO         4578    i.USART_GetITStatus  stm32f4xx_usart.o
    0x08007cf4   0x08007cf4   0x0000004a   Code   RO         4580    i.USART_ITConfig    stm32f4xx_usart.o
    0x08007d3e   0x08007d3e   0x00000002   PAD
    0x08007d40   0x08007d40   0x000000d4   Code   RO         4581    i.USART_Init        stm32f4xx_usart.o
    0x08007e14   0x08007e14   0x0000000a   Code   RO         4588    i.USART_ReceiveData  stm32f4xx_usart.o
    0x08007e1e   0x08007e1e   0x00000008   Code   RO         4591    i.USART_SendData    stm32f4xx_usart.o
    0x08007e26   0x08007e26   0x00000106   Code   RO         5663    i.USART_printf      bsp_debug_usart.o
    0x08007f2c   0x08007f2c   0x00000004   Code   RO         5025    i.UsageFault_Handler  stm32f4xx_it.o
    0x08007f30   0x08007f30   0x0000001e   Code   RO         5664    i.Usart_SendByte    bsp_debug_usart.o
    0x08007f4e   0x08007f4e   0x0000002a   Code   RO         5665    i.Usart_SendString  bsp_debug_usart.o
    0x08007f78   0x08007f78   0x0000000a   Code   RO         6469    i.Water_Init        water.o
    0x08007f82   0x08007f82   0x00000002   PAD
    0x08007f84   0x08007f84   0x00000020   Code   RO         8523    i.__0printf         mc_w.l(printfa.o)
    0x08007fa4   0x08007fa4   0x00000028   Code   RO         8525    i.__0sprintf        mc_w.l(printfa.o)
    0x08007fcc   0x08007fcc   0x00000030   Code   RO         8632    i.__ARM_fpclassify  m_wm.l(fpclassify.o)
    0x08007ffc   0x08007ffc   0x00000004   PAD
    0x08008000   0x08008000   0x000002d8   Code   RO         8601    i.__hardfp_atan     m_wm.l(atan.o)
    0x080082d8   0x080082d8   0x000001f0   Code   RO         8191    i.__hardfp_atan2    m_wm.l(atan2.o)
    0x080084c8   0x080084c8   0x000000c8   Code   RO         8203    i.__hardfp_cos      m_wm.l(cos.o)
    0x08008590   0x08008590   0x00000014   Code   RO         8215    i.__hardfp_fabs     m_wm.l(fabs.o)
    0x080085a4   0x080085a4   0x00000004   PAD
    0x080085a8   0x080085a8   0x00000c38   Code   RO         8221    i.__hardfp_pow      m_wm.l(pow.o)
    0x080091e0   0x080091e0   0x000000c8   Code   RO         8235    i.__hardfp_sin      m_wm.l(sin.o)
    0x080092a8   0x080092a8   0x0000007a   Code   RO         8247    i.__hardfp_sqrt     m_wm.l(sqrt.o)
    0x08009322   0x08009322   0x00000006   PAD
    0x08009328   0x08009328   0x00000080   Code   RO         8259    i.__hardfp_tan      m_wm.l(tan.o)
    0x080093a8   0x080093a8   0x00000438   Code   RO         8637    i.__ieee754_rem_pio2  m_wm.l(rred.o)
    0x080097e0   0x080097e0   0x00000170   Code   RO         8615    i.__kernel_cos      m_wm.l(cos_i.o)
    0x08009950   0x08009950   0x000000f8   Code   RO         8634    i.__kernel_poly     m_wm.l(poly.o)
    0x08009a48   0x08009a48   0x00000130   Code   RO         8642    i.__kernel_sin      m_wm.l(sin_i.o)
    0x08009b78   0x08009b78   0x00000350   Code   RO         8648    i.__kernel_tan      m_wm.l(tan_i.o)
    0x08009ec8   0x08009ec8   0x00000030   Code   RO         8618    i.__mathlib_dbl_divzero  m_wm.l(dunder.o)
    0x08009ef8   0x08009ef8   0x00000014   Code   RO         8619    i.__mathlib_dbl_infnan  m_wm.l(dunder.o)
    0x08009f0c   0x08009f0c   0x00000014   Code   RO         8620    i.__mathlib_dbl_infnan2  m_wm.l(dunder.o)
    0x08009f20   0x08009f20   0x00000020   Code   RO         8621    i.__mathlib_dbl_invalid  m_wm.l(dunder.o)
    0x08009f40   0x08009f40   0x00000020   Code   RO         8622    i.__mathlib_dbl_overflow  m_wm.l(dunder.o)
    0x08009f60   0x08009f60   0x00000020   Code   RO         8624    i.__mathlib_dbl_underflow  m_wm.l(dunder.o)
    0x08009f80   0x08009f80   0x0000000e   Code   RO         8703    i.__scatterload_copy  mc_w.l(handlers.o)
    0x08009f8e   0x08009f8e   0x00000002   Code   RO         8704    i.__scatterload_null  mc_w.l(handlers.o)
    0x08009f90   0x08009f90   0x0000000e   Code   RO         8705    i.__scatterload_zeroinit  mc_w.l(handlers.o)
    0x08009f9e   0x08009f9e   0x00000002   PAD
    0x08009fa0   0x08009fa0   0x0000000c   Code   RO         8683    i.__set_errno       mc_w.l(errno.o)
    0x08009fac   0x08009fac   0x00000164   Code   RO         8530    i._fp_digits        mc_w.l(printfa.o)
    0x0800a110   0x0800a110   0x000006dc   Code   RO         8531    i._printf_core      mc_w.l(printfa.o)
    0x0800a7ec   0x0800a7ec   0x00000024   Code   RO         8532    i._printf_post_padding  mc_w.l(printfa.o)
    0x0800a810   0x0800a810   0x0000002e   Code   RO         8533    i._printf_pre_padding  mc_w.l(printfa.o)
    0x0800a83e   0x0800a83e   0x0000000a   Code   RO         8535    i._sputc            mc_w.l(printfa.o)
    0x0800a848   0x0800a848   0x0000005c   Code   RO         5370    i.add_edge          primx.o
    0x0800a8a4   0x0800a8a4   0x00000010   Code   RO         8603    i.atan              m_wm.l(atan.o)
    0x0800a8b4   0x0800a8b4   0x00000110   Code   RO         5115    i.atofx             ship_route.o
    0x0800a9c4   0x0800a9c4   0x00000328   Code   RO         6759    i.bmp280_compensate_P_double  bmp280.o
    0x0800acec   0x0800acec   0x00000074   Code   RO         6133    i.ch_ctrl_init      fire_phoenix_esc.o
    0x0800ad60   0x0800ad60   0x00000070   Code   RO         5116    i.convert_to_compass  ship_route.o
    0x0800add0   0x0800add0   0x00000010   Code   RO         6672    i.delay_us          iic.o
    0x0800ade0   0x0800ade0   0x00000074   Code   RO         5371    i.dfs               primx.o
    0x0800ae54   0x0800ae54   0x00000068   Code   RO         5372    i.dfs_init          primx.o
    0x0800aebc   0x0800aebc   0x00000014   Code   RO         6591    i.dht11_delay_ms    dht11.o
    0x0800aed0   0x0800aed0   0x00000014   Code   RO         6592    i.dht11_delay_us    dht11.o
    0x0800aee4   0x0800aee4   0x00000018   Code   RO         8217    i.fabs              m_wm.l(fabs.o)
    0x0800aefc   0x0800aefc   0x00000038   Code   RO         5787    i.find_and_copy     bsp_iot_bc20.o
    0x0800af34   0x0800af34   0x0000003c   Code   RO         5788    i.find_string       bsp_iot_bc20.o
    0x0800af70   0x0800af70   0x0000013c   Code   RO         6134    i.fire_phonenix_esc_init  fire_phoenix_esc.o
    0x0800b0ac   0x0800b0ac   0x00000024   Code   RO         5667    i.fputc             bsp_debug_usart.o
    0x0800b0d0   0x0800b0d0   0x00000050   Code   RO         8551    i.free              mc_w.l(malloc.o)
    0x0800b120   0x0800b120   0x00000078   Code   RO         5373    i.free_graph        primx.o
    0x0800b198   0x0800b198   0x0000034c   Code   RO         5789    i.gcj02_to_wgs84    bsp_iot_bc20.o
    0x0800b4e4   0x0800b4e4   0x0000017c   Code   RO         5374    i.generateCompleteGraph  primx.o
    0x0800b660   0x0800b660   0x0000002c   Code   RO         5117    i.get_angle_error   ship_route.o
    0x0800b68c   0x0800b68c   0x0000000e   Code   RO         6061    i.i2c_Delay         dev_iic.o
    0x0800b69a   0x0800b69a   0x00000002   PAD
    0x0800b69c   0x0800b69c   0x0000007c   Code   RO         5375    i.init_list_graph   primx.o
    0x0800b718   0x0800b718   0x00000048   Code   RO         5376    i.init_prim         primx.o
    0x0800b760   0x0800b760   0x00000062   Code   RO         5668    i.itoa              bsp_debug_usart.o
    0x0800b7c2   0x0800b7c2   0x00000002   PAD
    0x0800b7c4   0x0800b7c4   0x000000f0   Code   RO         5118    i.kalman_filter_lat  ship_route.o
    0x0800b8b4   0x0800b8b4   0x000000f0   Code   RO         5119    i.kalman_filter_lon  ship_route.o
    0x0800b9a4   0x0800b9a4   0x000001fc   Code   RO         5790    i.link_platfrom_f   bsp_iot_bc20.o
    0x0800bba0   0x0800bba0   0x00000074   Code   RO         4831    i.main              main.o
    0x0800bc14   0x0800bc14   0x0000006c   Code   RO         8552    i.malloc            mc_w.l(malloc.o)
    0x0800bc80   0x0800bc80   0x0000000e   Code   RO         5377    i.min               primx.o
    0x0800bc8e   0x0800bc8e   0x00000002   PAD
    0x0800bc90   0x0800bc90   0x000000a4   Code   RO         5791    i.out_of_china      bsp_iot_bc20.o
    0x0800bd34   0x0800bd34   0x000002d0   Code   RO         5120    i.pid_control       ship_route.o
    0x0800c004   0x0800c004   0x00000090   Code   RO         5121    i.pid_f_init        ship_route.o
    0x0800c094   0x0800c094   0x000000b4   Code   RO         5122    i.pid_init          ship_route.o
    0x0800c148   0x0800c148   0x0000014c   Code   RO         5379    i.prim              primx.o
    0x0800c294   0x0800c294   0x00000090   Code   RO         5380    i.print_dfs_result  primx.o
    0x0800c324   0x0800c324   0x00000060   Code   RO         5381    i.print_graph       primx.o
    0x0800c384   0x0800c384   0x0000004c   Code   RO         5382    i.print_matrix_graph  primx.o
    0x0800c3d0   0x0800c3d0   0x000000c0   Code   RO         7580    i.prvAddCurrentTaskToDelayedList  tasks.o
    0x0800c490   0x0800c490   0x000000ec   Code   RO         7581    i.prvAddNewTaskToReadyList  tasks.o
    0x0800c57c   0x0800c57c   0x00000064   Code   RO         7965    i.prvCheckForValidListAndQueue  timers.o
    0x0800c5e0   0x0800c5e0   0x00000048   Code   RO         7582    i.prvCheckTasksWaitingTermination  tasks.o
    0x0800c628   0x0800c628   0x0000002a   Code   RO         7353    i.prvCopyDataFromQueue  queue.o
    0x0800c652   0x0800c652   0x0000007e   Code   RO         7354    i.prvCopyDataToQueue  queue.o
    0x0800c6d0   0x0800c6d0   0x00000012   Code   RO         7583    i.prvDeleteTCB      tasks.o
    0x0800c6e2   0x0800c6e2   0x00000014   Code   RO         7355    i.prvGetDisinheritPriorityAfterTimeout  queue.o
    0x0800c6f6   0x0800c6f6   0x00000002   PAD
    0x0800c6f8   0x0800c6f8   0x00000028   Code   RO         7966    i.prvGetNextExpireTime  timers.o
    0x0800c720   0x0800c720   0x0000007c   Code   RO         8127    i.prvHeapInit       heap_4.o
    0x0800c79c   0x0800c79c   0x00000028   Code   RO         7584    i.prvIdleTask       tasks.o
    0x0800c7c4   0x0800c7c4   0x0000002a   Code   RO         7357    i.prvInitialiseNewQueue  queue.o
    0x0800c7ee   0x0800c7ee   0x00000002   PAD
    0x0800c7f0   0x0800c7f0   0x000000f0   Code   RO         7585    i.prvInitialiseNewTask  tasks.o
    0x0800c8e0   0x0800c8e0   0x00000068   Code   RO         7586    i.prvInitialiseTaskLists  tasks.o
    0x0800c948   0x0800c948   0x00000068   Code   RO         8128    i.prvInsertBlockIntoFreeList  heap_4.o
    0x0800c9b0   0x0800c9b0   0x00000058   Code   RO         7968    i.prvInsertTimerInActiveList  timers.o
    0x0800ca08   0x0800ca08   0x0000001a   Code   RO         7358    i.prvIsQueueEmpty   queue.o
    0x0800ca22   0x0800ca22   0x0000001e   Code   RO         7359    i.prvIsQueueFull    queue.o
    0x0800ca40   0x0800ca40   0x00000044   Code   RO         7969    i.prvProcessExpiredTimer  timers.o
    0x0800ca84   0x0800ca84   0x0000013c   Code   RO         7970    i.prvProcessReceivedCommands  timers.o
    0x0800cbc0   0x0800cbc0   0x00000074   Code   RO         7971    i.prvProcessTimerOrBlockTask  timers.o
    0x0800cc34   0x0800cc34   0x00000028   Code   RO         7972    i.prvReloadTimer    timers.o
    0x0800cc5c   0x0800cc5c   0x00000030   Code   RO         7588    i.prvResetNextTaskUnblockTime  tasks.o
    0x0800cc8c   0x0800cc8c   0x0000002c   Code   RO         7973    i.prvSampleTimeNow  timers.o
    0x0800ccb8   0x0800ccb8   0x00000044   Code   RO         7974    i.prvSwitchTimerLists  timers.o
    0x0800ccfc   0x0800ccfc   0x00000060   Code   RO         6901    i.prvTaskExitError  port.o
    0x0800cd5c   0x0800cd5c   0x00000074   Code   RO         7590    i.prvTaskIsTaskSuspended  tasks.o
    0x0800cdd0   0x0800cdd0   0x0000001a   Code   RO         7975    i.prvTimerTask      timers.o
    0x0800cdea   0x0800cdea   0x0000007e   Code   RO         7360    i.prvUnlockQueue    queue.o
    0x0800ce68   0x0800ce68   0x00000178   Code   RO         8129    i.pvPortMalloc      heap_4.o
    0x0800cfe0   0x0800cfe0   0x00000020   Code   RO         7591    i.pvTaskIncrementMutexHeldCount  tasks.o
    0x0800d000   0x0800d000   0x0000002c   Code   RO         6902    i.pxPortInitialiseStack  port.o
    0x0800d02c   0x0800d02c   0x00000020   Code   RO         5792    i.removeLastN       bsp_iot_bc20.o
    0x0800d04c   0x0800d04c   0x00000044   Code   RO         6136    i.set_left_speed    fire_phoenix_esc.o
    0x0800d090   0x0800d090   0x00000040   Code   RO         6138    i.set_right_speed   fire_phoenix_esc.o
    0x0800d0d0   0x0800d0d0   0x0000006e   Code   RO         8249    i.sqrt              m_wm.l(sqrt.o)
    0x0800d13e   0x0800d13e   0x0000003e   Code   RO         5793    i.str_cmp           bsp_iot_bc20.o
    0x0800d17c   0x0800d17c   0x0000005e   Code   RO         5794    i.sub_str           bsp_iot_bc20.o
    0x0800d1da   0x0800d1da   0x00000002   PAD
    0x0800d1dc   0x0800d1dc   0x00000038   Code   RO         6139    i.switch_ctrl_init  fire_phoenix_esc.o
    0x0800d214   0x0800d214   0x00000014   Code   RO         6336    i.tds_delay_ms      jxct_tds.o
    0x0800d228   0x0800d228   0x00000440   Code   RO         5795    i.transform_lat     bsp_iot_bc20.o
    0x0800d668   0x0800d668   0x0000041c   Code   RO         5796    i.transform_lng     bsp_iot_bc20.o
    0x0800da84   0x0800da84   0x00000028   Code   RO         7304    i.uxListRemove      list.o
    0x0800daac   0x0800daac   0x0000001a   Code   RO         7305    i.vListInitialise   list.o
    0x0800dac6   0x0800dac6   0x00000006   Code   RO         7306    i.vListInitialiseItem  list.o
    0x0800dacc   0x0800dacc   0x00000034   Code   RO         7307    i.vListInsert       list.o
    0x0800db00   0x0800db00   0x00000018   Code   RO         7308    i.vListInsertEnd    list.o
    0x0800db18   0x0800db18   0x00000078   Code   RO         6904    i.vPortEnterCritical  port.o
    0x0800db90   0x0800db90   0x00000060   Code   RO         6905    i.vPortExitCritical  port.o
    0x0800dbf0   0x0800dbf0   0x000000c0   Code   RO         8130    i.vPortFree         heap_4.o
    0x0800dcb0   0x0800dcb0   0x00000028   Code   RO         6906    i.vPortSetupTimerInterrupt  port.o
    0x0800dcd8   0x0800dcd8   0x0000007c   Code   RO         7366    i.vQueueAddToRegistry  queue.o
    0x0800dd54   0x0800dd54   0x0000004a   Code   RO         7370    i.vQueueWaitForMessageRestricted  queue.o
    0x0800dd9e   0x0800dd9e   0x00000002   PAD
    0x0800dda0   0x0800dda0   0x00000074   Code   RO         7600    i.vTaskDelay        tasks.o
    0x0800de14   0x0800de14   0x00000114   Code   RO         7601    i.vTaskDelete       tasks.o
    0x0800df28   0x0800df28   0x00000018   Code   RO         7605    i.vTaskInternalSetTimeOutState  tasks.o
    0x0800df40   0x0800df40   0x0000000c   Code   RO         7606    i.vTaskMissedYield  tasks.o
    0x0800df4c   0x0800df4c   0x00000054   Code   RO         7607    i.vTaskPlaceOnEventList  tasks.o
    0x0800dfa0   0x0800dfa0   0x0000007c   Code   RO         7608    i.vTaskPlaceOnEventListRestricted  tasks.o
    0x0800e01c   0x0800e01c   0x00000128   Code   RO         7610    i.vTaskPriorityDisinheritAfterTimeout  tasks.o
    0x0800e144   0x0800e144   0x000000e0   Code   RO         7613    i.vTaskResume       tasks.o
    0x0800e224   0x0800e224   0x000000b4   Code   RO         7616    i.vTaskStartScheduler  tasks.o
    0x0800e2d8   0x0800e2d8   0x0000011c   Code   RO         7617    i.vTaskSuspend      tasks.o
    0x0800e3f4   0x0800e3f4   0x00000010   Code   RO         7618    i.vTaskSuspendAll   tasks.o
    0x0800e404   0x0800e404   0x000000a8   Code   RO         7619    i.vTaskSwitchContext  tasks.o
    0x0800e4ac   0x0800e4ac   0x00000028   Code   RO         6140    i.water_ctrl_OFF    fire_phoenix_esc.o
    0x0800e4d4   0x0800e4d4   0x00000018   Code   RO         6141    i.water_ctrl_off_pumping  fire_phoenix_esc.o
    0x0800e4ec   0x0800e4ec   0x00000018   Code   RO         6142    i.water_ctrl_off_release  fire_phoenix_esc.o
    0x0800e504   0x0800e504   0x00000018   Code   RO         6143    i.water_ctrl_pumping  fire_phoenix_esc.o
    0x0800e51c   0x0800e51c   0x00000018   Code   RO         6144    i.water_ctrl_release  fire_phoenix_esc.o
    0x0800e534   0x0800e534   0x000002e0   Code   RO         5797    i.wgs84_to_gcj02    bsp_iot_bc20.o
    0x0800e814   0x0800e814   0x0000018c   Code   RO         6908    i.xPortStartScheduler  port.o
    0x0800e9a0   0x0800e9a0   0x00000080   Code   RO         7373    i.xQueueGenericCreate  queue.o
    0x0800ea20   0x0800ea20   0x000000ec   Code   RO         7374    i.xQueueGenericReset  queue.o
    0x0800eb0c   0x0800eb0c   0x000001a4   Code   RO         7375    i.xQueueGenericSend  queue.o
    0x0800ecb0   0x0800ecb0   0x00000170   Code   RO         7383    i.xQueueReceive     queue.o
    0x0800ee20   0x0800ee20   0x000001b4   Code   RO         7385    i.xQueueSemaphoreTake  queue.o
    0x0800efd4   0x0800efd4   0x000000a0   Code   RO         7621    i.xTaskCheckForTimeOut  tasks.o
    0x0800f074   0x0800f074   0x00000060   Code   RO         7622    i.xTaskCreate       tasks.o
    0x0800f0d4   0x0800f0d4   0x00000020   Code   RO         7629    i.xTaskGetSchedulerState  tasks.o
    0x0800f0f4   0x0800f0f4   0x0000000c   Code   RO         7630    i.xTaskGetTickCount  tasks.o
    0x0800f100   0x0800f100   0x000001d4   Code   RO         7632    i.xTaskIncrementTick  tasks.o
    0x0800f2d4   0x0800f2d4   0x00000100   Code   RO         7633    i.xTaskPriorityDisinherit  tasks.o
    0x0800f3d4   0x0800f3d4   0x000000ec   Code   RO         7634    i.xTaskPriorityInherit  tasks.o
    0x0800f4c0   0x0800f4c0   0x0000013c   Code   RO         7635    i.xTaskRemoveFromEventList  tasks.o
    0x0800f5fc   0x0800f5fc   0x00000190   Code   RO         7636    i.xTaskResumeAll    tasks.o
    0x0800f78c   0x0800f78c   0x00000074   Code   RO         7983    i.xTimerCreateTimerTask  timers.o
    0x0800f800   0x0800f800   0x00000088   Data   RO         8224    .constdata          m_wm.l(pow.o)
    0x0800f888   0x0800f888   0x00000098   Data   RO         8604    .constdata          m_wm.l(atan.o)
    0x0800f920   0x0800f920   0x00000030   Data   RO         8616    .constdata          m_wm.l(cos_i.o)
    0x0800f950   0x0800f950   0x00000008   Data   RO         8636    .constdata          m_wm.l(qnan.o)
    0x0800f958   0x0800f958   0x000000c8   Data   RO         8639    .constdata          m_wm.l(rred.o)
    0x0800fa20   0x0800fa20   0x00000028   Data   RO         8643    .constdata          m_wm.l(sin_i.o)
    0x0800fa48   0x0800fa48   0x00000060   Data   RO         8649    .constdata          m_wm.l(tan_i.o)
    0x0800faa8   0x0800faa8   0x00000159   Data   RO         5799    .conststring        bsp_iot_bc20.o
    0x0800fc01   0x0800fc01   0x00000003   PAD
    0x0800fc04   0x0800fc04   0x00000020   Data   RO         8701    Region$$Table       anon$$obj.o


    Execution Region RW_IRAM2 (Exec base: 0x10000000, Load base: 0x0800fd24, Size: 0x00000000, Max: 0x00010000, ABSOLUTE)

    **** No section assigned to this execution region ****


    Execution Region RW_IRAM1 (Exec base: 0x20000000, Load base: 0x0800fc24, Size: 0x000090e8, Max: 0x00020000, ABSOLUTE, COMPRESSED[0x00000100])

    Exec Addr    Load Addr    Size         Type   Attr      Idx    E Section Name        Object

    0x20000000   COMPRESSED   0x00000014   Data   RW           16    .data               system_stm32f4xx.o
    0x20000014   COMPRESSED   0x00000010   Data   RW         2677    .data               stm32f4xx_rcc.o
    0x20000024   COMPRESSED   0x0000003d   Data   RW         4834    .data               main.o
    0x20000061   COMPRESSED   0x00000007   PAD
    0x20000068   COMPRESSED   0x00000113   Data   RW         5124    .data               ship_route.o
    0x2000017b   COMPRESSED   0x00000005   PAD
    0x20000180   COMPRESSED   0x000000a4   Data   RW         5321    .data               cyc_list.o
    0x20000224   COMPRESSED   0x00000018   Data   RW         5386    .data               primx.o
    0x2000023c   COMPRESSED   0x00000016   Data   RW         5669    .data               bsp_debug_usart.o
    0x20000252   COMPRESSED   0x00000006   PAD
    0x20000258   COMPRESSED   0x00000089   Data   RW         5800    .data               bsp_iot_bc20.o
    0x200002e1   COMPRESSED   0x00000003   PAD
    0x200002e4   COMPRESSED   0x00000029   Data   RW         5962    .data               bsp_sensors.o
    0x2000030d   COMPRESSED   0x00000001   Data   RW         6337    .data               jxct_tds.o
    0x2000030e   COMPRESSED   0x00000002   PAD
    0x20000310   COMPRESSED   0x00000004   Data   RW         6531    .data               hc_sr04.o
    0x20000314   COMPRESSED   0x00000004   Data   RW         6762    .data               bmp280.o
    0x20000318   COMPRESSED   0x0000000c   Data   RW         6909    .data               port.o
    0x20000324   COMPRESSED   0x00000040   Data   RW         7639    .data               tasks.o
    0x20000364   COMPRESSED   0x00000014   Data   RW         7990    .data               timers.o
    0x20000378   COMPRESSED   0x00000020   Data   RW         8136    .data               heap_4.o
    0x20000398   COMPRESSED   0x00000004   Data   RW         8668    .data               mc_w.l(stdout.o)
    0x2000039c   COMPRESSED   0x00000004   Data   RW         8679    .data               mc_w.l(mvars.o)
    0x200003a0   COMPRESSED   0x00000004   Data   RW         8680    .data               mc_w.l(mvars.o)
    0x200003a4   COMPRESSED   0x00000004   Data   RW         8684    .data               mc_w.l(errno.o)
    0x200003a8        -       0x00000148   Zero   RW         5123    .bss                ship_route.o
    0x200004f0        -       0x00000298   Zero   RW         5385    .bss                primx.o
    0x20000788        -       0x00000748   Zero   RW         5798    .bss                bsp_iot_bc20.o
    0x20000ed0        -       0x00000070   Zero   RW         5961    .bss                bsp_sensors.o
    0x20000f40        -       0x00000040   Zero   RW         6001    .bss                bsp_compass.o
    0x20000f80        -       0x00000018   Zero   RW         6761    .bss                bmp280.o
    0x20000f98        -       0x00000040   Zero   RW         7387    .bss                queue.o
    0x20000fd8        -       0x000002e4   Zero   RW         7638    .bss                tasks.o
    0x200012bc        -       0x00000028   Zero   RW         7989    .bss                timers.o
    0x200012e4        -       0x00007800   Zero   RW         8135    .bss                heap_4.o
    0x20008ae4   COMPRESSED   0x00000004   PAD
    0x20008ae8        -       0x00000200   Zero   RW            2    HEAP                startup_stm32f40xx.o
    0x20008ce8        -       0x00000400   Zero   RW            1    STACK               startup_stm32f40xx.o


==============================================================================

Image component sizes


      Code (inc. data)   RO Data    RW Data    ZI Data      Debug   Object Name

       214         48          0          0          0       1283   battery.o
      1624        124          0          4         24       9847   bmp280.o
       738        122          0          0          0       4035   bsp_adc.o
       456         36          0          0         64       6089   bsp_compass.o
      1584         78          0         22          0      12872   bsp_debug_usart.o
      8840       1720        345        137       1864      20618   bsp_iot_bc20.o
      1080        132          0         41        112       2657   bsp_sensors.o
       856         38          0        164          0       2703   cyc_list.o
       666         98          0          0          0       5340   dev_iic.o
       538         38          0          0          0       6637   dht11.o
       988        104          0          0          0       8460   fire_phoenix_esc.o
       154         12          0          4          0       2455   hc_sr04.o
       796        170          0         32      30720       4259   heap_4.o
       700         44          0          0          0       6608   iic.o
       120         62          0          0          0       1156   iwdg.o
       392         38          0          1          0       2331   jxct_tds.o
        60          0          0          0          0       1191   light.o
       148          0          0          0          0       3522   list.o
       808        384          0         61          0      38486   main.o
       140         24          0          0          0       1875   misc.o
       154         40          0          0          0       1223   ntu.o
       174         50          0          0          0       1268   ph_sensor.o
      1034        254          0         12          0      10392   port.o
      1798        296          0         24        664      11137   primx.o
      2198        242          0          0         64      15969   queue.o
     15436       3060          0        275        328      24847   ship_route.o
        36          8        392          0       1536       1000   startup_stm32f40xx.o
       438         34          0          0          0       7622   stm32f4xx_adc.o
       250          0          0          0          0       4839   stm32f4xx_gpio.o
       108         56          0          0          0       3093   stm32f4xx_it.o
        68         30          0          0          0       3090   stm32f4xx_iwdg.o
       360         42          0         16          0       5952   stm32f4xx_rcc.o
       384         38          0          0          0       7172   stm32f4xx_tim.o
       468          8          0          0          0       7019   stm32f4xx_usart.o
         0          0          0          0          0      12232   stream_buffer.o
       340         32          0         20          0     308225   system_stm32f4xx.o
      4878       1058          0         64        740      39076   tasks.o
      1022        192          0         20         40      11468   timers.o
        10          0          0          0          0        541   water.o

    ----------------------------------------------------------------------
     50108       8712        772        920      36160     618589   Object Totals
         0          0         32          0          0          0   (incl. Generated)
        50          0          3         23          4          0   (incl. Padding)

    ----------------------------------------------------------------------

      Code (inc. data)   RO Data    RW Data    ZI Data      Debug   Library Member Name

       744        106        152          0          0        352   atan.o
       496         64          0          0          0        192   atan2.o
       200         20          0          0          0        164   cos.o
       368         46         48          0          0        200   cos_i.o
       184         44          0          0          0        744   dunder.o
        44          0          0          0          0        248   fabs.o
        48          0          0          0          0        124   fpclassify.o
       248          0          0          0          0        152   poly.o
      3128        302        136          0          0        356   pow.o
         0          0          8          0          0          0   qnan.o
      1080        142        200          0          0        188   rred.o
       200         20          0          0          0        164   sin.o
       304         24         40          0          0        208   sin_i.o
       232          0          0          0          0        296   sqrt.o
       128         20          0          0          0        144   tan.o
       848         84         96          0          0        196   tan_i.o
        86          0          0          0          0          0   __dczerorl2.o
         0          0          0          0          0          0   entry.o
         0          0          0          0          0          0   entry10a.o
         0          0          0          0          0          0   entry11a.o
         8          4          0          0          0          0   entry2.o
         4          0          0          0          0          0   entry5.o
         0          0          0          0          0          0   entry7b.o
         0          0          0          0          0          0   entry8b.o
         8          4          0          0          0          0   entry9a.o
        12          6          0          4          0         68   errno.o
        30          0          0          0          0          0   handlers.o
        36          8          0          0          0         68   init.o
         0          0          0          0          0          0   iusefp.o
        30          0          0          0          0         68   llshl.o
        36          0          0          0          0         68   llsshr.o
        32          0          0          0          0         68   llushr.o
       188         20          0          0          0        160   malloc.o
        36          0          0          0          0         68   memcpya.o
        36          0          0          0          0        108   memseta.o
         0          0          0          8          0          0   mvars.o
      2276         96          0          0          0        596   printfa.o
         0          0          0          4          0          0   stdout.o
        18          0          0          0          0         68   strcpy.o
        14          0          0          0          0         68   strlen.o
        30          0          0          0          0         80   strncmp.o
        36          0          0          0          0         80   strstr.o
        44          0          0          0          0         80   uidiv.o
        98          0          0          0          0         92   uldiv.o
        48          0          0          0          0         68   cdcmple.o
        48          0          0          0          0         68   cdrcmple.o
        56          0          0          0          0         88   d2f.o
       334          0          0          0          0        148   dadd.o
       222          0          0          0          0        100   ddiv.o
       186          0          0          0          0        176   depilogue.o
        62          0          0          0          0         80   dfixi.o
        50          0          0          0          0         76   dfixui.o
        48          0          0          0          0         68   dfixul.o
        34          0          0          0          0         76   dflti.o
        26          0          0          0          0         76   dfltui.o
       228          0          0          0          0         96   dmul.o
        46          0          0          0          0         80   dscalb.o
       162          0          0          0          0        100   dsqrt.o
       110          0          0          0          0        168   fepilogue.o

    ----------------------------------------------------------------------
     12988       1010        680         16          0       6936   Library Totals
        18          0          0          0          0          0   (incl. Padding)

    ----------------------------------------------------------------------

      Code (inc. data)   RO Data    RW Data    ZI Data      Debug   Library Name

      8252        872        680          0          0       3728   m_wm.l
      3058        138          0         16          0       1740   mc_w.l
      1660          0          0          0          0       1468   mf_w.l

    ----------------------------------------------------------------------
     12988       1010        680         16          0       6936   Library Totals

    ----------------------------------------------------------------------

==============================================================================


      Code (inc. data)   RO Data    RW Data    ZI Data      Debug   

     63096       9722       1452        936      36160     594141   Grand Totals
     63096       9722       1452        256      36160     594141   ELF Image Totals (compressed)
     63096       9722       1452        256          0          0   ROM Totals

==============================================================================

    Total RO  Size (Code + RO Data)                64548 (  63.04kB)
    Total RW  Size (RW Data + ZI Data)             37096 (  36.23kB)
    Total ROM Size (Code + RO Data + RW Data)      64804 (  63.29kB)

==============================================================================

