<!doctype html public "-//w3c//dtd html 4.0 transitional//en">
<html><head>
<title>Static Call Graph - [.\Objects\HY-F407.axf]</title></head>
<body><HR>
<H1>Static Call Graph for image .\Objects\HY-F407.axf</H1><HR>
<BR><P>#&#060CALLGRAPH&#062# ARM Linker, 5050169: Last Updated: Thu Apr 17 14:44:43 2025
<BR><P>
<H3>Maximum Stack Usage =        712 bytes + Unknown(Cycles, Untraceable Function Pointers)</H3><H3>
Call chain for Maximum Stack Depth:</H3>
Route_Task &rArr; Creat_List &rArr; LongLat2XY &rArr; __hardfp_tan &rArr; __kernel_tan &rArr; __kernel_poly &rArr; __aeabi_dmul &rArr; _double_epilogue &rArr; _double_round
<P>
<H3>
Mutually Recursive functions
</H3> <LI><a href="#[1d]">ADC_IRQHandler</a>&nbsp;&nbsp;&nbsp;&rArr;&nbsp;&nbsp;&nbsp;<a href="#[1d]">ADC_IRQHandler</a><BR>
 <LI><a href="#[172]">dfs</a>&nbsp;&nbsp;&nbsp;&rArr;&nbsp;&nbsp;&nbsp;<a href="#[172]">dfs</a><BR>
</UL>
<P>
<H3>
Function Pointers
</H3><UL>
 <LI><a href="#[1d]">ADC_IRQHandler</a> from startup_stm32f40xx.o(.text) referenced from startup_stm32f40xx.o(RESET)
 <LI><a href="#[5]">BusFault_Handler</a> from stm32f4xx_it.o(i.BusFault_Handler) referenced from startup_stm32f40xx.o(RESET)
 <LI><a href="#[1f]">CAN1_RX0_IRQHandler</a> from startup_stm32f40xx.o(.text) referenced from startup_stm32f40xx.o(RESET)
 <LI><a href="#[20]">CAN1_RX1_IRQHandler</a> from startup_stm32f40xx.o(.text) referenced from startup_stm32f40xx.o(RESET)
 <LI><a href="#[21]">CAN1_SCE_IRQHandler</a> from startup_stm32f40xx.o(.text) referenced from startup_stm32f40xx.o(RESET)
 <LI><a href="#[1e]">CAN1_TX_IRQHandler</a> from startup_stm32f40xx.o(.text) referenced from startup_stm32f40xx.o(RESET)
 <LI><a href="#[4b]">CAN2_RX0_IRQHandler</a> from startup_stm32f40xx.o(.text) referenced from startup_stm32f40xx.o(RESET)
 <LI><a href="#[4c]">CAN2_RX1_IRQHandler</a> from startup_stm32f40xx.o(.text) referenced from startup_stm32f40xx.o(RESET)
 <LI><a href="#[4d]">CAN2_SCE_IRQHandler</a> from startup_stm32f40xx.o(.text) referenced from startup_stm32f40xx.o(RESET)
 <LI><a href="#[4a]">CAN2_TX_IRQHandler</a> from startup_stm32f40xx.o(.text) referenced from startup_stm32f40xx.o(RESET)
 <LI><a href="#[5a]">CRYP_IRQHandler</a> from startup_stm32f40xx.o(.text) referenced from startup_stm32f40xx.o(RESET)
 <LI><a href="#[59]">DCMI_IRQHandler</a> from startup_stm32f40xx.o(.text) referenced from startup_stm32f40xx.o(RESET)
 <LI><a href="#[16]">DMA1_Stream0_IRQHandler</a> from startup_stm32f40xx.o(.text) referenced from startup_stm32f40xx.o(RESET)
 <LI><a href="#[17]">DMA1_Stream1_IRQHandler</a> from startup_stm32f40xx.o(.text) referenced from startup_stm32f40xx.o(RESET)
 <LI><a href="#[18]">DMA1_Stream2_IRQHandler</a> from startup_stm32f40xx.o(.text) referenced from startup_stm32f40xx.o(RESET)
 <LI><a href="#[19]">DMA1_Stream3_IRQHandler</a> from startup_stm32f40xx.o(.text) referenced from startup_stm32f40xx.o(RESET)
 <LI><a href="#[1a]">DMA1_Stream4_IRQHandler</a> from startup_stm32f40xx.o(.text) referenced from startup_stm32f40xx.o(RESET)
 <LI><a href="#[1b]">DMA1_Stream5_IRQHandler</a> from startup_stm32f40xx.o(.text) referenced from startup_stm32f40xx.o(RESET)
 <LI><a href="#[1c]">DMA1_Stream6_IRQHandler</a> from startup_stm32f40xx.o(.text) referenced from startup_stm32f40xx.o(RESET)
 <LI><a href="#[3a]">DMA1_Stream7_IRQHandler</a> from startup_stm32f40xx.o(.text) referenced from startup_stm32f40xx.o(RESET)
 <LI><a href="#[43]">DMA2_Stream0_IRQHandler</a> from startup_stm32f40xx.o(.text) referenced from startup_stm32f40xx.o(RESET)
 <LI><a href="#[44]">DMA2_Stream1_IRQHandler</a> from startup_stm32f40xx.o(.text) referenced from startup_stm32f40xx.o(RESET)
 <LI><a href="#[45]">DMA2_Stream2_IRQHandler</a> from startup_stm32f40xx.o(.text) referenced from startup_stm32f40xx.o(RESET)
 <LI><a href="#[46]">DMA2_Stream3_IRQHandler</a> from startup_stm32f40xx.o(.text) referenced from startup_stm32f40xx.o(RESET)
 <LI><a href="#[47]">DMA2_Stream4_IRQHandler</a> from startup_stm32f40xx.o(.text) referenced from startup_stm32f40xx.o(RESET)
 <LI><a href="#[4f]">DMA2_Stream5_IRQHandler</a> from startup_stm32f40xx.o(.text) referenced from startup_stm32f40xx.o(RESET)
 <LI><a href="#[50]">DMA2_Stream6_IRQHandler</a> from startup_stm32f40xx.o(.text) referenced from startup_stm32f40xx.o(RESET)
 <LI><a href="#[51]">DMA2_Stream7_IRQHandler</a> from startup_stm32f40xx.o(.text) referenced from startup_stm32f40xx.o(RESET)
 <LI><a href="#[8]">DebugMon_Handler</a> from stm32f4xx_it.o(i.DebugMon_Handler) referenced from startup_stm32f40xx.o(RESET)
 <LI><a href="#[48]">ETH_IRQHandler</a> from startup_stm32f40xx.o(.text) referenced from startup_stm32f40xx.o(RESET)
 <LI><a href="#[49]">ETH_WKUP_IRQHandler</a> from startup_stm32f40xx.o(.text) referenced from startup_stm32f40xx.o(RESET)
 <LI><a href="#[11]">EXTI0_IRQHandler</a> from startup_stm32f40xx.o(.text) referenced from startup_stm32f40xx.o(RESET)
 <LI><a href="#[33]">EXTI15_10_IRQHandler</a> from startup_stm32f40xx.o(.text) referenced from startup_stm32f40xx.o(RESET)
 <LI><a href="#[12]">EXTI1_IRQHandler</a> from startup_stm32f40xx.o(.text) referenced from startup_stm32f40xx.o(RESET)
 <LI><a href="#[13]">EXTI2_IRQHandler</a> from startup_stm32f40xx.o(.text) referenced from startup_stm32f40xx.o(RESET)
 <LI><a href="#[14]">EXTI3_IRQHandler</a> from startup_stm32f40xx.o(.text) referenced from startup_stm32f40xx.o(RESET)
 <LI><a href="#[15]">EXTI4_IRQHandler</a> from startup_stm32f40xx.o(.text) referenced from startup_stm32f40xx.o(RESET)
 <LI><a href="#[22]">EXTI9_5_IRQHandler</a> from startup_stm32f40xx.o(.text) referenced from startup_stm32f40xx.o(RESET)
 <LI><a href="#[f]">FLASH_IRQHandler</a> from startup_stm32f40xx.o(.text) referenced from startup_stm32f40xx.o(RESET)
 <LI><a href="#[5c]">FPU_IRQHandler</a> from startup_stm32f40xx.o(.text) referenced from startup_stm32f40xx.o(RESET)
 <LI><a href="#[3b]">FSMC_IRQHandler</a> from startup_stm32f40xx.o(.text) referenced from startup_stm32f40xx.o(RESET)
 <LI><a href="#[65]">Gps_Send_Task</a> from ship_route.o(i.Gps_Send_Task) referenced from bsp_iot_bc20.o(i.Iot_Connet_ALIYUN_Task)
 <LI><a href="#[64]">Gps_Task</a> from ship_route.o(i.Gps_Task) referenced from bsp_iot_bc20.o(i.Iot_Connet_ALIYUN_Task)
 <LI><a href="#[5b]">HASH_RNG_IRQHandler</a> from startup_stm32f40xx.o(.text) referenced from startup_stm32f40xx.o(RESET)
 <LI><a href="#[3]">HardFault_Handler</a> from stm32f4xx_it.o(i.HardFault_Handler) referenced from startup_stm32f40xx.o(RESET)
 <LI><a href="#[2b]">I2C1_ER_IRQHandler</a> from startup_stm32f40xx.o(.text) referenced from startup_stm32f40xx.o(RESET)
 <LI><a href="#[2a]">I2C1_EV_IRQHandler</a> from startup_stm32f40xx.o(.text) referenced from startup_stm32f40xx.o(RESET)
 <LI><a href="#[2d]">I2C2_ER_IRQHandler</a> from startup_stm32f40xx.o(.text) referenced from startup_stm32f40xx.o(RESET)
 <LI><a href="#[2c]">I2C2_EV_IRQHandler</a> from startup_stm32f40xx.o(.text) referenced from startup_stm32f40xx.o(RESET)
 <LI><a href="#[54]">I2C3_ER_IRQHandler</a> from startup_stm32f40xx.o(.text) referenced from startup_stm32f40xx.o(RESET)
 <LI><a href="#[53]">I2C3_EV_IRQHandler</a> from startup_stm32f40xx.o(.text) referenced from startup_stm32f40xx.o(RESET)
 <LI><a href="#[67]">IOT_Usart_Task</a> from bsp_iot_bc20.o(i.IOT_Usart_Task) referenced from main.o(i.Start_Task)
 <LI><a href="#[69]">Idel_Task</a> from ship_route.o(i.Idel_Task) referenced from main.o(i.Start_Task)
 <LI><a href="#[66]">Iot_Connet_ALIYUN_Task</a> from bsp_iot_bc20.o(i.Iot_Connet_ALIYUN_Task) referenced from bsp_iot_bc20.o(i.Iot_Init_Task)
 <LI><a href="#[68]">Iot_Init_Task</a> from bsp_iot_bc20.o(i.Iot_Init_Task) referenced from main.o(i.Start_Task)
 <LI><a href="#[62]">Iot_Pubsh_Task</a> from bsp_iot_bc20.o(i.Iot_Pubsh_Task) referenced from bsp_iot_bc20.o(i.Iot_Connet_ALIYUN_Task)
 <LI><a href="#[63]">Iot_Recv_Task</a> from bsp_iot_bc20.o(i.Iot_Recv_Task) referenced from bsp_iot_bc20.o(i.Iot_Connet_ALIYUN_Task)
 <LI><a href="#[4]">MemManage_Handler</a> from stm32f4xx_it.o(i.MemManage_Handler) referenced from startup_stm32f40xx.o(RESET)
 <LI><a href="#[2]">NMI_Handler</a> from stm32f4xx_it.o(i.NMI_Handler) referenced from startup_stm32f40xx.o(RESET)
 <LI><a href="#[4e]">OTG_FS_IRQHandler</a> from startup_stm32f40xx.o(.text) referenced from startup_stm32f40xx.o(RESET)
 <LI><a href="#[35]">OTG_FS_WKUP_IRQHandler</a> from startup_stm32f40xx.o(.text) referenced from startup_stm32f40xx.o(RESET)
 <LI><a href="#[56]">OTG_HS_EP1_IN_IRQHandler</a> from startup_stm32f40xx.o(.text) referenced from startup_stm32f40xx.o(RESET)
 <LI><a href="#[55]">OTG_HS_EP1_OUT_IRQHandler</a> from startup_stm32f40xx.o(.text) referenced from startup_stm32f40xx.o(RESET)
 <LI><a href="#[58]">OTG_HS_IRQHandler</a> from startup_stm32f40xx.o(.text) referenced from startup_stm32f40xx.o(RESET)
 <LI><a href="#[57]">OTG_HS_WKUP_IRQHandler</a> from startup_stm32f40xx.o(.text) referenced from startup_stm32f40xx.o(RESET)
 <LI><a href="#[c]">PVD_IRQHandler</a> from startup_stm32f40xx.o(.text) referenced from startup_stm32f40xx.o(RESET)
 <LI><a href="#[9]">PendSV_Handler</a> from port.o(.emb_text) referenced from startup_stm32f40xx.o(RESET)
 <LI><a href="#[10]">RCC_IRQHandler</a> from startup_stm32f40xx.o(.text) referenced from startup_stm32f40xx.o(RESET)
 <LI><a href="#[34]">RTC_Alarm_IRQHandler</a> from startup_stm32f40xx.o(.text) referenced from startup_stm32f40xx.o(RESET)
 <LI><a href="#[e]">RTC_WKUP_IRQHandler</a> from startup_stm32f40xx.o(.text) referenced from startup_stm32f40xx.o(RESET)
 <LI><a href="#[1]">Reset_Handler</a> from startup_stm32f40xx.o(.text) referenced from startup_stm32f40xx.o(RESET)
 <LI><a href="#[60]">Route_Task</a> from ship_route.o(i.Route_Task) referenced from bsp_iot_bc20.o(i.Iot_Connet_ALIYUN_Task)
 <LI><a href="#[3c]">SDIO_IRQHandler</a> from startup_stm32f40xx.o(.text) referenced from startup_stm32f40xx.o(RESET)
 <LI><a href="#[2e]">SPI1_IRQHandler</a> from startup_stm32f40xx.o(.text) referenced from startup_stm32f40xx.o(RESET)
 <LI><a href="#[2f]">SPI2_IRQHandler</a> from startup_stm32f40xx.o(.text) referenced from startup_stm32f40xx.o(RESET)
 <LI><a href="#[3e]">SPI3_IRQHandler</a> from startup_stm32f40xx.o(.text) referenced from startup_stm32f40xx.o(RESET)
 <LI><a href="#[7]">SVC_Handler</a> from port.o(.emb_text) referenced from startup_stm32f40xx.o(RESET)
 <LI><a href="#[61]">Sensors_Processing_Task</a> from bsp_iot_bc20.o(i.Sensors_Processing_Task) referenced from bsp_iot_bc20.o(i.Iot_Connet_ALIYUN_Task)
 <LI><a href="#[6c]">Start_Task</a> from main.o(i.Start_Task) referenced from main.o(i.main)
 <LI><a href="#[a]">SysTick_Handler</a> from port.o(i.SysTick_Handler) referenced from startup_stm32f40xx.o(RESET)
 <LI><a href="#[5e]">SystemInit</a> from system_stm32f4xx.o(i.SystemInit) referenced from startup_stm32f40xx.o(.text)
 <LI><a href="#[d]">TAMP_STAMP_IRQHandler</a> from startup_stm32f40xx.o(.text) referenced from startup_stm32f40xx.o(RESET)
 <LI><a href="#[23]">TIM1_BRK_TIM9_IRQHandler</a> from startup_stm32f40xx.o(.text) referenced from startup_stm32f40xx.o(RESET)
 <LI><a href="#[26]">TIM1_CC_IRQHandler</a> from startup_stm32f40xx.o(.text) referenced from startup_stm32f40xx.o(RESET)
 <LI><a href="#[25]">TIM1_TRG_COM_TIM11_IRQHandler</a> from startup_stm32f40xx.o(.text) referenced from startup_stm32f40xx.o(RESET)
 <LI><a href="#[24]">TIM1_UP_TIM10_IRQHandler</a> from startup_stm32f40xx.o(.text) referenced from startup_stm32f40xx.o(RESET)
 <LI><a href="#[27]">TIM2_IRQHandler</a> from startup_stm32f40xx.o(.text) referenced from startup_stm32f40xx.o(RESET)
 <LI><a href="#[28]">TIM3_IRQHandler</a> from startup_stm32f40xx.o(.text) referenced from startup_stm32f40xx.o(RESET)
 <LI><a href="#[29]">TIM4_IRQHandler</a> from hc_sr04.o(i.TIM4_IRQHandler) referenced from startup_stm32f40xx.o(RESET)
 <LI><a href="#[3d]">TIM5_IRQHandler</a> from startup_stm32f40xx.o(.text) referenced from startup_stm32f40xx.o(RESET)
 <LI><a href="#[41]">TIM6_DAC_IRQHandler</a> from startup_stm32f40xx.o(.text) referenced from startup_stm32f40xx.o(RESET)
 <LI><a href="#[42]">TIM7_IRQHandler</a> from startup_stm32f40xx.o(.text) referenced from startup_stm32f40xx.o(RESET)
 <LI><a href="#[36]">TIM8_BRK_TIM12_IRQHandler</a> from startup_stm32f40xx.o(.text) referenced from startup_stm32f40xx.o(RESET)
 <LI><a href="#[39]">TIM8_CC_IRQHandler</a> from startup_stm32f40xx.o(.text) referenced from startup_stm32f40xx.o(RESET)
 <LI><a href="#[38]">TIM8_TRG_COM_TIM14_IRQHandler</a> from startup_stm32f40xx.o(.text) referenced from startup_stm32f40xx.o(RESET)
 <LI><a href="#[37]">TIM8_UP_TIM13_IRQHandler</a> from startup_stm32f40xx.o(.text) referenced from startup_stm32f40xx.o(RESET)
 <LI><a href="#[3f]">UART4_IRQHandler</a> from startup_stm32f40xx.o(.text) referenced from startup_stm32f40xx.o(RESET)
 <LI><a href="#[40]">UART5_IRQHandler</a> from startup_stm32f40xx.o(.text) referenced from startup_stm32f40xx.o(RESET)
 <LI><a href="#[30]">USART1_IRQHandler</a> from bsp_debug_usart.o(i.USART1_IRQHandler) referenced from startup_stm32f40xx.o(RESET)
 <LI><a href="#[31]">USART2_IRQHandler</a> from bsp_debug_usart.o(i.USART2_IRQHandler) referenced from startup_stm32f40xx.o(RESET)
 <LI><a href="#[32]">USART3_IRQHandler</a> from bsp_debug_usart.o(i.USART3_IRQHandler) referenced from startup_stm32f40xx.o(RESET)
 <LI><a href="#[52]">USART6_IRQHandler</a> from startup_stm32f40xx.o(.text) referenced from startup_stm32f40xx.o(RESET)
 <LI><a href="#[6]">UsageFault_Handler</a> from stm32f4xx_it.o(i.UsageFault_Handler) referenced from startup_stm32f40xx.o(RESET)
 <LI><a href="#[b]">WWDG_IRQHandler</a> from startup_stm32f40xx.o(.text) referenced from startup_stm32f40xx.o(RESET)
 <LI><a href="#[5f]">__main</a> from entry.o(.ARM.Collect$$$$00000000) referenced from startup_stm32f40xx.o(.text)
 <LI><a href="#[6b]">_sputc</a> from printfa.o(i._sputc) referenced from printfa.o(i.__0sprintf)
 <LI><a href="#[6a]">fputc</a> from bsp_debug_usart.o(i.fputc) referenced from printfa.o(i.__0printf)
 <LI><a href="#[5d]">main</a> from main.o(i.main) referenced from entry9a.o(.ARM.Collect$$$$0000000B)
 <LI><a href="#[6e]">prvIdleTask</a> from tasks.o(i.prvIdleTask) referenced from tasks.o(i.vTaskStartScheduler)
 <LI><a href="#[6d]">prvTaskExitError</a> from port.o(i.prvTaskExitError) referenced from port.o(i.pxPortInitialiseStack)
 <LI><a href="#[6f]">prvTimerTask</a> from timers.o(i.prvTimerTask) referenced from timers.o(i.xTimerCreateTimerTask)
</UL>
<P>
<H3>
Global Symbols
</H3>
<P><STRONG><a name="[5f]"></a>__main</STRONG> (Thumb, 0 bytes, Stack size unknown bytes, entry.o(.ARM.Collect$$$$00000000))
<BR>[Address Reference Count : 1]<UL><LI> startup_stm32f40xx.o(.text)
</UL>
<P><STRONG><a name="[1b6]"></a>_main_stk</STRONG> (Thumb, 0 bytes, Stack size unknown bytes, entry2.o(.ARM.Collect$$$$00000001))

<P><STRONG><a name="[70]"></a>_main_scatterload</STRONG> (Thumb, 0 bytes, Stack size unknown bytes, entry5.o(.ARM.Collect$$$$00000004))
<BR><BR>[Calls]<UL><LI><a href="#[71]">&gt;&gt;</a>&nbsp;&nbsp;&nbsp;__scatterload
</UL>

<P><STRONG><a name="[89]"></a>__main_after_scatterload</STRONG> (Thumb, 0 bytes, Stack size unknown bytes, entry5.o(.ARM.Collect$$$$00000004))
<BR><BR>[Called By]<UL><LI><a href="#[71]">&gt;&gt;</a>&nbsp;&nbsp;&nbsp;__scatterload
</UL>

<P><STRONG><a name="[1b7]"></a>_main_clock</STRONG> (Thumb, 0 bytes, Stack size unknown bytes, entry7b.o(.ARM.Collect$$$$00000008))

<P><STRONG><a name="[1b8]"></a>_main_cpp_init</STRONG> (Thumb, 0 bytes, Stack size unknown bytes, entry8b.o(.ARM.Collect$$$$0000000A))

<P><STRONG><a name="[1b9]"></a>_main_init</STRONG> (Thumb, 0 bytes, Stack size unknown bytes, entry9a.o(.ARM.Collect$$$$0000000B))

<P><STRONG><a name="[1ba]"></a>__rt_final_cpp</STRONG> (Thumb, 0 bytes, Stack size unknown bytes, entry10a.o(.ARM.Collect$$$$0000000D))

<P><STRONG><a name="[1bb]"></a>__rt_final_exit</STRONG> (Thumb, 0 bytes, Stack size unknown bytes, entry11a.o(.ARM.Collect$$$$0000000F))

<P><STRONG><a name="[7]"></a>SVC_Handler</STRONG> (Thumb, 28 bytes, Stack size 0 bytes, port.o(.emb_text))
<BR>[Address Reference Count : 1]<UL><LI> startup_stm32f40xx.o(RESET)
</UL>
<P><STRONG><a name="[1af]"></a>__asm___6_port_c_39a90d8d__prvStartFirstTask</STRONG> (Thumb, 36 bytes, Stack size 0 bytes, port.o(.emb_text))
<BR><BR>[Called By]<UL><LI><a href="#[1ac]">&gt;&gt;</a>&nbsp;&nbsp;&nbsp;xPortStartScheduler
</UL>

<P><STRONG><a name="[1ae]"></a>__asm___6_port_c_39a90d8d__prvEnableVFP</STRONG> (Thumb, 16 bytes, Stack size 0 bytes, port.o(.emb_text))
<BR><BR>[Called By]<UL><LI><a href="#[1ac]">&gt;&gt;</a>&nbsp;&nbsp;&nbsp;xPortStartScheduler
</UL>

<P><STRONG><a name="[9]"></a>PendSV_Handler</STRONG> (Thumb, 88 bytes, Stack size 0 bytes, port.o(.emb_text))
<BR><BR>[Stack]<UL><LI>Max Depth = 32<LI>Call Chain = PendSV_Handler &rArr; vTaskSwitchContext &rArr; __2printf
</UL>
<BR>[Calls]<UL><LI><a href="#[72]">&gt;&gt;</a>&nbsp;&nbsp;&nbsp;vTaskSwitchContext
</UL>
<BR>[Address Reference Count : 1]<UL><LI> startup_stm32f40xx.o(RESET)
</UL>
<P><STRONG><a name="[1bc]"></a>vPortGetIPSR</STRONG> (Thumb, 6 bytes, Stack size 0 bytes, port.o(.emb_text), UNUSED)

<P><STRONG><a name="[1]"></a>Reset_Handler</STRONG> (Thumb, 8 bytes, Stack size 0 bytes, startup_stm32f40xx.o(.text))
<BR>[Address Reference Count : 1]<UL><LI> startup_stm32f40xx.o(RESET)
</UL>
<P><STRONG><a name="[1d]"></a>ADC_IRQHandler</STRONG> (Thumb, 0 bytes, Stack size 0 bytes, startup_stm32f40xx.o(.text))
<BR><BR>[Calls]<UL><LI><a href="#[1d]">&gt;&gt;</a>&nbsp;&nbsp;&nbsp;ADC_IRQHandler
</UL>
<BR>[Called By]<UL><LI><a href="#[1d]">&gt;&gt;</a>&nbsp;&nbsp;&nbsp;ADC_IRQHandler
</UL>
<BR>[Address Reference Count : 1]<UL><LI> startup_stm32f40xx.o(RESET)
</UL>
<P><STRONG><a name="[1f]"></a>CAN1_RX0_IRQHandler</STRONG> (Thumb, 0 bytes, Stack size 0 bytes, startup_stm32f40xx.o(.text))
<BR>[Address Reference Count : 1]<UL><LI> startup_stm32f40xx.o(RESET)
</UL>
<P><STRONG><a name="[20]"></a>CAN1_RX1_IRQHandler</STRONG> (Thumb, 0 bytes, Stack size 0 bytes, startup_stm32f40xx.o(.text))
<BR>[Address Reference Count : 1]<UL><LI> startup_stm32f40xx.o(RESET)
</UL>
<P><STRONG><a name="[21]"></a>CAN1_SCE_IRQHandler</STRONG> (Thumb, 0 bytes, Stack size 0 bytes, startup_stm32f40xx.o(.text))
<BR>[Address Reference Count : 1]<UL><LI> startup_stm32f40xx.o(RESET)
</UL>
<P><STRONG><a name="[1e]"></a>CAN1_TX_IRQHandler</STRONG> (Thumb, 0 bytes, Stack size 0 bytes, startup_stm32f40xx.o(.text))
<BR>[Address Reference Count : 1]<UL><LI> startup_stm32f40xx.o(RESET)
</UL>
<P><STRONG><a name="[4b]"></a>CAN2_RX0_IRQHandler</STRONG> (Thumb, 0 bytes, Stack size 0 bytes, startup_stm32f40xx.o(.text))
<BR>[Address Reference Count : 1]<UL><LI> startup_stm32f40xx.o(RESET)
</UL>
<P><STRONG><a name="[4c]"></a>CAN2_RX1_IRQHandler</STRONG> (Thumb, 0 bytes, Stack size 0 bytes, startup_stm32f40xx.o(.text))
<BR>[Address Reference Count : 1]<UL><LI> startup_stm32f40xx.o(RESET)
</UL>
<P><STRONG><a name="[4d]"></a>CAN2_SCE_IRQHandler</STRONG> (Thumb, 0 bytes, Stack size 0 bytes, startup_stm32f40xx.o(.text))
<BR>[Address Reference Count : 1]<UL><LI> startup_stm32f40xx.o(RESET)
</UL>
<P><STRONG><a name="[4a]"></a>CAN2_TX_IRQHandler</STRONG> (Thumb, 0 bytes, Stack size 0 bytes, startup_stm32f40xx.o(.text))
<BR>[Address Reference Count : 1]<UL><LI> startup_stm32f40xx.o(RESET)
</UL>
<P><STRONG><a name="[5a]"></a>CRYP_IRQHandler</STRONG> (Thumb, 0 bytes, Stack size 0 bytes, startup_stm32f40xx.o(.text))
<BR>[Address Reference Count : 1]<UL><LI> startup_stm32f40xx.o(RESET)
</UL>
<P><STRONG><a name="[59]"></a>DCMI_IRQHandler</STRONG> (Thumb, 0 bytes, Stack size 0 bytes, startup_stm32f40xx.o(.text))
<BR>[Address Reference Count : 1]<UL><LI> startup_stm32f40xx.o(RESET)
</UL>
<P><STRONG><a name="[16]"></a>DMA1_Stream0_IRQHandler</STRONG> (Thumb, 0 bytes, Stack size 0 bytes, startup_stm32f40xx.o(.text))
<BR>[Address Reference Count : 1]<UL><LI> startup_stm32f40xx.o(RESET)
</UL>
<P><STRONG><a name="[17]"></a>DMA1_Stream1_IRQHandler</STRONG> (Thumb, 0 bytes, Stack size 0 bytes, startup_stm32f40xx.o(.text))
<BR>[Address Reference Count : 1]<UL><LI> startup_stm32f40xx.o(RESET)
</UL>
<P><STRONG><a name="[18]"></a>DMA1_Stream2_IRQHandler</STRONG> (Thumb, 0 bytes, Stack size 0 bytes, startup_stm32f40xx.o(.text))
<BR>[Address Reference Count : 1]<UL><LI> startup_stm32f40xx.o(RESET)
</UL>
<P><STRONG><a name="[19]"></a>DMA1_Stream3_IRQHandler</STRONG> (Thumb, 0 bytes, Stack size 0 bytes, startup_stm32f40xx.o(.text))
<BR>[Address Reference Count : 1]<UL><LI> startup_stm32f40xx.o(RESET)
</UL>
<P><STRONG><a name="[1a]"></a>DMA1_Stream4_IRQHandler</STRONG> (Thumb, 0 bytes, Stack size 0 bytes, startup_stm32f40xx.o(.text))
<BR>[Address Reference Count : 1]<UL><LI> startup_stm32f40xx.o(RESET)
</UL>
<P><STRONG><a name="[1b]"></a>DMA1_Stream5_IRQHandler</STRONG> (Thumb, 0 bytes, Stack size 0 bytes, startup_stm32f40xx.o(.text))
<BR>[Address Reference Count : 1]<UL><LI> startup_stm32f40xx.o(RESET)
</UL>
<P><STRONG><a name="[1c]"></a>DMA1_Stream6_IRQHandler</STRONG> (Thumb, 0 bytes, Stack size 0 bytes, startup_stm32f40xx.o(.text))
<BR>[Address Reference Count : 1]<UL><LI> startup_stm32f40xx.o(RESET)
</UL>
<P><STRONG><a name="[3a]"></a>DMA1_Stream7_IRQHandler</STRONG> (Thumb, 0 bytes, Stack size 0 bytes, startup_stm32f40xx.o(.text))
<BR>[Address Reference Count : 1]<UL><LI> startup_stm32f40xx.o(RESET)
</UL>
<P><STRONG><a name="[43]"></a>DMA2_Stream0_IRQHandler</STRONG> (Thumb, 0 bytes, Stack size 0 bytes, startup_stm32f40xx.o(.text))
<BR>[Address Reference Count : 1]<UL><LI> startup_stm32f40xx.o(RESET)
</UL>
<P><STRONG><a name="[44]"></a>DMA2_Stream1_IRQHandler</STRONG> (Thumb, 0 bytes, Stack size 0 bytes, startup_stm32f40xx.o(.text))
<BR>[Address Reference Count : 1]<UL><LI> startup_stm32f40xx.o(RESET)
</UL>
<P><STRONG><a name="[45]"></a>DMA2_Stream2_IRQHandler</STRONG> (Thumb, 0 bytes, Stack size 0 bytes, startup_stm32f40xx.o(.text))
<BR>[Address Reference Count : 1]<UL><LI> startup_stm32f40xx.o(RESET)
</UL>
<P><STRONG><a name="[46]"></a>DMA2_Stream3_IRQHandler</STRONG> (Thumb, 0 bytes, Stack size 0 bytes, startup_stm32f40xx.o(.text))
<BR>[Address Reference Count : 1]<UL><LI> startup_stm32f40xx.o(RESET)
</UL>
<P><STRONG><a name="[47]"></a>DMA2_Stream4_IRQHandler</STRONG> (Thumb, 0 bytes, Stack size 0 bytes, startup_stm32f40xx.o(.text))
<BR>[Address Reference Count : 1]<UL><LI> startup_stm32f40xx.o(RESET)
</UL>
<P><STRONG><a name="[4f]"></a>DMA2_Stream5_IRQHandler</STRONG> (Thumb, 0 bytes, Stack size 0 bytes, startup_stm32f40xx.o(.text))
<BR>[Address Reference Count : 1]<UL><LI> startup_stm32f40xx.o(RESET)
</UL>
<P><STRONG><a name="[50]"></a>DMA2_Stream6_IRQHandler</STRONG> (Thumb, 0 bytes, Stack size 0 bytes, startup_stm32f40xx.o(.text))
<BR>[Address Reference Count : 1]<UL><LI> startup_stm32f40xx.o(RESET)
</UL>
<P><STRONG><a name="[51]"></a>DMA2_Stream7_IRQHandler</STRONG> (Thumb, 0 bytes, Stack size 0 bytes, startup_stm32f40xx.o(.text))
<BR>[Address Reference Count : 1]<UL><LI> startup_stm32f40xx.o(RESET)
</UL>
<P><STRONG><a name="[48]"></a>ETH_IRQHandler</STRONG> (Thumb, 0 bytes, Stack size 0 bytes, startup_stm32f40xx.o(.text))
<BR>[Address Reference Count : 1]<UL><LI> startup_stm32f40xx.o(RESET)
</UL>
<P><STRONG><a name="[49]"></a>ETH_WKUP_IRQHandler</STRONG> (Thumb, 0 bytes, Stack size 0 bytes, startup_stm32f40xx.o(.text))
<BR>[Address Reference Count : 1]<UL><LI> startup_stm32f40xx.o(RESET)
</UL>
<P><STRONG><a name="[11]"></a>EXTI0_IRQHandler</STRONG> (Thumb, 0 bytes, Stack size 0 bytes, startup_stm32f40xx.o(.text))
<BR>[Address Reference Count : 1]<UL><LI> startup_stm32f40xx.o(RESET)
</UL>
<P><STRONG><a name="[33]"></a>EXTI15_10_IRQHandler</STRONG> (Thumb, 0 bytes, Stack size 0 bytes, startup_stm32f40xx.o(.text))
<BR>[Address Reference Count : 1]<UL><LI> startup_stm32f40xx.o(RESET)
</UL>
<P><STRONG><a name="[12]"></a>EXTI1_IRQHandler</STRONG> (Thumb, 0 bytes, Stack size 0 bytes, startup_stm32f40xx.o(.text))
<BR>[Address Reference Count : 1]<UL><LI> startup_stm32f40xx.o(RESET)
</UL>
<P><STRONG><a name="[13]"></a>EXTI2_IRQHandler</STRONG> (Thumb, 0 bytes, Stack size 0 bytes, startup_stm32f40xx.o(.text))
<BR>[Address Reference Count : 1]<UL><LI> startup_stm32f40xx.o(RESET)
</UL>
<P><STRONG><a name="[14]"></a>EXTI3_IRQHandler</STRONG> (Thumb, 0 bytes, Stack size 0 bytes, startup_stm32f40xx.o(.text))
<BR>[Address Reference Count : 1]<UL><LI> startup_stm32f40xx.o(RESET)
</UL>
<P><STRONG><a name="[15]"></a>EXTI4_IRQHandler</STRONG> (Thumb, 0 bytes, Stack size 0 bytes, startup_stm32f40xx.o(.text))
<BR>[Address Reference Count : 1]<UL><LI> startup_stm32f40xx.o(RESET)
</UL>
<P><STRONG><a name="[22]"></a>EXTI9_5_IRQHandler</STRONG> (Thumb, 0 bytes, Stack size 0 bytes, startup_stm32f40xx.o(.text))
<BR>[Address Reference Count : 1]<UL><LI> startup_stm32f40xx.o(RESET)
</UL>
<P><STRONG><a name="[f]"></a>FLASH_IRQHandler</STRONG> (Thumb, 0 bytes, Stack size 0 bytes, startup_stm32f40xx.o(.text))
<BR>[Address Reference Count : 1]<UL><LI> startup_stm32f40xx.o(RESET)
</UL>
<P><STRONG><a name="[5c]"></a>FPU_IRQHandler</STRONG> (Thumb, 0 bytes, Stack size 0 bytes, startup_stm32f40xx.o(.text))
<BR>[Address Reference Count : 1]<UL><LI> startup_stm32f40xx.o(RESET)
</UL>
<P><STRONG><a name="[3b]"></a>FSMC_IRQHandler</STRONG> (Thumb, 0 bytes, Stack size 0 bytes, startup_stm32f40xx.o(.text))
<BR>[Address Reference Count : 1]<UL><LI> startup_stm32f40xx.o(RESET)
</UL>
<P><STRONG><a name="[5b]"></a>HASH_RNG_IRQHandler</STRONG> (Thumb, 0 bytes, Stack size 0 bytes, startup_stm32f40xx.o(.text))
<BR>[Address Reference Count : 1]<UL><LI> startup_stm32f40xx.o(RESET)
</UL>
<P><STRONG><a name="[2b]"></a>I2C1_ER_IRQHandler</STRONG> (Thumb, 0 bytes, Stack size 0 bytes, startup_stm32f40xx.o(.text))
<BR>[Address Reference Count : 1]<UL><LI> startup_stm32f40xx.o(RESET)
</UL>
<P><STRONG><a name="[2a]"></a>I2C1_EV_IRQHandler</STRONG> (Thumb, 0 bytes, Stack size 0 bytes, startup_stm32f40xx.o(.text))
<BR>[Address Reference Count : 1]<UL><LI> startup_stm32f40xx.o(RESET)
</UL>
<P><STRONG><a name="[2d]"></a>I2C2_ER_IRQHandler</STRONG> (Thumb, 0 bytes, Stack size 0 bytes, startup_stm32f40xx.o(.text))
<BR>[Address Reference Count : 1]<UL><LI> startup_stm32f40xx.o(RESET)
</UL>
<P><STRONG><a name="[2c]"></a>I2C2_EV_IRQHandler</STRONG> (Thumb, 0 bytes, Stack size 0 bytes, startup_stm32f40xx.o(.text))
<BR>[Address Reference Count : 1]<UL><LI> startup_stm32f40xx.o(RESET)
</UL>
<P><STRONG><a name="[54]"></a>I2C3_ER_IRQHandler</STRONG> (Thumb, 0 bytes, Stack size 0 bytes, startup_stm32f40xx.o(.text))
<BR>[Address Reference Count : 1]<UL><LI> startup_stm32f40xx.o(RESET)
</UL>
<P><STRONG><a name="[53]"></a>I2C3_EV_IRQHandler</STRONG> (Thumb, 0 bytes, Stack size 0 bytes, startup_stm32f40xx.o(.text))
<BR>[Address Reference Count : 1]<UL><LI> startup_stm32f40xx.o(RESET)
</UL>
<P><STRONG><a name="[4e]"></a>OTG_FS_IRQHandler</STRONG> (Thumb, 0 bytes, Stack size 0 bytes, startup_stm32f40xx.o(.text))
<BR>[Address Reference Count : 1]<UL><LI> startup_stm32f40xx.o(RESET)
</UL>
<P><STRONG><a name="[35]"></a>OTG_FS_WKUP_IRQHandler</STRONG> (Thumb, 0 bytes, Stack size 0 bytes, startup_stm32f40xx.o(.text))
<BR>[Address Reference Count : 1]<UL><LI> startup_stm32f40xx.o(RESET)
</UL>
<P><STRONG><a name="[56]"></a>OTG_HS_EP1_IN_IRQHandler</STRONG> (Thumb, 0 bytes, Stack size 0 bytes, startup_stm32f40xx.o(.text))
<BR>[Address Reference Count : 1]<UL><LI> startup_stm32f40xx.o(RESET)
</UL>
<P><STRONG><a name="[55]"></a>OTG_HS_EP1_OUT_IRQHandler</STRONG> (Thumb, 0 bytes, Stack size 0 bytes, startup_stm32f40xx.o(.text))
<BR>[Address Reference Count : 1]<UL><LI> startup_stm32f40xx.o(RESET)
</UL>
<P><STRONG><a name="[58]"></a>OTG_HS_IRQHandler</STRONG> (Thumb, 0 bytes, Stack size 0 bytes, startup_stm32f40xx.o(.text))
<BR>[Address Reference Count : 1]<UL><LI> startup_stm32f40xx.o(RESET)
</UL>
<P><STRONG><a name="[57]"></a>OTG_HS_WKUP_IRQHandler</STRONG> (Thumb, 0 bytes, Stack size 0 bytes, startup_stm32f40xx.o(.text))
<BR>[Address Reference Count : 1]<UL><LI> startup_stm32f40xx.o(RESET)
</UL>
<P><STRONG><a name="[c]"></a>PVD_IRQHandler</STRONG> (Thumb, 0 bytes, Stack size 0 bytes, startup_stm32f40xx.o(.text))
<BR>[Address Reference Count : 1]<UL><LI> startup_stm32f40xx.o(RESET)
</UL>
<P><STRONG><a name="[10]"></a>RCC_IRQHandler</STRONG> (Thumb, 0 bytes, Stack size 0 bytes, startup_stm32f40xx.o(.text))
<BR>[Address Reference Count : 1]<UL><LI> startup_stm32f40xx.o(RESET)
</UL>
<P><STRONG><a name="[34]"></a>RTC_Alarm_IRQHandler</STRONG> (Thumb, 0 bytes, Stack size 0 bytes, startup_stm32f40xx.o(.text))
<BR>[Address Reference Count : 1]<UL><LI> startup_stm32f40xx.o(RESET)
</UL>
<P><STRONG><a name="[e]"></a>RTC_WKUP_IRQHandler</STRONG> (Thumb, 0 bytes, Stack size 0 bytes, startup_stm32f40xx.o(.text))
<BR>[Address Reference Count : 1]<UL><LI> startup_stm32f40xx.o(RESET)
</UL>
<P><STRONG><a name="[3c]"></a>SDIO_IRQHandler</STRONG> (Thumb, 0 bytes, Stack size 0 bytes, startup_stm32f40xx.o(.text))
<BR>[Address Reference Count : 1]<UL><LI> startup_stm32f40xx.o(RESET)
</UL>
<P><STRONG><a name="[2e]"></a>SPI1_IRQHandler</STRONG> (Thumb, 0 bytes, Stack size 0 bytes, startup_stm32f40xx.o(.text))
<BR>[Address Reference Count : 1]<UL><LI> startup_stm32f40xx.o(RESET)
</UL>
<P><STRONG><a name="[2f]"></a>SPI2_IRQHandler</STRONG> (Thumb, 0 bytes, Stack size 0 bytes, startup_stm32f40xx.o(.text))
<BR>[Address Reference Count : 1]<UL><LI> startup_stm32f40xx.o(RESET)
</UL>
<P><STRONG><a name="[3e]"></a>SPI3_IRQHandler</STRONG> (Thumb, 0 bytes, Stack size 0 bytes, startup_stm32f40xx.o(.text))
<BR>[Address Reference Count : 1]<UL><LI> startup_stm32f40xx.o(RESET)
</UL>
<P><STRONG><a name="[d]"></a>TAMP_STAMP_IRQHandler</STRONG> (Thumb, 0 bytes, Stack size 0 bytes, startup_stm32f40xx.o(.text))
<BR>[Address Reference Count : 1]<UL><LI> startup_stm32f40xx.o(RESET)
</UL>
<P><STRONG><a name="[23]"></a>TIM1_BRK_TIM9_IRQHandler</STRONG> (Thumb, 0 bytes, Stack size 0 bytes, startup_stm32f40xx.o(.text))
<BR>[Address Reference Count : 1]<UL><LI> startup_stm32f40xx.o(RESET)
</UL>
<P><STRONG><a name="[26]"></a>TIM1_CC_IRQHandler</STRONG> (Thumb, 0 bytes, Stack size 0 bytes, startup_stm32f40xx.o(.text))
<BR>[Address Reference Count : 1]<UL><LI> startup_stm32f40xx.o(RESET)
</UL>
<P><STRONG><a name="[25]"></a>TIM1_TRG_COM_TIM11_IRQHandler</STRONG> (Thumb, 0 bytes, Stack size 0 bytes, startup_stm32f40xx.o(.text))
<BR>[Address Reference Count : 1]<UL><LI> startup_stm32f40xx.o(RESET)
</UL>
<P><STRONG><a name="[24]"></a>TIM1_UP_TIM10_IRQHandler</STRONG> (Thumb, 0 bytes, Stack size 0 bytes, startup_stm32f40xx.o(.text))
<BR>[Address Reference Count : 1]<UL><LI> startup_stm32f40xx.o(RESET)
</UL>
<P><STRONG><a name="[27]"></a>TIM2_IRQHandler</STRONG> (Thumb, 0 bytes, Stack size 0 bytes, startup_stm32f40xx.o(.text))
<BR>[Address Reference Count : 1]<UL><LI> startup_stm32f40xx.o(RESET)
</UL>
<P><STRONG><a name="[28]"></a>TIM3_IRQHandler</STRONG> (Thumb, 0 bytes, Stack size 0 bytes, startup_stm32f40xx.o(.text))
<BR>[Address Reference Count : 1]<UL><LI> startup_stm32f40xx.o(RESET)
</UL>
<P><STRONG><a name="[3d]"></a>TIM5_IRQHandler</STRONG> (Thumb, 0 bytes, Stack size 0 bytes, startup_stm32f40xx.o(.text))
<BR>[Address Reference Count : 1]<UL><LI> startup_stm32f40xx.o(RESET)
</UL>
<P><STRONG><a name="[41]"></a>TIM6_DAC_IRQHandler</STRONG> (Thumb, 0 bytes, Stack size 0 bytes, startup_stm32f40xx.o(.text))
<BR>[Address Reference Count : 1]<UL><LI> startup_stm32f40xx.o(RESET)
</UL>
<P><STRONG><a name="[42]"></a>TIM7_IRQHandler</STRONG> (Thumb, 0 bytes, Stack size 0 bytes, startup_stm32f40xx.o(.text))
<BR>[Address Reference Count : 1]<UL><LI> startup_stm32f40xx.o(RESET)
</UL>
<P><STRONG><a name="[36]"></a>TIM8_BRK_TIM12_IRQHandler</STRONG> (Thumb, 0 bytes, Stack size 0 bytes, startup_stm32f40xx.o(.text))
<BR>[Address Reference Count : 1]<UL><LI> startup_stm32f40xx.o(RESET)
</UL>
<P><STRONG><a name="[39]"></a>TIM8_CC_IRQHandler</STRONG> (Thumb, 0 bytes, Stack size 0 bytes, startup_stm32f40xx.o(.text))
<BR>[Address Reference Count : 1]<UL><LI> startup_stm32f40xx.o(RESET)
</UL>
<P><STRONG><a name="[38]"></a>TIM8_TRG_COM_TIM14_IRQHandler</STRONG> (Thumb, 0 bytes, Stack size 0 bytes, startup_stm32f40xx.o(.text))
<BR>[Address Reference Count : 1]<UL><LI> startup_stm32f40xx.o(RESET)
</UL>
<P><STRONG><a name="[37]"></a>TIM8_UP_TIM13_IRQHandler</STRONG> (Thumb, 0 bytes, Stack size 0 bytes, startup_stm32f40xx.o(.text))
<BR>[Address Reference Count : 1]<UL><LI> startup_stm32f40xx.o(RESET)
</UL>
<P><STRONG><a name="[3f]"></a>UART4_IRQHandler</STRONG> (Thumb, 0 bytes, Stack size 0 bytes, startup_stm32f40xx.o(.text))
<BR>[Address Reference Count : 1]<UL><LI> startup_stm32f40xx.o(RESET)
</UL>
<P><STRONG><a name="[40]"></a>UART5_IRQHandler</STRONG> (Thumb, 0 bytes, Stack size 0 bytes, startup_stm32f40xx.o(.text))
<BR>[Address Reference Count : 1]<UL><LI> startup_stm32f40xx.o(RESET)
</UL>
<P><STRONG><a name="[52]"></a>USART6_IRQHandler</STRONG> (Thumb, 0 bytes, Stack size 0 bytes, startup_stm32f40xx.o(.text))
<BR>[Address Reference Count : 1]<UL><LI> startup_stm32f40xx.o(RESET)
</UL>
<P><STRONG><a name="[b]"></a>WWDG_IRQHandler</STRONG> (Thumb, 0 bytes, Stack size 0 bytes, startup_stm32f40xx.o(.text))
<BR>[Address Reference Count : 1]<UL><LI> startup_stm32f40xx.o(RESET)
</UL>
<P><STRONG><a name="[12c]"></a>__aeabi_memcpy</STRONG> (Thumb, 36 bytes, Stack size 0 bytes, memcpya.o(.text))
<BR><BR>[Called By]<UL><LI><a href="#[10b]">&gt;&gt;</a>&nbsp;&nbsp;&nbsp;Mqttaemqx_gpsdata
<LI><a href="#[10d]">&gt;&gt;</a>&nbsp;&nbsp;&nbsp;Mqttaemqx_cpu_temp
<LI><a href="#[10c]">&gt;&gt;</a>&nbsp;&nbsp;&nbsp;Mqttaemqx_battry
<LI><a href="#[12d]">&gt;&gt;</a>&nbsp;&nbsp;&nbsp;Mqttaliyun_Savedata
<LI><a href="#[187]">&gt;&gt;</a>&nbsp;&nbsp;&nbsp;prvCopyDataToQueue
<LI><a href="#[186]">&gt;&gt;</a>&nbsp;&nbsp;&nbsp;prvCopyDataFromQueue
</UL>

<P><STRONG><a name="[12b]"></a>__aeabi_memcpy4</STRONG> (Thumb, 0 bytes, Stack size 0 bytes, memcpya.o(.text))
<BR><BR>[Called By]<UL><LI><a href="#[10b]">&gt;&gt;</a>&nbsp;&nbsp;&nbsp;Mqttaemqx_gpsdata
<LI><a href="#[10d]">&gt;&gt;</a>&nbsp;&nbsp;&nbsp;Mqttaemqx_cpu_temp
<LI><a href="#[10c]">&gt;&gt;</a>&nbsp;&nbsp;&nbsp;Mqttaemqx_battry
<LI><a href="#[12d]">&gt;&gt;</a>&nbsp;&nbsp;&nbsp;Mqttaliyun_Savedata
</UL>

<P><STRONG><a name="[1bd]"></a>__aeabi_memcpy8</STRONG> (Thumb, 0 bytes, Stack size 0 bytes, memcpya.o(.text), UNUSED)

<P><STRONG><a name="[74]"></a>__aeabi_memset</STRONG> (Thumb, 14 bytes, Stack size 0 bytes, memseta.o(.text))
<BR><BR>[Called By]<UL><LI><a href="#[18c]">&gt;&gt;</a>&nbsp;&nbsp;&nbsp;prvInitialiseNewTask
<LI><a href="#[75]">&gt;&gt;</a>&nbsp;&nbsp;&nbsp;memset
<LI><a href="#[73]">&gt;&gt;</a>&nbsp;&nbsp;&nbsp;__aeabi_memclr
</UL>

<P><STRONG><a name="[1be]"></a>__aeabi_memset4</STRONG> (Thumb, 0 bytes, Stack size 0 bytes, memseta.o(.text), UNUSED)

<P><STRONG><a name="[1bf]"></a>__aeabi_memset8</STRONG> (Thumb, 0 bytes, Stack size 0 bytes, memseta.o(.text), UNUSED)

<P><STRONG><a name="[73]"></a>__aeabi_memclr</STRONG> (Thumb, 4 bytes, Stack size 0 bytes, memseta.o(.text))
<BR><BR>[Calls]<UL><LI><a href="#[74]">&gt;&gt;</a>&nbsp;&nbsp;&nbsp;__aeabi_memset
</UL>
<BR>[Called By]<UL><LI><a href="#[bf]">&gt;&gt;</a>&nbsp;&nbsp;&nbsp;Clear_Buffer
<LI><a href="#[67]">&gt;&gt;</a>&nbsp;&nbsp;&nbsp;IOT_Usart_Task
</UL>

<P><STRONG><a name="[ec]"></a>__aeabi_memclr4</STRONG> (Thumb, 0 bytes, Stack size 0 bytes, memseta.o(.text))
<BR><BR>[Called By]<UL><LI><a href="#[111]">&gt;&gt;</a>&nbsp;&nbsp;&nbsp;link_platfrom_f
<LI><a href="#[e9]">&gt;&gt;</a>&nbsp;&nbsp;&nbsp;Get_GPS_CJ02
<LI><a href="#[10b]">&gt;&gt;</a>&nbsp;&nbsp;&nbsp;Mqttaemqx_gpsdata
<LI><a href="#[10d]">&gt;&gt;</a>&nbsp;&nbsp;&nbsp;Mqttaemqx_cpu_temp
<LI><a href="#[10c]">&gt;&gt;</a>&nbsp;&nbsp;&nbsp;Mqttaemqx_battry
<LI><a href="#[69]">&gt;&gt;</a>&nbsp;&nbsp;&nbsp;Idel_Task
<LI><a href="#[12d]">&gt;&gt;</a>&nbsp;&nbsp;&nbsp;Mqttaliyun_Savedata
<LI><a href="#[63]">&gt;&gt;</a>&nbsp;&nbsp;&nbsp;Iot_Recv_Task
<LI><a href="#[62]">&gt;&gt;</a>&nbsp;&nbsp;&nbsp;Iot_Pubsh_Task
</UL>

<P><STRONG><a name="[1c0]"></a>__aeabi_memclr8</STRONG> (Thumb, 0 bytes, Stack size 0 bytes, memseta.o(.text), UNUSED)

<P><STRONG><a name="[75]"></a>memset</STRONG> (Thumb, 18 bytes, Stack size 8 bytes, memseta.o(.text), UNUSED)
<BR><BR>[Calls]<UL><LI><a href="#[74]">&gt;&gt;</a>&nbsp;&nbsp;&nbsp;__aeabi_memset
</UL>

<P><STRONG><a name="[ea]"></a>strstr</STRONG> (Thumb, 36 bytes, Stack size 12 bytes, strstr.o(.text))
<BR><BR>[Stack]<UL><LI>Max Depth = 12<LI>Call Chain = strstr
</UL>
<BR>[Called By]<UL><LI><a href="#[111]">&gt;&gt;</a>&nbsp;&nbsp;&nbsp;link_platfrom_f
<LI><a href="#[e9]">&gt;&gt;</a>&nbsp;&nbsp;&nbsp;Get_GPS_CJ02
<LI><a href="#[f3]">&gt;&gt;</a>&nbsp;&nbsp;&nbsp;Prgmc_to_Wgs
<LI><a href="#[125]">&gt;&gt;</a>&nbsp;&nbsp;&nbsp;Map_Cj02_to_Wgs
<LI><a href="#[68]">&gt;&gt;</a>&nbsp;&nbsp;&nbsp;Iot_Init_Task
<LI><a href="#[67]">&gt;&gt;</a>&nbsp;&nbsp;&nbsp;IOT_Usart_Task
<LI><a href="#[102]">&gt;&gt;</a>&nbsp;&nbsp;&nbsp;find_and_copy
<LI><a href="#[63]">&gt;&gt;</a>&nbsp;&nbsp;&nbsp;Iot_Recv_Task
</UL>

<P><STRONG><a name="[11b]"></a>strlen</STRONG> (Thumb, 14 bytes, Stack size 0 bytes, strlen.o(.text))
<BR><BR>[Called By]<UL><LI><a href="#[126]">&gt;&gt;</a>&nbsp;&nbsp;&nbsp;atofx
<LI><a href="#[10b]">&gt;&gt;</a>&nbsp;&nbsp;&nbsp;Mqttaemqx_gpsdata
<LI><a href="#[10d]">&gt;&gt;</a>&nbsp;&nbsp;&nbsp;Mqttaemqx_cpu_temp
<LI><a href="#[10c]">&gt;&gt;</a>&nbsp;&nbsp;&nbsp;Mqttaemqx_battry
<LI><a href="#[11d]">&gt;&gt;</a>&nbsp;&nbsp;&nbsp;sub_str
<LI><a href="#[115]">&gt;&gt;</a>&nbsp;&nbsp;&nbsp;str_cmp
<LI><a href="#[104]">&gt;&gt;</a>&nbsp;&nbsp;&nbsp;removeLastN
<LI><a href="#[101]">&gt;&gt;</a>&nbsp;&nbsp;&nbsp;find_string
<LI><a href="#[102]">&gt;&gt;</a>&nbsp;&nbsp;&nbsp;find_and_copy
<LI><a href="#[12d]">&gt;&gt;</a>&nbsp;&nbsp;&nbsp;Mqttaliyun_Savedata
<LI><a href="#[63]">&gt;&gt;</a>&nbsp;&nbsp;&nbsp;Iot_Recv_Task
</UL>

<P><STRONG><a name="[100]"></a>strcpy</STRONG> (Thumb, 18 bytes, Stack size 0 bytes, strcpy.o(.text))
<BR><BR>[Called By]<UL><LI><a href="#[67]">&gt;&gt;</a>&nbsp;&nbsp;&nbsp;IOT_Usart_Task
<LI><a href="#[102]">&gt;&gt;</a>&nbsp;&nbsp;&nbsp;find_and_copy
<LI><a href="#[63]">&gt;&gt;</a>&nbsp;&nbsp;&nbsp;Iot_Recv_Task
</UL>

<P><STRONG><a name="[11c]"></a>strncmp</STRONG> (Thumb, 30 bytes, Stack size 12 bytes, strncmp.o(.text))
<BR><BR>[Stack]<UL><LI>Max Depth = 12<LI>Call Chain = strncmp
</UL>
<BR>[Called By]<UL><LI><a href="#[101]">&gt;&gt;</a>&nbsp;&nbsp;&nbsp;find_string
<LI><a href="#[63]">&gt;&gt;</a>&nbsp;&nbsp;&nbsp;Iot_Recv_Task
</UL>

<P><STRONG><a name="[76]"></a>__aeabi_dadd</STRONG> (Thumb, 322 bytes, Stack size 48 bytes, dadd.o(.text))
<BR><BR>[Stack]<UL><LI>Max Depth = 88<LI>Call Chain = __aeabi_dadd &rArr; _double_epilogue &rArr; _double_round
</UL>
<BR>[Calls]<UL><LI><a href="#[78]">&gt;&gt;</a>&nbsp;&nbsp;&nbsp;__aeabi_lasr
<LI><a href="#[77]">&gt;&gt;</a>&nbsp;&nbsp;&nbsp;__aeabi_llsl
<LI><a href="#[7a]">&gt;&gt;</a>&nbsp;&nbsp;&nbsp;_double_round
<LI><a href="#[79]">&gt;&gt;</a>&nbsp;&nbsp;&nbsp;_double_epilogue
</UL>
<BR>[Called By]<UL><LI><a href="#[127]">&gt;&gt;</a>&nbsp;&nbsp;&nbsp;gcj02_to_wgs84
<LI><a href="#[7b]">&gt;&gt;</a>&nbsp;&nbsp;&nbsp;__aeabi_dsub
<LI><a href="#[7c]">&gt;&gt;</a>&nbsp;&nbsp;&nbsp;__aeabi_drsub
<LI><a href="#[f1]">&gt;&gt;</a>&nbsp;&nbsp;&nbsp;Get_Temprate
<LI><a href="#[e9]">&gt;&gt;</a>&nbsp;&nbsp;&nbsp;Get_GPS_CJ02
<LI><a href="#[130]">&gt;&gt;</a>&nbsp;&nbsp;&nbsp;pid_control
<LI><a href="#[f5]">&gt;&gt;</a>&nbsp;&nbsp;&nbsp;kalman_filter_lon
<LI><a href="#[f4]">&gt;&gt;</a>&nbsp;&nbsp;&nbsp;kalman_filter_lat
<LI><a href="#[cd]">&gt;&gt;</a>&nbsp;&nbsp;&nbsp;convert_to_compass
<LI><a href="#[126]">&gt;&gt;</a>&nbsp;&nbsp;&nbsp;atofx
<LI><a href="#[f3]">&gt;&gt;</a>&nbsp;&nbsp;&nbsp;Prgmc_to_Wgs
<LI><a href="#[131]">&gt;&gt;</a>&nbsp;&nbsp;&nbsp;Pid_Rotate
<LI><a href="#[12f]">&gt;&gt;</a>&nbsp;&nbsp;&nbsp;Pid_Frow
<LI><a href="#[cb]">&gt;&gt;</a>&nbsp;&nbsp;&nbsp;LongLat2XY
<LI><a href="#[cc]">&gt;&gt;</a>&nbsp;&nbsp;&nbsp;Distance
<LI><a href="#[c2]">&gt;&gt;</a>&nbsp;&nbsp;&nbsp;Compass_check
<LI><a href="#[11f]">&gt;&gt;</a>&nbsp;&nbsp;&nbsp;JXCT_TDS_Get_TDS
<LI><a href="#[f0]">&gt;&gt;</a>&nbsp;&nbsp;&nbsp;Get_PH_Value
<LI><a href="#[145]">&gt;&gt;</a>&nbsp;&nbsp;&nbsp;Sensores_Data_Proessing
<LI><a href="#[eb]">&gt;&gt;</a>&nbsp;&nbsp;&nbsp;wgs84_to_gcj02
<LI><a href="#[178]">&gt;&gt;</a>&nbsp;&nbsp;&nbsp;transform_lng
<LI><a href="#[177]">&gt;&gt;</a>&nbsp;&nbsp;&nbsp;transform_lat
<LI><a href="#[8f]">&gt;&gt;</a>&nbsp;&nbsp;&nbsp;bmp280_compensate_P_double
<LI><a href="#[df]">&gt;&gt;</a>&nbsp;&nbsp;&nbsp;__hardfp_pow
<LI><a href="#[16a]">&gt;&gt;</a>&nbsp;&nbsp;&nbsp;__kernel_tan
<LI><a href="#[164]">&gt;&gt;</a>&nbsp;&nbsp;&nbsp;__kernel_sin
<LI><a href="#[163]">&gt;&gt;</a>&nbsp;&nbsp;&nbsp;__ieee754_rem_pio2
<LI><a href="#[15e]">&gt;&gt;</a>&nbsp;&nbsp;&nbsp;__kernel_poly
<LI><a href="#[15f]">&gt;&gt;</a>&nbsp;&nbsp;&nbsp;__mathlib_dbl_infnan2
<LI><a href="#[15a]">&gt;&gt;</a>&nbsp;&nbsp;&nbsp;__mathlib_dbl_infnan
<LI><a href="#[159]">&gt;&gt;</a>&nbsp;&nbsp;&nbsp;__hardfp_atan
<LI><a href="#[16b]">&gt;&gt;</a>&nbsp;&nbsp;&nbsp;_fp_digits
</UL>

<P><STRONG><a name="[7b]"></a>__aeabi_dsub</STRONG> (Thumb, 6 bytes, Stack size 0 bytes, dadd.o(.text))
<BR><BR>[Stack]<UL><LI>Max Depth = 88<LI>Call Chain = __aeabi_dsub &rArr; __aeabi_dadd &rArr; _double_epilogue &rArr; _double_round
</UL>
<BR>[Calls]<UL><LI><a href="#[76]">&gt;&gt;</a>&nbsp;&nbsp;&nbsp;__aeabi_dadd
</UL>
<BR>[Called By]<UL><LI><a href="#[127]">&gt;&gt;</a>&nbsp;&nbsp;&nbsp;gcj02_to_wgs84
<LI><a href="#[f1]">&gt;&gt;</a>&nbsp;&nbsp;&nbsp;Get_Temprate
<LI><a href="#[e9]">&gt;&gt;</a>&nbsp;&nbsp;&nbsp;Get_GPS_CJ02
<LI><a href="#[e8]">&gt;&gt;</a>&nbsp;&nbsp;&nbsp;Get_EmqxBattery_value
<LI><a href="#[130]">&gt;&gt;</a>&nbsp;&nbsp;&nbsp;pid_control
<LI><a href="#[f5]">&gt;&gt;</a>&nbsp;&nbsp;&nbsp;kalman_filter_lon
<LI><a href="#[f4]">&gt;&gt;</a>&nbsp;&nbsp;&nbsp;kalman_filter_lat
<LI><a href="#[179]">&gt;&gt;</a>&nbsp;&nbsp;&nbsp;get_angle_error
<LI><a href="#[cd]">&gt;&gt;</a>&nbsp;&nbsp;&nbsp;convert_to_compass
<LI><a href="#[f3]">&gt;&gt;</a>&nbsp;&nbsp;&nbsp;Prgmc_to_Wgs
<LI><a href="#[131]">&gt;&gt;</a>&nbsp;&nbsp;&nbsp;Pid_Rotate
<LI><a href="#[12f]">&gt;&gt;</a>&nbsp;&nbsp;&nbsp;Pid_Frow
<LI><a href="#[cb]">&gt;&gt;</a>&nbsp;&nbsp;&nbsp;LongLat2XY
<LI><a href="#[cc]">&gt;&gt;</a>&nbsp;&nbsp;&nbsp;Distance
<LI><a href="#[c2]">&gt;&gt;</a>&nbsp;&nbsp;&nbsp;Compass_check
<LI><a href="#[8a]">&gt;&gt;</a>&nbsp;&nbsp;&nbsp;Angle
<LI><a href="#[145]">&gt;&gt;</a>&nbsp;&nbsp;&nbsp;Sensores_Data_Proessing
<LI><a href="#[eb]">&gt;&gt;</a>&nbsp;&nbsp;&nbsp;wgs84_to_gcj02
<LI><a href="#[8f]">&gt;&gt;</a>&nbsp;&nbsp;&nbsp;bmp280_compensate_P_double
<LI><a href="#[df]">&gt;&gt;</a>&nbsp;&nbsp;&nbsp;__hardfp_pow
<LI><a href="#[8b]">&gt;&gt;</a>&nbsp;&nbsp;&nbsp;__hardfp_atan2
<LI><a href="#[16a]">&gt;&gt;</a>&nbsp;&nbsp;&nbsp;__kernel_tan
<LI><a href="#[164]">&gt;&gt;</a>&nbsp;&nbsp;&nbsp;__kernel_sin
<LI><a href="#[163]">&gt;&gt;</a>&nbsp;&nbsp;&nbsp;__ieee754_rem_pio2
<LI><a href="#[165]">&gt;&gt;</a>&nbsp;&nbsp;&nbsp;__kernel_cos
<LI><a href="#[159]">&gt;&gt;</a>&nbsp;&nbsp;&nbsp;__hardfp_atan
</UL>

<P><STRONG><a name="[7c]"></a>__aeabi_drsub</STRONG> (Thumb, 6 bytes, Stack size 0 bytes, dadd.o(.text))
<BR><BR>[Stack]<UL><LI>Max Depth = 88<LI>Call Chain = __aeabi_drsub &rArr; __aeabi_dadd &rArr; _double_epilogue &rArr; _double_round
</UL>
<BR>[Calls]<UL><LI><a href="#[76]">&gt;&gt;</a>&nbsp;&nbsp;&nbsp;__aeabi_dadd
</UL>
<BR>[Called By]<UL><LI><a href="#[127]">&gt;&gt;</a>&nbsp;&nbsp;&nbsp;gcj02_to_wgs84
<LI><a href="#[e8]">&gt;&gt;</a>&nbsp;&nbsp;&nbsp;Get_EmqxBattery_value
<LI><a href="#[cb]">&gt;&gt;</a>&nbsp;&nbsp;&nbsp;LongLat2XY
<LI><a href="#[cc]">&gt;&gt;</a>&nbsp;&nbsp;&nbsp;Distance
<LI><a href="#[8a]">&gt;&gt;</a>&nbsp;&nbsp;&nbsp;Angle
<LI><a href="#[ef]">&gt;&gt;</a>&nbsp;&nbsp;&nbsp;Get_NTU_value
<LI><a href="#[145]">&gt;&gt;</a>&nbsp;&nbsp;&nbsp;Sensores_Data_Proessing
<LI><a href="#[eb]">&gt;&gt;</a>&nbsp;&nbsp;&nbsp;wgs84_to_gcj02
<LI><a href="#[8f]">&gt;&gt;</a>&nbsp;&nbsp;&nbsp;bmp280_compensate_P_double
<LI><a href="#[df]">&gt;&gt;</a>&nbsp;&nbsp;&nbsp;__hardfp_pow
<LI><a href="#[8b]">&gt;&gt;</a>&nbsp;&nbsp;&nbsp;__hardfp_atan2
<LI><a href="#[16a]">&gt;&gt;</a>&nbsp;&nbsp;&nbsp;__kernel_tan
<LI><a href="#[164]">&gt;&gt;</a>&nbsp;&nbsp;&nbsp;__kernel_sin
<LI><a href="#[163]">&gt;&gt;</a>&nbsp;&nbsp;&nbsp;__ieee754_rem_pio2
<LI><a href="#[165]">&gt;&gt;</a>&nbsp;&nbsp;&nbsp;__kernel_cos
<LI><a href="#[159]">&gt;&gt;</a>&nbsp;&nbsp;&nbsp;__hardfp_atan
</UL>

<P><STRONG><a name="[7d]"></a>__aeabi_dmul</STRONG> (Thumb, 228 bytes, Stack size 48 bytes, dmul.o(.text))
<BR><BR>[Stack]<UL><LI>Max Depth = 88<LI>Call Chain = __aeabi_dmul &rArr; _double_epilogue &rArr; _double_round
</UL>
<BR>[Calls]<UL><LI><a href="#[79]">&gt;&gt;</a>&nbsp;&nbsp;&nbsp;_double_epilogue
</UL>
<BR>[Called By]<UL><LI><a href="#[127]">&gt;&gt;</a>&nbsp;&nbsp;&nbsp;gcj02_to_wgs84
<LI><a href="#[f1]">&gt;&gt;</a>&nbsp;&nbsp;&nbsp;Get_Temprate
<LI><a href="#[e9]">&gt;&gt;</a>&nbsp;&nbsp;&nbsp;Get_GPS_CJ02
<LI><a href="#[e8]">&gt;&gt;</a>&nbsp;&nbsp;&nbsp;Get_EmqxBattery_value
<LI><a href="#[ca]">&gt;&gt;</a>&nbsp;&nbsp;&nbsp;Creat_List
<LI><a href="#[130]">&gt;&gt;</a>&nbsp;&nbsp;&nbsp;pid_control
<LI><a href="#[f5]">&gt;&gt;</a>&nbsp;&nbsp;&nbsp;kalman_filter_lon
<LI><a href="#[f4]">&gt;&gt;</a>&nbsp;&nbsp;&nbsp;kalman_filter_lat
<LI><a href="#[126]">&gt;&gt;</a>&nbsp;&nbsp;&nbsp;atofx
<LI><a href="#[60]">&gt;&gt;</a>&nbsp;&nbsp;&nbsp;Route_Task
<LI><a href="#[f3]">&gt;&gt;</a>&nbsp;&nbsp;&nbsp;Prgmc_to_Wgs
<LI><a href="#[131]">&gt;&gt;</a>&nbsp;&nbsp;&nbsp;Pid_Rotate
<LI><a href="#[12f]">&gt;&gt;</a>&nbsp;&nbsp;&nbsp;Pid_Frow
<LI><a href="#[cb]">&gt;&gt;</a>&nbsp;&nbsp;&nbsp;LongLat2XY
<LI><a href="#[c2]">&gt;&gt;</a>&nbsp;&nbsp;&nbsp;Compass_check
<LI><a href="#[11f]">&gt;&gt;</a>&nbsp;&nbsp;&nbsp;JXCT_TDS_Get_TDS
<LI><a href="#[f0]">&gt;&gt;</a>&nbsp;&nbsp;&nbsp;Get_PH_Value
<LI><a href="#[ef]">&gt;&gt;</a>&nbsp;&nbsp;&nbsp;Get_NTU_value
<LI><a href="#[145]">&gt;&gt;</a>&nbsp;&nbsp;&nbsp;Sensores_Data_Proessing
<LI><a href="#[eb]">&gt;&gt;</a>&nbsp;&nbsp;&nbsp;wgs84_to_gcj02
<LI><a href="#[178]">&gt;&gt;</a>&nbsp;&nbsp;&nbsp;transform_lng
<LI><a href="#[177]">&gt;&gt;</a>&nbsp;&nbsp;&nbsp;transform_lat
<LI><a href="#[8f]">&gt;&gt;</a>&nbsp;&nbsp;&nbsp;bmp280_compensate_P_double
<LI><a href="#[df]">&gt;&gt;</a>&nbsp;&nbsp;&nbsp;__hardfp_pow
<LI><a href="#[16a]">&gt;&gt;</a>&nbsp;&nbsp;&nbsp;__kernel_tan
<LI><a href="#[164]">&gt;&gt;</a>&nbsp;&nbsp;&nbsp;__kernel_sin
<LI><a href="#[163]">&gt;&gt;</a>&nbsp;&nbsp;&nbsp;__ieee754_rem_pio2
<LI><a href="#[15e]">&gt;&gt;</a>&nbsp;&nbsp;&nbsp;__kernel_poly
<LI><a href="#[15c]">&gt;&gt;</a>&nbsp;&nbsp;&nbsp;__mathlib_dbl_underflow
<LI><a href="#[167]">&gt;&gt;</a>&nbsp;&nbsp;&nbsp;__mathlib_dbl_overflow
<LI><a href="#[165]">&gt;&gt;</a>&nbsp;&nbsp;&nbsp;__kernel_cos
<LI><a href="#[159]">&gt;&gt;</a>&nbsp;&nbsp;&nbsp;__hardfp_atan
<LI><a href="#[16b]">&gt;&gt;</a>&nbsp;&nbsp;&nbsp;_fp_digits
</UL>

<P><STRONG><a name="[7e]"></a>__aeabi_ddiv</STRONG> (Thumb, 222 bytes, Stack size 32 bytes, ddiv.o(.text))
<BR><BR>[Stack]<UL><LI>Max Depth = 40<LI>Call Chain = __aeabi_ddiv &rArr; _double_round
</UL>
<BR>[Calls]<UL><LI><a href="#[7a]">&gt;&gt;</a>&nbsp;&nbsp;&nbsp;_double_round
</UL>
<BR>[Called By]<UL><LI><a href="#[127]">&gt;&gt;</a>&nbsp;&nbsp;&nbsp;gcj02_to_wgs84
<LI><a href="#[c4]">&gt;&gt;</a>&nbsp;&nbsp;&nbsp;HMC5883L_Read_XYZ
<LI><a href="#[f1]">&gt;&gt;</a>&nbsp;&nbsp;&nbsp;Get_Temprate
<LI><a href="#[e9]">&gt;&gt;</a>&nbsp;&nbsp;&nbsp;Get_GPS_CJ02
<LI><a href="#[e8]">&gt;&gt;</a>&nbsp;&nbsp;&nbsp;Get_EmqxBattery_value
<LI><a href="#[ca]">&gt;&gt;</a>&nbsp;&nbsp;&nbsp;Creat_List
<LI><a href="#[130]">&gt;&gt;</a>&nbsp;&nbsp;&nbsp;pid_control
<LI><a href="#[f5]">&gt;&gt;</a>&nbsp;&nbsp;&nbsp;kalman_filter_lon
<LI><a href="#[f4]">&gt;&gt;</a>&nbsp;&nbsp;&nbsp;kalman_filter_lat
<LI><a href="#[60]">&gt;&gt;</a>&nbsp;&nbsp;&nbsp;Route_Task
<LI><a href="#[f3]">&gt;&gt;</a>&nbsp;&nbsp;&nbsp;Prgmc_to_Wgs
<LI><a href="#[cb]">&gt;&gt;</a>&nbsp;&nbsp;&nbsp;LongLat2XY
<LI><a href="#[c2]">&gt;&gt;</a>&nbsp;&nbsp;&nbsp;Compass_check
<LI><a href="#[11f]">&gt;&gt;</a>&nbsp;&nbsp;&nbsp;JXCT_TDS_Get_TDS
<LI><a href="#[f0]">&gt;&gt;</a>&nbsp;&nbsp;&nbsp;Get_PH_Value
<LI><a href="#[ef]">&gt;&gt;</a>&nbsp;&nbsp;&nbsp;Get_NTU_value
<LI><a href="#[145]">&gt;&gt;</a>&nbsp;&nbsp;&nbsp;Sensores_Data_Proessing
<LI><a href="#[eb]">&gt;&gt;</a>&nbsp;&nbsp;&nbsp;wgs84_to_gcj02
<LI><a href="#[178]">&gt;&gt;</a>&nbsp;&nbsp;&nbsp;transform_lng
<LI><a href="#[177]">&gt;&gt;</a>&nbsp;&nbsp;&nbsp;transform_lat
<LI><a href="#[8f]">&gt;&gt;</a>&nbsp;&nbsp;&nbsp;bmp280_compensate_P_double
<LI><a href="#[df]">&gt;&gt;</a>&nbsp;&nbsp;&nbsp;__hardfp_pow
<LI><a href="#[8b]">&gt;&gt;</a>&nbsp;&nbsp;&nbsp;__hardfp_atan2
<LI><a href="#[16a]">&gt;&gt;</a>&nbsp;&nbsp;&nbsp;__kernel_tan
<LI><a href="#[162]">&gt;&gt;</a>&nbsp;&nbsp;&nbsp;__mathlib_dbl_invalid
<LI><a href="#[166]">&gt;&gt;</a>&nbsp;&nbsp;&nbsp;__mathlib_dbl_divzero
<LI><a href="#[159]">&gt;&gt;</a>&nbsp;&nbsp;&nbsp;__hardfp_atan
<LI><a href="#[16b]">&gt;&gt;</a>&nbsp;&nbsp;&nbsp;_fp_digits
</UL>

<P><STRONG><a name="[7f]"></a>__aeabi_i2d</STRONG> (Thumb, 34 bytes, Stack size 16 bytes, dflti.o(.text))
<BR><BR>[Stack]<UL><LI>Max Depth = 56<LI>Call Chain = __aeabi_i2d &rArr; _double_epilogue &rArr; _double_round
</UL>
<BR>[Calls]<UL><LI><a href="#[79]">&gt;&gt;</a>&nbsp;&nbsp;&nbsp;_double_epilogue
</UL>
<BR>[Called By]<UL><LI><a href="#[c4]">&gt;&gt;</a>&nbsp;&nbsp;&nbsp;HMC5883L_Read_XYZ
<LI><a href="#[e9]">&gt;&gt;</a>&nbsp;&nbsp;&nbsp;Get_GPS_CJ02
<LI><a href="#[126]">&gt;&gt;</a>&nbsp;&nbsp;&nbsp;atofx
<LI><a href="#[f3]">&gt;&gt;</a>&nbsp;&nbsp;&nbsp;Prgmc_to_Wgs
<LI><a href="#[cb]">&gt;&gt;</a>&nbsp;&nbsp;&nbsp;LongLat2XY
<LI><a href="#[11f]">&gt;&gt;</a>&nbsp;&nbsp;&nbsp;JXCT_TDS_Get_TDS
<LI><a href="#[145]">&gt;&gt;</a>&nbsp;&nbsp;&nbsp;Sensores_Data_Proessing
<LI><a href="#[176]">&gt;&gt;</a>&nbsp;&nbsp;&nbsp;out_of_china
<LI><a href="#[8f]">&gt;&gt;</a>&nbsp;&nbsp;&nbsp;bmp280_compensate_P_double
<LI><a href="#[df]">&gt;&gt;</a>&nbsp;&nbsp;&nbsp;__hardfp_pow
<LI><a href="#[16a]">&gt;&gt;</a>&nbsp;&nbsp;&nbsp;__kernel_tan
<LI><a href="#[163]">&gt;&gt;</a>&nbsp;&nbsp;&nbsp;__ieee754_rem_pio2
</UL>

<P><STRONG><a name="[80]"></a>__aeabi_ui2d</STRONG> (Thumb, 26 bytes, Stack size 16 bytes, dfltui.o(.text))
<BR><BR>[Stack]<UL><LI>Max Depth = 56<LI>Call Chain = __aeabi_ui2d &rArr; _double_epilogue &rArr; _double_round
</UL>
<BR>[Calls]<UL><LI><a href="#[79]">&gt;&gt;</a>&nbsp;&nbsp;&nbsp;_double_epilogue
</UL>
<BR>[Called By]<UL><LI><a href="#[f1]">&gt;&gt;</a>&nbsp;&nbsp;&nbsp;Get_Temprate
<LI><a href="#[e8]">&gt;&gt;</a>&nbsp;&nbsp;&nbsp;Get_EmqxBattery_value
<LI><a href="#[f0]">&gt;&gt;</a>&nbsp;&nbsp;&nbsp;Get_PH_Value
<LI><a href="#[ef]">&gt;&gt;</a>&nbsp;&nbsp;&nbsp;Get_NTU_value
<LI><a href="#[145]">&gt;&gt;</a>&nbsp;&nbsp;&nbsp;Sensores_Data_Proessing
<LI><a href="#[8f]">&gt;&gt;</a>&nbsp;&nbsp;&nbsp;bmp280_compensate_P_double
<LI><a href="#[163]">&gt;&gt;</a>&nbsp;&nbsp;&nbsp;__ieee754_rem_pio2
</UL>

<P><STRONG><a name="[81]"></a>__aeabi_d2iz</STRONG> (Thumb, 62 bytes, Stack size 16 bytes, dfixi.o(.text))
<BR><BR>[Stack]<UL><LI>Max Depth = 16<LI>Call Chain = __aeabi_d2iz
</UL>
<BR>[Calls]<UL><LI><a href="#[82]">&gt;&gt;</a>&nbsp;&nbsp;&nbsp;__aeabi_llsr
</UL>
<BR>[Called By]<UL><LI><a href="#[13c]">&gt;&gt;</a>&nbsp;&nbsp;&nbsp;generateCompleteGraph
<LI><a href="#[f1]">&gt;&gt;</a>&nbsp;&nbsp;&nbsp;Get_Temprate
<LI><a href="#[e9]">&gt;&gt;</a>&nbsp;&nbsp;&nbsp;Get_GPS_CJ02
<LI><a href="#[f3]">&gt;&gt;</a>&nbsp;&nbsp;&nbsp;Prgmc_to_Wgs
<LI><a href="#[131]">&gt;&gt;</a>&nbsp;&nbsp;&nbsp;Pid_Rotate
<LI><a href="#[12f]">&gt;&gt;</a>&nbsp;&nbsp;&nbsp;Pid_Frow
<LI><a href="#[cb]">&gt;&gt;</a>&nbsp;&nbsp;&nbsp;LongLat2XY
<LI><a href="#[145]">&gt;&gt;</a>&nbsp;&nbsp;&nbsp;Sensores_Data_Proessing
<LI><a href="#[16a]">&gt;&gt;</a>&nbsp;&nbsp;&nbsp;__kernel_tan
<LI><a href="#[163]">&gt;&gt;</a>&nbsp;&nbsp;&nbsp;__ieee754_rem_pio2
<LI><a href="#[165]">&gt;&gt;</a>&nbsp;&nbsp;&nbsp;__kernel_cos
</UL>

<P><STRONG><a name="[83]"></a>__aeabi_d2uiz</STRONG> (Thumb, 50 bytes, Stack size 8 bytes, dfixui.o(.text))
<BR><BR>[Stack]<UL><LI>Max Depth = 8<LI>Call Chain = __aeabi_d2uiz
</UL>
<BR>[Calls]<UL><LI><a href="#[82]">&gt;&gt;</a>&nbsp;&nbsp;&nbsp;__aeabi_llsr
</UL>
<BR>[Called By]<UL><LI><a href="#[e8]">&gt;&gt;</a>&nbsp;&nbsp;&nbsp;Get_EmqxBattery_value
</UL>

<P><STRONG><a name="[170]"></a>__aeabi_cdcmpeq</STRONG> (Thumb, 0 bytes, Stack size 0 bytes, cdcmple.o(.text))
<BR><BR>[Called By]<UL><LI><a href="#[8f]">&gt;&gt;</a>&nbsp;&nbsp;&nbsp;bmp280_compensate_P_double
</UL>

<P><STRONG><a name="[c5]"></a>__aeabi_cdcmple</STRONG> (Thumb, 48 bytes, Stack size 0 bytes, cdcmple.o(.text))
<BR><BR>[Called By]<UL><LI><a href="#[130]">&gt;&gt;</a>&nbsp;&nbsp;&nbsp;pid_control
<LI><a href="#[cd]">&gt;&gt;</a>&nbsp;&nbsp;&nbsp;convert_to_compass
<LI><a href="#[131]">&gt;&gt;</a>&nbsp;&nbsp;&nbsp;Pid_Rotate
<LI><a href="#[12f]">&gt;&gt;</a>&nbsp;&nbsp;&nbsp;Pid_Frow
<LI><a href="#[c2]">&gt;&gt;</a>&nbsp;&nbsp;&nbsp;Compass_check
<LI><a href="#[145]">&gt;&gt;</a>&nbsp;&nbsp;&nbsp;Sensores_Data_Proessing
<LI><a href="#[176]">&gt;&gt;</a>&nbsp;&nbsp;&nbsp;out_of_china
</UL>

<P><STRONG><a name="[c6]"></a>__aeabi_cdrcmple</STRONG> (Thumb, 48 bytes, Stack size 0 bytes, cdrcmple.o(.text))
<BR><BR>[Called By]<UL><LI><a href="#[e8]">&gt;&gt;</a>&nbsp;&nbsp;&nbsp;Get_EmqxBattery_value
<LI><a href="#[130]">&gt;&gt;</a>&nbsp;&nbsp;&nbsp;pid_control
<LI><a href="#[131]">&gt;&gt;</a>&nbsp;&nbsp;&nbsp;Pid_Rotate
<LI><a href="#[12f]">&gt;&gt;</a>&nbsp;&nbsp;&nbsp;Pid_Frow
<LI><a href="#[c2]">&gt;&gt;</a>&nbsp;&nbsp;&nbsp;Compass_check
<LI><a href="#[145]">&gt;&gt;</a>&nbsp;&nbsp;&nbsp;Sensores_Data_Proessing
<LI><a href="#[176]">&gt;&gt;</a>&nbsp;&nbsp;&nbsp;out_of_china
<LI><a href="#[df]">&gt;&gt;</a>&nbsp;&nbsp;&nbsp;__hardfp_pow
<LI><a href="#[16b]">&gt;&gt;</a>&nbsp;&nbsp;&nbsp;_fp_digits
</UL>

<P><STRONG><a name="[84]"></a>__aeabi_d2f</STRONG> (Thumb, 56 bytes, Stack size 8 bytes, d2f.o(.text))
<BR><BR>[Stack]<UL><LI>Max Depth = 8<LI>Call Chain = __aeabi_d2f
</UL>
<BR>[Calls]<UL><LI><a href="#[85]">&gt;&gt;</a>&nbsp;&nbsp;&nbsp;_float_round
</UL>
<BR>[Called By]<UL><LI><a href="#[60]">&gt;&gt;</a>&nbsp;&nbsp;&nbsp;Route_Task
<LI><a href="#[11f]">&gt;&gt;</a>&nbsp;&nbsp;&nbsp;JXCT_TDS_Get_TDS
</UL>

<P><STRONG><a name="[1c1]"></a>__aeabi_uidiv</STRONG> (Thumb, 0 bytes, Stack size 12 bytes, uidiv.o(.text), UNUSED)

<P><STRONG><a name="[16e]"></a>__aeabi_uidivmod</STRONG> (Thumb, 44 bytes, Stack size 12 bytes, uidiv.o(.text), UNUSED)
<BR><BR>[Called By]<UL><LI><a href="#[157]">&gt;&gt;</a>&nbsp;&nbsp;&nbsp;_printf_core
</UL>

<P><STRONG><a name="[86]"></a>__aeabi_uldivmod</STRONG> (Thumb, 98 bytes, Stack size 40 bytes, uldiv.o(.text), UNUSED)
<BR><BR>[Calls]<UL><LI><a href="#[82]">&gt;&gt;</a>&nbsp;&nbsp;&nbsp;__aeabi_llsr
<LI><a href="#[77]">&gt;&gt;</a>&nbsp;&nbsp;&nbsp;__aeabi_llsl
</UL>
<BR>[Called By]<UL><LI><a href="#[157]">&gt;&gt;</a>&nbsp;&nbsp;&nbsp;_printf_core
<LI><a href="#[16b]">&gt;&gt;</a>&nbsp;&nbsp;&nbsp;_fp_digits
</UL>

<P><STRONG><a name="[77]"></a>__aeabi_llsl</STRONG> (Thumb, 30 bytes, Stack size 0 bytes, llshl.o(.text))
<BR><BR>[Called By]<UL><LI><a href="#[76]">&gt;&gt;</a>&nbsp;&nbsp;&nbsp;__aeabi_dadd
<LI><a href="#[86]">&gt;&gt;</a>&nbsp;&nbsp;&nbsp;__aeabi_uldivmod
<LI><a href="#[79]">&gt;&gt;</a>&nbsp;&nbsp;&nbsp;_double_epilogue
<LI><a href="#[88]">&gt;&gt;</a>&nbsp;&nbsp;&nbsp;__aeabi_d2ulz
</UL>

<P><STRONG><a name="[1c2]"></a>_ll_shift_l</STRONG> (Thumb, 0 bytes, Stack size 0 bytes, llshl.o(.text), UNUSED)

<P><STRONG><a name="[82]"></a>__aeabi_llsr</STRONG> (Thumb, 32 bytes, Stack size 0 bytes, llushr.o(.text))
<BR><BR>[Called By]<UL><LI><a href="#[81]">&gt;&gt;</a>&nbsp;&nbsp;&nbsp;__aeabi_d2iz
<LI><a href="#[83]">&gt;&gt;</a>&nbsp;&nbsp;&nbsp;__aeabi_d2uiz
<LI><a href="#[87]">&gt;&gt;</a>&nbsp;&nbsp;&nbsp;_dsqrt
<LI><a href="#[86]">&gt;&gt;</a>&nbsp;&nbsp;&nbsp;__aeabi_uldivmod
<LI><a href="#[79]">&gt;&gt;</a>&nbsp;&nbsp;&nbsp;_double_epilogue
<LI><a href="#[88]">&gt;&gt;</a>&nbsp;&nbsp;&nbsp;__aeabi_d2ulz
</UL>

<P><STRONG><a name="[1c3]"></a>_ll_ushift_r</STRONG> (Thumb, 0 bytes, Stack size 0 bytes, llushr.o(.text), UNUSED)

<P><STRONG><a name="[78]"></a>__aeabi_lasr</STRONG> (Thumb, 36 bytes, Stack size 0 bytes, llsshr.o(.text))
<BR><BR>[Called By]<UL><LI><a href="#[76]">&gt;&gt;</a>&nbsp;&nbsp;&nbsp;__aeabi_dadd
</UL>

<P><STRONG><a name="[1c4]"></a>_ll_sshift_r</STRONG> (Thumb, 0 bytes, Stack size 0 bytes, llsshr.o(.text), UNUSED)

<P><STRONG><a name="[1c5]"></a>__I$use$fp</STRONG> (Thumb, 0 bytes, Stack size 0 bytes, iusefp.o(.text), UNUSED)

<P><STRONG><a name="[85]"></a>_float_round</STRONG> (Thumb, 18 bytes, Stack size 0 bytes, fepilogue.o(.text))
<BR><BR>[Called By]<UL><LI><a href="#[84]">&gt;&gt;</a>&nbsp;&nbsp;&nbsp;__aeabi_d2f
</UL>

<P><STRONG><a name="[1c6]"></a>_float_epilogue</STRONG> (Thumb, 92 bytes, Stack size 4 bytes, fepilogue.o(.text), UNUSED)

<P><STRONG><a name="[7a]"></a>_double_round</STRONG> (Thumb, 30 bytes, Stack size 8 bytes, depilogue.o(.text))
<BR><BR>[Stack]<UL><LI>Max Depth = 8<LI>Call Chain = _double_round
</UL>
<BR>[Called By]<UL><LI><a href="#[7e]">&gt;&gt;</a>&nbsp;&nbsp;&nbsp;__aeabi_ddiv
<LI><a href="#[76]">&gt;&gt;</a>&nbsp;&nbsp;&nbsp;__aeabi_dadd
<LI><a href="#[87]">&gt;&gt;</a>&nbsp;&nbsp;&nbsp;_dsqrt
<LI><a href="#[79]">&gt;&gt;</a>&nbsp;&nbsp;&nbsp;_double_epilogue
</UL>

<P><STRONG><a name="[79]"></a>_double_epilogue</STRONG> (Thumb, 156 bytes, Stack size 32 bytes, depilogue.o(.text))
<BR><BR>[Stack]<UL><LI>Max Depth = 40<LI>Call Chain = _double_epilogue &rArr; _double_round
</UL>
<BR>[Calls]<UL><LI><a href="#[82]">&gt;&gt;</a>&nbsp;&nbsp;&nbsp;__aeabi_llsr
<LI><a href="#[77]">&gt;&gt;</a>&nbsp;&nbsp;&nbsp;__aeabi_llsl
<LI><a href="#[7a]">&gt;&gt;</a>&nbsp;&nbsp;&nbsp;_double_round
</UL>
<BR>[Called By]<UL><LI><a href="#[7f]">&gt;&gt;</a>&nbsp;&nbsp;&nbsp;__aeabi_i2d
<LI><a href="#[7d]">&gt;&gt;</a>&nbsp;&nbsp;&nbsp;__aeabi_dmul
<LI><a href="#[76]">&gt;&gt;</a>&nbsp;&nbsp;&nbsp;__aeabi_dadd
<LI><a href="#[80]">&gt;&gt;</a>&nbsp;&nbsp;&nbsp;__aeabi_ui2d
</UL>

<P><STRONG><a name="[169]"></a>__ARM_scalbn</STRONG> (Thumb, 46 bytes, Stack size 16 bytes, dscalb.o(.text))
<BR><BR>[Stack]<UL><LI>Max Depth = 16<LI>Call Chain = __ARM_scalbn
</UL>
<BR>[Called By]<UL><LI><a href="#[df]">&gt;&gt;</a>&nbsp;&nbsp;&nbsp;__hardfp_pow
</UL>

<P><STRONG><a name="[1c7]"></a>scalbn</STRONG> (Thumb, 0 bytes, Stack size 16 bytes, dscalb.o(.text), UNUSED)

<P><STRONG><a name="[87]"></a>_dsqrt</STRONG> (Thumb, 162 bytes, Stack size 32 bytes, dsqrt.o(.text))
<BR><BR>[Stack]<UL><LI>Max Depth = 40<LI>Call Chain = _dsqrt &rArr; _double_round
</UL>
<BR>[Calls]<UL><LI><a href="#[82]">&gt;&gt;</a>&nbsp;&nbsp;&nbsp;__aeabi_llsr
<LI><a href="#[7a]">&gt;&gt;</a>&nbsp;&nbsp;&nbsp;_double_round
</UL>
<BR>[Called By]<UL><LI><a href="#[168]">&gt;&gt;</a>&nbsp;&nbsp;&nbsp;sqrt
<LI><a href="#[e0]">&gt;&gt;</a>&nbsp;&nbsp;&nbsp;__hardfp_sqrt
</UL>

<P><STRONG><a name="[88]"></a>__aeabi_d2ulz</STRONG> (Thumb, 48 bytes, Stack size 0 bytes, dfixul.o(.text), UNUSED)
<BR><BR>[Calls]<UL><LI><a href="#[82]">&gt;&gt;</a>&nbsp;&nbsp;&nbsp;__aeabi_llsr
<LI><a href="#[77]">&gt;&gt;</a>&nbsp;&nbsp;&nbsp;__aeabi_llsl
</UL>
<BR>[Called By]<UL><LI><a href="#[16b]">&gt;&gt;</a>&nbsp;&nbsp;&nbsp;_fp_digits
</UL>

<P><STRONG><a name="[71]"></a>__scatterload</STRONG> (Thumb, 28 bytes, Stack size 0 bytes, init.o(.text))
<BR><BR>[Calls]<UL><LI><a href="#[89]">&gt;&gt;</a>&nbsp;&nbsp;&nbsp;__main_after_scatterload
</UL>
<BR>[Called By]<UL><LI><a href="#[70]">&gt;&gt;</a>&nbsp;&nbsp;&nbsp;_main_scatterload
</UL>

<P><STRONG><a name="[1c8]"></a>__scatterload_rt2</STRONG> (Thumb, 0 bytes, Stack size 0 bytes, init.o(.text), UNUSED)

<P><STRONG><a name="[1c9]"></a>__decompress</STRONG> (Thumb, 0 bytes, Stack size unknown bytes, __dczerorl2.o(.text), UNUSED)

<P><STRONG><a name="[1ca]"></a>__decompress1</STRONG> (Thumb, 86 bytes, Stack size unknown bytes, __dczerorl2.o(.text), UNUSED)

<P><STRONG><a name="[139]"></a>ADC_Cmd</STRONG> (Thumb, 22 bytes, Stack size 0 bytes, stm32f4xx_adc.o(i.ADC_Cmd))
<BR><BR>[Called By]<UL><LI><a href="#[133]">&gt;&gt;</a>&nbsp;&nbsp;&nbsp;Rheostat_ADC_Mode_Config
</UL>

<P><STRONG><a name="[136]"></a>ADC_CommonInit</STRONG> (Thumb, 34 bytes, Stack size 0 bytes, stm32f4xx_adc.o(i.ADC_CommonInit))
<BR><BR>[Called By]<UL><LI><a href="#[133]">&gt;&gt;</a>&nbsp;&nbsp;&nbsp;Rheostat_ADC_Mode_Config
</UL>

<P><STRONG><a name="[e7]"></a>ADC_GetConversionValue</STRONG> (Thumb, 8 bytes, Stack size 0 bytes, stm32f4xx_adc.o(i.ADC_GetConversionValue))
<BR><BR>[Called By]<UL><LI><a href="#[e3]">&gt;&gt;</a>&nbsp;&nbsp;&nbsp;Get_ADC_Value
</UL>

<P><STRONG><a name="[e6]"></a>ADC_GetFlagStatus</STRONG> (Thumb, 18 bytes, Stack size 0 bytes, stm32f4xx_adc.o(i.ADC_GetFlagStatus))
<BR><BR>[Called By]<UL><LI><a href="#[e3]">&gt;&gt;</a>&nbsp;&nbsp;&nbsp;Get_ADC_Value
</UL>

<P><STRONG><a name="[138]"></a>ADC_Init</STRONG> (Thumb, 74 bytes, Stack size 12 bytes, stm32f4xx_adc.o(i.ADC_Init))
<BR><BR>[Stack]<UL><LI>Max Depth = 12<LI>Call Chain = ADC_Init
</UL>
<BR>[Called By]<UL><LI><a href="#[133]">&gt;&gt;</a>&nbsp;&nbsp;&nbsp;Rheostat_ADC_Mode_Config
</UL>

<P><STRONG><a name="[e4]"></a>ADC_RegularChannelConfig</STRONG> (Thumb, 184 bytes, Stack size 20 bytes, stm32f4xx_adc.o(i.ADC_RegularChannelConfig))
<BR><BR>[Stack]<UL><LI>Max Depth = 20<LI>Call Chain = ADC_RegularChannelConfig
</UL>
<BR>[Called By]<UL><LI><a href="#[e3]">&gt;&gt;</a>&nbsp;&nbsp;&nbsp;Get_ADC_Value
</UL>

<P><STRONG><a name="[e5]"></a>ADC_SoftwareStartConv</STRONG> (Thumb, 10 bytes, Stack size 0 bytes, stm32f4xx_adc.o(i.ADC_SoftwareStartConv))
<BR><BR>[Called By]<UL><LI><a href="#[e3]">&gt;&gt;</a>&nbsp;&nbsp;&nbsp;Get_ADC_Value
</UL>

<P><STRONG><a name="[137]"></a>ADC_StructInit</STRONG> (Thumb, 20 bytes, Stack size 0 bytes, stm32f4xx_adc.o(i.ADC_StructInit))
<BR><BR>[Called By]<UL><LI><a href="#[133]">&gt;&gt;</a>&nbsp;&nbsp;&nbsp;Rheostat_ADC_Mode_Config
</UL>

<P><STRONG><a name="[135]"></a>ADC_TempSensorVrefintCmd</STRONG> (Thumb, 34 bytes, Stack size 0 bytes, stm32f4xx_adc.o(i.ADC_TempSensorVrefintCmd))
<BR><BR>[Called By]<UL><LI><a href="#[133]">&gt;&gt;</a>&nbsp;&nbsp;&nbsp;Rheostat_ADC_Mode_Config
</UL>

<P><STRONG><a name="[8a]"></a>Angle</STRONG> (Thumb, 96 bytes, Stack size 56 bytes, ship_route.o(i.Angle))
<BR><BR>[Stack]<UL><LI>Max Depth = 272<LI>Call Chain = Angle &rArr; __hardfp_atan2 &rArr; atan &rArr; __hardfp_atan &rArr; __kernel_poly &rArr; __aeabi_dmul &rArr; _double_epilogue &rArr; _double_round
</UL>
<BR>[Calls]<UL><LI><a href="#[7b]">&gt;&gt;</a>&nbsp;&nbsp;&nbsp;__aeabi_dsub
<LI><a href="#[7c]">&gt;&gt;</a>&nbsp;&nbsp;&nbsp;__aeabi_drsub
<LI><a href="#[8b]">&gt;&gt;</a>&nbsp;&nbsp;&nbsp;__hardfp_atan2
</UL>
<BR>[Called By]<UL><LI><a href="#[ca]">&gt;&gt;</a>&nbsp;&nbsp;&nbsp;Creat_List
<LI><a href="#[60]">&gt;&gt;</a>&nbsp;&nbsp;&nbsp;Route_Task
</UL>

<P><STRONG><a name="[8c]"></a>BMP280_GetStatus</STRONG> (Thumb, 28 bytes, Stack size 16 bytes, bmp280.o(i.BMP280_GetStatus))
<BR><BR>[Stack]<UL><LI>Max Depth = 92<LI>Call Chain = BMP280_GetStatus &rArr; BMP_Read_Byte &rArr; BMP_IIC_Read_Byte &rArr; BMP_IIC_No_Ack &rArr; SDA_OUT &rArr; GPIO_Init
</UL>
<BR>[Calls]<UL><LI><a href="#[8d]">&gt;&gt;</a>&nbsp;&nbsp;&nbsp;BMP_Read_Byte
</UL>
<BR>[Called By]<UL><LI><a href="#[8e]">&gt;&gt;</a>&nbsp;&nbsp;&nbsp;BMP280_Get_Pressure
</UL>

<P><STRONG><a name="[8e]"></a>BMP280_Get_Pressure</STRONG> (Thumb, 140 bytes, Stack size 32 bytes, bmp280.o(i.BMP280_Get_Pressure))
<BR><BR>[Stack]<UL><LI>Max Depth = 200<LI>Call Chain = BMP280_Get_Pressure &rArr; bmp280_compensate_P_double &rArr; __aeabi_dsub &rArr; __aeabi_dadd &rArr; _double_epilogue &rArr; _double_round
</UL>
<BR>[Calls]<UL><LI><a href="#[8f]">&gt;&gt;</a>&nbsp;&nbsp;&nbsp;bmp280_compensate_P_double
<LI><a href="#[8d]">&gt;&gt;</a>&nbsp;&nbsp;&nbsp;BMP_Read_Byte
<LI><a href="#[8c]">&gt;&gt;</a>&nbsp;&nbsp;&nbsp;BMP280_GetStatus
</UL>
<BR>[Called By]<UL><LI><a href="#[145]">&gt;&gt;</a>&nbsp;&nbsp;&nbsp;Sensores_Data_Proessing
</UL>

<P><STRONG><a name="[90]"></a>BMP280_Set_Standby_FILTER</STRONG> (Thumb, 30 bytes, Stack size 16 bytes, bmp280.o(i.BMP280_Set_Standby_FILTER))
<BR><BR>[Stack]<UL><LI>Max Depth = 84<LI>Call Chain = BMP280_Set_Standby_FILTER &rArr; BMP_Write_Byte &rArr; BMP_IIC_WriteByte &rArr; SDA_OUT &rArr; GPIO_Init
</UL>
<BR>[Calls]<UL><LI><a href="#[91]">&gt;&gt;</a>&nbsp;&nbsp;&nbsp;BMP_Write_Byte
</UL>
<BR>[Called By]<UL><LI><a href="#[a2]">&gt;&gt;</a>&nbsp;&nbsp;&nbsp;BMP_Init
</UL>

<P><STRONG><a name="[92]"></a>BMP280_Set_TemOversamp</STRONG> (Thumb, 30 bytes, Stack size 16 bytes, bmp280.o(i.BMP280_Set_TemOversamp))
<BR><BR>[Stack]<UL><LI>Max Depth = 84<LI>Call Chain = BMP280_Set_TemOversamp &rArr; BMP_Write_Byte &rArr; BMP_IIC_WriteByte &rArr; SDA_OUT &rArr; GPIO_Init
</UL>
<BR>[Calls]<UL><LI><a href="#[91]">&gt;&gt;</a>&nbsp;&nbsp;&nbsp;BMP_Write_Byte
</UL>
<BR>[Called By]<UL><LI><a href="#[a2]">&gt;&gt;</a>&nbsp;&nbsp;&nbsp;BMP_Init
</UL>

<P><STRONG><a name="[93]"></a>BMP_IIC_Ack</STRONG> (Thumb, 60 bytes, Stack size 8 bytes, iic.o(i.BMP_IIC_Ack))
<BR><BR>[Stack]<UL><LI>Max Depth = 44<LI>Call Chain = BMP_IIC_Ack &rArr; SDA_OUT &rArr; GPIO_Init
</UL>
<BR>[Calls]<UL><LI><a href="#[94]">&gt;&gt;</a>&nbsp;&nbsp;&nbsp;GPIO_WriteBit
<LI><a href="#[95]">&gt;&gt;</a>&nbsp;&nbsp;&nbsp;SDA_OUT
<LI><a href="#[96]">&gt;&gt;</a>&nbsp;&nbsp;&nbsp;delay_us
</UL>
<BR>[Called By]<UL><LI><a href="#[9b]">&gt;&gt;</a>&nbsp;&nbsp;&nbsp;BMP_IIC_Read_Byte
</UL>

<P><STRONG><a name="[97]"></a>BMP_IIC_GPIO_Init</STRONG> (Thumb, 62 bytes, Stack size 16 bytes, iic.o(i.BMP_IIC_GPIO_Init))
<BR><BR>[Stack]<UL><LI>Max Depth = 36<LI>Call Chain = BMP_IIC_GPIO_Init &rArr; GPIO_Init
</UL>
<BR>[Calls]<UL><LI><a href="#[94]">&gt;&gt;</a>&nbsp;&nbsp;&nbsp;GPIO_WriteBit
<LI><a href="#[99]">&gt;&gt;</a>&nbsp;&nbsp;&nbsp;GPIO_Init
<LI><a href="#[98]">&gt;&gt;</a>&nbsp;&nbsp;&nbsp;RCC_AHB1PeriphClockCmd
</UL>
<BR>[Called By]<UL><LI><a href="#[a2]">&gt;&gt;</a>&nbsp;&nbsp;&nbsp;BMP_Init
</UL>

<P><STRONG><a name="[9a]"></a>BMP_IIC_No_Ack</STRONG> (Thumb, 60 bytes, Stack size 8 bytes, iic.o(i.BMP_IIC_No_Ack))
<BR><BR>[Stack]<UL><LI>Max Depth = 44<LI>Call Chain = BMP_IIC_No_Ack &rArr; SDA_OUT &rArr; GPIO_Init
</UL>
<BR>[Calls]<UL><LI><a href="#[94]">&gt;&gt;</a>&nbsp;&nbsp;&nbsp;GPIO_WriteBit
<LI><a href="#[95]">&gt;&gt;</a>&nbsp;&nbsp;&nbsp;SDA_OUT
<LI><a href="#[96]">&gt;&gt;</a>&nbsp;&nbsp;&nbsp;delay_us
</UL>
<BR>[Called By]<UL><LI><a href="#[9b]">&gt;&gt;</a>&nbsp;&nbsp;&nbsp;BMP_IIC_Read_Byte
</UL>

<P><STRONG><a name="[9b]"></a>BMP_IIC_Read_Byte</STRONG> (Thumb, 88 bytes, Stack size 16 bytes, iic.o(i.BMP_IIC_Read_Byte))
<BR><BR>[Stack]<UL><LI>Max Depth = 60<LI>Call Chain = BMP_IIC_Read_Byte &rArr; BMP_IIC_No_Ack &rArr; SDA_OUT &rArr; GPIO_Init
</UL>
<BR>[Calls]<UL><LI><a href="#[94]">&gt;&gt;</a>&nbsp;&nbsp;&nbsp;GPIO_WriteBit
<LI><a href="#[9d]">&gt;&gt;</a>&nbsp;&nbsp;&nbsp;GPIO_ReadInputDataBit
<LI><a href="#[9c]">&gt;&gt;</a>&nbsp;&nbsp;&nbsp;SDA_IN
<LI><a href="#[9a]">&gt;&gt;</a>&nbsp;&nbsp;&nbsp;BMP_IIC_No_Ack
<LI><a href="#[93]">&gt;&gt;</a>&nbsp;&nbsp;&nbsp;BMP_IIC_Ack
<LI><a href="#[96]">&gt;&gt;</a>&nbsp;&nbsp;&nbsp;delay_us
</UL>
<BR>[Called By]<UL><LI><a href="#[8d]">&gt;&gt;</a>&nbsp;&nbsp;&nbsp;BMP_Read_Byte
</UL>

<P><STRONG><a name="[9e]"></a>BMP_IIC_Start</STRONG> (Thumb, 60 bytes, Stack size 8 bytes, iic.o(i.BMP_IIC_Start))
<BR><BR>[Stack]<UL><LI>Max Depth = 44<LI>Call Chain = BMP_IIC_Start &rArr; SDA_OUT &rArr; GPIO_Init
</UL>
<BR>[Calls]<UL><LI><a href="#[94]">&gt;&gt;</a>&nbsp;&nbsp;&nbsp;GPIO_WriteBit
<LI><a href="#[95]">&gt;&gt;</a>&nbsp;&nbsp;&nbsp;SDA_OUT
<LI><a href="#[96]">&gt;&gt;</a>&nbsp;&nbsp;&nbsp;delay_us
</UL>
<BR>[Called By]<UL><LI><a href="#[91]">&gt;&gt;</a>&nbsp;&nbsp;&nbsp;BMP_Write_Byte
<LI><a href="#[8d]">&gt;&gt;</a>&nbsp;&nbsp;&nbsp;BMP_Read_Byte
</UL>

<P><STRONG><a name="[9f]"></a>BMP_IIC_Stop</STRONG> (Thumb, 60 bytes, Stack size 8 bytes, iic.o(i.BMP_IIC_Stop))
<BR><BR>[Stack]<UL><LI>Max Depth = 44<LI>Call Chain = BMP_IIC_Stop &rArr; SDA_OUT &rArr; GPIO_Init
</UL>
<BR>[Calls]<UL><LI><a href="#[94]">&gt;&gt;</a>&nbsp;&nbsp;&nbsp;GPIO_WriteBit
<LI><a href="#[95]">&gt;&gt;</a>&nbsp;&nbsp;&nbsp;SDA_OUT
<LI><a href="#[96]">&gt;&gt;</a>&nbsp;&nbsp;&nbsp;delay_us
</UL>
<BR>[Called By]<UL><LI><a href="#[91]">&gt;&gt;</a>&nbsp;&nbsp;&nbsp;BMP_Write_Byte
<LI><a href="#[8d]">&gt;&gt;</a>&nbsp;&nbsp;&nbsp;BMP_Read_Byte
<LI><a href="#[a0]">&gt;&gt;</a>&nbsp;&nbsp;&nbsp;BMP_IIC_Wait_Ack
</UL>

<P><STRONG><a name="[a0]"></a>BMP_IIC_Wait_Ack</STRONG> (Thumb, 88 bytes, Stack size 8 bytes, iic.o(i.BMP_IIC_Wait_Ack))
<BR><BR>[Stack]<UL><LI>Max Depth = 52<LI>Call Chain = BMP_IIC_Wait_Ack &rArr; BMP_IIC_Stop &rArr; SDA_OUT &rArr; GPIO_Init
</UL>
<BR>[Calls]<UL><LI><a href="#[94]">&gt;&gt;</a>&nbsp;&nbsp;&nbsp;GPIO_WriteBit
<LI><a href="#[9d]">&gt;&gt;</a>&nbsp;&nbsp;&nbsp;GPIO_ReadInputDataBit
<LI><a href="#[9c]">&gt;&gt;</a>&nbsp;&nbsp;&nbsp;SDA_IN
<LI><a href="#[9f]">&gt;&gt;</a>&nbsp;&nbsp;&nbsp;BMP_IIC_Stop
<LI><a href="#[96]">&gt;&gt;</a>&nbsp;&nbsp;&nbsp;delay_us
</UL>
<BR>[Called By]<UL><LI><a href="#[91]">&gt;&gt;</a>&nbsp;&nbsp;&nbsp;BMP_Write_Byte
<LI><a href="#[8d]">&gt;&gt;</a>&nbsp;&nbsp;&nbsp;BMP_Read_Byte
</UL>

<P><STRONG><a name="[a1]"></a>BMP_IIC_WriteByte</STRONG> (Thumb, 84 bytes, Stack size 16 bytes, iic.o(i.BMP_IIC_WriteByte))
<BR><BR>[Stack]<UL><LI>Max Depth = 52<LI>Call Chain = BMP_IIC_WriteByte &rArr; SDA_OUT &rArr; GPIO_Init
</UL>
<BR>[Calls]<UL><LI><a href="#[94]">&gt;&gt;</a>&nbsp;&nbsp;&nbsp;GPIO_WriteBit
<LI><a href="#[95]">&gt;&gt;</a>&nbsp;&nbsp;&nbsp;SDA_OUT
<LI><a href="#[96]">&gt;&gt;</a>&nbsp;&nbsp;&nbsp;delay_us
</UL>
<BR>[Called By]<UL><LI><a href="#[91]">&gt;&gt;</a>&nbsp;&nbsp;&nbsp;BMP_Write_Byte
<LI><a href="#[8d]">&gt;&gt;</a>&nbsp;&nbsp;&nbsp;BMP_Read_Byte
</UL>

<P><STRONG><a name="[a2]"></a>BMP_Init</STRONG> (Thumb, 420 bytes, Stack size 24 bytes, bmp280.o(i.BMP_Init))
<BR><BR>[Stack]<UL><LI>Max Depth = 108<LI>Call Chain = BMP_Init &rArr; BMP280_Set_TemOversamp &rArr; BMP_Write_Byte &rArr; BMP_IIC_WriteByte &rArr; SDA_OUT &rArr; GPIO_Init
</UL>
<BR>[Calls]<UL><LI><a href="#[91]">&gt;&gt;</a>&nbsp;&nbsp;&nbsp;BMP_Write_Byte
<LI><a href="#[8d]">&gt;&gt;</a>&nbsp;&nbsp;&nbsp;BMP_Read_Byte
<LI><a href="#[92]">&gt;&gt;</a>&nbsp;&nbsp;&nbsp;BMP280_Set_TemOversamp
<LI><a href="#[90]">&gt;&gt;</a>&nbsp;&nbsp;&nbsp;BMP280_Set_Standby_FILTER
<LI><a href="#[97]">&gt;&gt;</a>&nbsp;&nbsp;&nbsp;BMP_IIC_GPIO_Init
</UL>
<BR>[Called By]<UL><LI><a href="#[a8]">&gt;&gt;</a>&nbsp;&nbsp;&nbsp;Bsp_Init
</UL>

<P><STRONG><a name="[8d]"></a>BMP_Read_Byte</STRONG> (Thumb, 86 bytes, Stack size 16 bytes, bmp280.o(i.BMP_Read_Byte))
<BR><BR>[Stack]<UL><LI>Max Depth = 76<LI>Call Chain = BMP_Read_Byte &rArr; BMP_IIC_Read_Byte &rArr; BMP_IIC_No_Ack &rArr; SDA_OUT &rArr; GPIO_Init
</UL>
<BR>[Calls]<UL><LI><a href="#[a1]">&gt;&gt;</a>&nbsp;&nbsp;&nbsp;BMP_IIC_WriteByte
<LI><a href="#[a0]">&gt;&gt;</a>&nbsp;&nbsp;&nbsp;BMP_IIC_Wait_Ack
<LI><a href="#[9f]">&gt;&gt;</a>&nbsp;&nbsp;&nbsp;BMP_IIC_Stop
<LI><a href="#[9e]">&gt;&gt;</a>&nbsp;&nbsp;&nbsp;BMP_IIC_Start
<LI><a href="#[9b]">&gt;&gt;</a>&nbsp;&nbsp;&nbsp;BMP_IIC_Read_Byte
</UL>
<BR>[Called By]<UL><LI><a href="#[a2]">&gt;&gt;</a>&nbsp;&nbsp;&nbsp;BMP_Init
<LI><a href="#[8e]">&gt;&gt;</a>&nbsp;&nbsp;&nbsp;BMP280_Get_Pressure
<LI><a href="#[8c]">&gt;&gt;</a>&nbsp;&nbsp;&nbsp;BMP280_GetStatus
</UL>

<P><STRONG><a name="[91]"></a>BMP_Write_Byte</STRONG> (Thumb, 70 bytes, Stack size 16 bytes, bmp280.o(i.BMP_Write_Byte))
<BR><BR>[Stack]<UL><LI>Max Depth = 68<LI>Call Chain = BMP_Write_Byte &rArr; BMP_IIC_WriteByte &rArr; SDA_OUT &rArr; GPIO_Init
</UL>
<BR>[Calls]<UL><LI><a href="#[a1]">&gt;&gt;</a>&nbsp;&nbsp;&nbsp;BMP_IIC_WriteByte
<LI><a href="#[a0]">&gt;&gt;</a>&nbsp;&nbsp;&nbsp;BMP_IIC_Wait_Ack
<LI><a href="#[9f]">&gt;&gt;</a>&nbsp;&nbsp;&nbsp;BMP_IIC_Stop
<LI><a href="#[9e]">&gt;&gt;</a>&nbsp;&nbsp;&nbsp;BMP_IIC_Start
</UL>
<BR>[Called By]<UL><LI><a href="#[a2]">&gt;&gt;</a>&nbsp;&nbsp;&nbsp;BMP_Init
<LI><a href="#[92]">&gt;&gt;</a>&nbsp;&nbsp;&nbsp;BMP280_Set_TemOversamp
<LI><a href="#[90]">&gt;&gt;</a>&nbsp;&nbsp;&nbsp;BMP280_Set_Standby_FILTER
</UL>

<P><STRONG><a name="[a3]"></a>BUZZER_Init</STRONG> (Thumb, 54 bytes, Stack size 16 bytes, fire_phoenix_esc.o(i.BUZZER_Init))
<BR><BR>[Stack]<UL><LI>Max Depth = 36<LI>Call Chain = BUZZER_Init &rArr; GPIO_Init
</UL>
<BR>[Calls]<UL><LI><a href="#[a4]">&gt;&gt;</a>&nbsp;&nbsp;&nbsp;GPIO_SetBits
<LI><a href="#[99]">&gt;&gt;</a>&nbsp;&nbsp;&nbsp;GPIO_Init
<LI><a href="#[98]">&gt;&gt;</a>&nbsp;&nbsp;&nbsp;RCC_AHB1PeriphClockCmd
</UL>
<BR>[Called By]<UL><LI><a href="#[a8]">&gt;&gt;</a>&nbsp;&nbsp;&nbsp;Bsp_Init
</UL>

<P><STRONG><a name="[a5]"></a>BUZZER_OFF</STRONG> (Thumb, 34 bytes, Stack size 16 bytes, fire_phoenix_esc.o(i.BUZZER_OFF))
<BR><BR>[Stack]<UL><LI>Max Depth = 36<LI>Call Chain = BUZZER_OFF &rArr; GPIO_Init
</UL>
<BR>[Calls]<UL><LI><a href="#[a4]">&gt;&gt;</a>&nbsp;&nbsp;&nbsp;GPIO_SetBits
<LI><a href="#[99]">&gt;&gt;</a>&nbsp;&nbsp;&nbsp;GPIO_Init
</UL>
<BR>[Called By]<UL><LI><a href="#[a8]">&gt;&gt;</a>&nbsp;&nbsp;&nbsp;Bsp_Init
</UL>

<P><STRONG><a name="[a6]"></a>Battery_Init</STRONG> (Thumb, 10 bytes, Stack size 8 bytes, battery.o(i.Battery_Init))
<BR><BR>[Stack]<UL><LI>Max Depth = 76<LI>Call Chain = Battery_Init &rArr; Rheostat_Init &rArr; Rheostat_ADC_Mode_Config &rArr; ADC_Init
</UL>
<BR>[Calls]<UL><LI><a href="#[a7]">&gt;&gt;</a>&nbsp;&nbsp;&nbsp;Rheostat_Init
</UL>
<BR>[Called By]<UL><LI><a href="#[a8]">&gt;&gt;</a>&nbsp;&nbsp;&nbsp;Bsp_Init
</UL>

<P><STRONG><a name="[a8]"></a>Bsp_Init</STRONG> (Thumb, 144 bytes, Stack size 8 bytes, main.o(i.Bsp_Init))
<BR><BR>[Stack]<UL><LI>Max Depth = 116<LI>Call Chain = Bsp_Init &rArr; JXCT_TDS_Init &rArr; TDS_USART_Config &rArr; USART_Init &rArr; RCC_GetClocksFreq
</UL>
<BR>[Calls]<UL><LI><a href="#[a4]">&gt;&gt;</a>&nbsp;&nbsp;&nbsp;GPIO_SetBits
<LI><a href="#[ad]">&gt;&gt;</a>&nbsp;&nbsp;&nbsp;GPIO_ResetBits
<LI><a href="#[b6]">&gt;&gt;</a>&nbsp;&nbsp;&nbsp;TIM_Cmd
<LI><a href="#[b9]">&gt;&gt;</a>&nbsp;&nbsp;&nbsp;water_ctrl_OFF
<LI><a href="#[ac]">&gt;&gt;</a>&nbsp;&nbsp;&nbsp;switch_ctrl_init
<LI><a href="#[af]">&gt;&gt;</a>&nbsp;&nbsp;&nbsp;Water_Init
<LI><a href="#[b4]">&gt;&gt;</a>&nbsp;&nbsp;&nbsp;Sr04_Init
<LI><a href="#[b8]">&gt;&gt;</a>&nbsp;&nbsp;&nbsp;RZ7888_Init
<LI><a href="#[ae]">&gt;&gt;</a>&nbsp;&nbsp;&nbsp;PH_sensor_Init
<LI><a href="#[b2]">&gt;&gt;</a>&nbsp;&nbsp;&nbsp;NTU_Init
<LI><a href="#[b0]">&gt;&gt;</a>&nbsp;&nbsp;&nbsp;MCU_temp_init
<LI><a href="#[b7]">&gt;&gt;</a>&nbsp;&nbsp;&nbsp;Light_Init
<LI><a href="#[b1]">&gt;&gt;</a>&nbsp;&nbsp;&nbsp;JXCT_TDS_Init
<LI><a href="#[a9]">&gt;&gt;</a>&nbsp;&nbsp;&nbsp;IWDG_Init
<LI><a href="#[aa]">&gt;&gt;</a>&nbsp;&nbsp;&nbsp;Dev_USART_Init
<LI><a href="#[b5]">&gt;&gt;</a>&nbsp;&nbsp;&nbsp;DHT11_Init
<LI><a href="#[b3]">&gt;&gt;</a>&nbsp;&nbsp;&nbsp;Compass_Init
<LI><a href="#[a6]">&gt;&gt;</a>&nbsp;&nbsp;&nbsp;Battery_Init
<LI><a href="#[a5]">&gt;&gt;</a>&nbsp;&nbsp;&nbsp;BUZZER_OFF
<LI><a href="#[a3]">&gt;&gt;</a>&nbsp;&nbsp;&nbsp;BUZZER_Init
<LI><a href="#[a2]">&gt;&gt;</a>&nbsp;&nbsp;&nbsp;BMP_Init
<LI><a href="#[ba]">&gt;&gt;</a>&nbsp;&nbsp;&nbsp;malloc
<LI><a href="#[ab]">&gt;&gt;</a>&nbsp;&nbsp;&nbsp;__2printf
</UL>
<BR>[Called By]<UL><LI><a href="#[5d]">&gt;&gt;</a>&nbsp;&nbsp;&nbsp;main
</UL>

<P><STRONG><a name="[5]"></a>BusFault_Handler</STRONG> (Thumb, 4 bytes, Stack size 0 bytes, stm32f4xx_it.o(i.BusFault_Handler))
<BR>[Address Reference Count : 1]<UL><LI> startup_stm32f40xx.o(RESET)
</UL>
<P><STRONG><a name="[bb]"></a>Check_Device</STRONG> (Thumb, 26 bytes, Stack size 8 bytes, bsp_compass.o(i.Check_Device))
<BR><BR>[Stack]<UL><LI>Max Depth = 24<LI>Call Chain = Check_Device &rArr; IIC_Wait_Ack &rArr; IIC_Stop
</UL>
<BR>[Calls]<UL><LI><a href="#[be]">&gt;&gt;</a>&nbsp;&nbsp;&nbsp;IIC_Wait_Ack
<LI><a href="#[bc]">&gt;&gt;</a>&nbsp;&nbsp;&nbsp;IIC_Start
<LI><a href="#[bd]">&gt;&gt;</a>&nbsp;&nbsp;&nbsp;IIC_Send_Byte
</UL>
<BR>[Called By]<UL><LI><a href="#[b3]">&gt;&gt;</a>&nbsp;&nbsp;&nbsp;Compass_Init
</UL>

<P><STRONG><a name="[bf]"></a>Clear_Buffer</STRONG> (Thumb, 14 bytes, Stack size 8 bytes, bsp_iot_bc20.o(i.Clear_Buffer))
<BR><BR>[Stack]<UL><LI>Max Depth = 8<LI>Call Chain = Clear_Buffer
</UL>
<BR>[Calls]<UL><LI><a href="#[73]">&gt;&gt;</a>&nbsp;&nbsp;&nbsp;__aeabi_memclr
</UL>
<BR>[Called By]<UL><LI><a href="#[111]">&gt;&gt;</a>&nbsp;&nbsp;&nbsp;link_platfrom_f
<LI><a href="#[e9]">&gt;&gt;</a>&nbsp;&nbsp;&nbsp;Get_GPS_CJ02
<LI><a href="#[f3]">&gt;&gt;</a>&nbsp;&nbsp;&nbsp;Prgmc_to_Wgs
<LI><a href="#[125]">&gt;&gt;</a>&nbsp;&nbsp;&nbsp;Map_Cj02_to_Wgs
<LI><a href="#[68]">&gt;&gt;</a>&nbsp;&nbsp;&nbsp;Iot_Init_Task
<LI><a href="#[69]">&gt;&gt;</a>&nbsp;&nbsp;&nbsp;Idel_Task
<LI><a href="#[63]">&gt;&gt;</a>&nbsp;&nbsp;&nbsp;Iot_Recv_Task
<LI><a href="#[62]">&gt;&gt;</a>&nbsp;&nbsp;&nbsp;Iot_Pubsh_Task
</UL>

<P><STRONG><a name="[b3]"></a>Compass_Init</STRONG> (Thumb, 56 bytes, Stack size 8 bytes, bsp_compass.o(i.Compass_Init))
<BR><BR>[Stack]<UL><LI>Max Depth = 44<LI>Call Chain = Compass_Init &rArr; IIC_Init &rArr; GPIO_Init
</UL>
<BR>[Calls]<UL><LI><a href="#[c0]">&gt;&gt;</a>&nbsp;&nbsp;&nbsp;IIC_Init
<LI><a href="#[c1]">&gt;&gt;</a>&nbsp;&nbsp;&nbsp;HMC5883L_WriteOneByte
<LI><a href="#[bb]">&gt;&gt;</a>&nbsp;&nbsp;&nbsp;Check_Device
<LI><a href="#[ab]">&gt;&gt;</a>&nbsp;&nbsp;&nbsp;__2printf
</UL>
<BR>[Called By]<UL><LI><a href="#[a8]">&gt;&gt;</a>&nbsp;&nbsp;&nbsp;Bsp_Init
</UL>

<P><STRONG><a name="[c2]"></a>Compass_check</STRONG> (Thumb, 1468 bytes, Stack size 64 bytes, ship_route.o(i.Compass_check))
<BR><BR>[Stack]<UL><LI>Max Depth = 280<LI>Call Chain = Compass_check &rArr; __hardfp_atan2 &rArr; atan &rArr; __hardfp_atan &rArr; __kernel_poly &rArr; __aeabi_dmul &rArr; _double_epilogue &rArr; _double_round
</UL>
<BR>[Calls]<UL><LI><a href="#[c3]">&gt;&gt;</a>&nbsp;&nbsp;&nbsp;set_left_speed
<LI><a href="#[7b]">&gt;&gt;</a>&nbsp;&nbsp;&nbsp;__aeabi_dsub
<LI><a href="#[7d]">&gt;&gt;</a>&nbsp;&nbsp;&nbsp;__aeabi_dmul
<LI><a href="#[7e]">&gt;&gt;</a>&nbsp;&nbsp;&nbsp;__aeabi_ddiv
<LI><a href="#[76]">&gt;&gt;</a>&nbsp;&nbsp;&nbsp;__aeabi_dadd
<LI><a href="#[c6]">&gt;&gt;</a>&nbsp;&nbsp;&nbsp;__aeabi_cdrcmple
<LI><a href="#[c5]">&gt;&gt;</a>&nbsp;&nbsp;&nbsp;__aeabi_cdcmple
<LI><a href="#[c8]">&gt;&gt;</a>&nbsp;&nbsp;&nbsp;My_IWDG_ReloadCounter
<LI><a href="#[c4]">&gt;&gt;</a>&nbsp;&nbsp;&nbsp;HMC5883L_Read_XYZ
<LI><a href="#[c9]">&gt;&gt;</a>&nbsp;&nbsp;&nbsp;Iot_Send_AT
<LI><a href="#[c7]">&gt;&gt;</a>&nbsp;&nbsp;&nbsp;vTaskDelay
<LI><a href="#[8b]">&gt;&gt;</a>&nbsp;&nbsp;&nbsp;__hardfp_atan2
<LI><a href="#[ab]">&gt;&gt;</a>&nbsp;&nbsp;&nbsp;__2printf
</UL>
<BR>[Called By]<UL><LI><a href="#[60]">&gt;&gt;</a>&nbsp;&nbsp;&nbsp;Route_Task
</UL>

<P><STRONG><a name="[ca]"></a>Creat_List</STRONG> (Thumb, 770 bytes, Stack size 40 bytes, cyc_list.o(i.Creat_List))
<BR><BR>[Stack]<UL><LI>Max Depth = 648<LI>Call Chain = Creat_List &rArr; LongLat2XY &rArr; __hardfp_tan &rArr; __kernel_tan &rArr; __kernel_poly &rArr; __aeabi_dmul &rArr; _double_epilogue &rArr; _double_round
</UL>
<BR>[Calls]<UL><LI><a href="#[7d]">&gt;&gt;</a>&nbsp;&nbsp;&nbsp;__aeabi_dmul
<LI><a href="#[7e]">&gt;&gt;</a>&nbsp;&nbsp;&nbsp;__aeabi_ddiv
<LI><a href="#[cd]">&gt;&gt;</a>&nbsp;&nbsp;&nbsp;convert_to_compass
<LI><a href="#[cb]">&gt;&gt;</a>&nbsp;&nbsp;&nbsp;LongLat2XY
<LI><a href="#[cc]">&gt;&gt;</a>&nbsp;&nbsp;&nbsp;Distance
<LI><a href="#[8a]">&gt;&gt;</a>&nbsp;&nbsp;&nbsp;Angle
<LI><a href="#[ba]">&gt;&gt;</a>&nbsp;&nbsp;&nbsp;malloc
</UL>
<BR>[Called By]<UL><LI><a href="#[60]">&gt;&gt;</a>&nbsp;&nbsp;&nbsp;Route_Task
</UL>

<P><STRONG><a name="[ce]"></a>DHT11_Check</STRONG> (Thumb, 74 bytes, Stack size 8 bytes, dht11.o(i.DHT11_Check))
[...]
<LI><a href="#[136]">&gt;&gt;</a>&nbsp;&nbsp;&nbsp;ADC_CommonInit
<LI><a href="#[139]">&gt;&gt;</a>&nbsp;&nbsp;&nbsp;ADC_Cmd
<LI><a href="#[d8]">&gt;&gt;</a>&nbsp;&nbsp;&nbsp;RCC_APB2PeriphClockCmd
</UL>
<BR>[Called By]<UL><LI><a href="#[a7]">&gt;&gt;</a>&nbsp;&nbsp;&nbsp;Rheostat_Init
</UL>

<P><STRONG><a name="[120]"></a>tds_delay_ms</STRONG> (Thumb, 20 bytes, Stack size 0 bytes, jxct_tds.o(i.tds_delay_ms))
<BR><BR>[Called By]<UL><LI><a href="#[11f]">&gt;&gt;</a>&nbsp;&nbsp;&nbsp;JXCT_TDS_Get_TDS
</UL>

<P><STRONG><a name="[12e]"></a>NVIC_Configuration</STRONG> (Thumb, 38 bytes, Stack size 8 bytes, hc_sr04.o(i.NVIC_Configuration))
<BR><BR>[Stack]<UL><LI>Max Depth = 24<LI>Call Chain = NVIC_Configuration &rArr; NVIC_Init
</UL>
<BR>[Calls]<UL><LI><a href="#[fd]">&gt;&gt;</a>&nbsp;&nbsp;&nbsp;NVIC_PriorityGroupConfig
<LI><a href="#[fe]">&gt;&gt;</a>&nbsp;&nbsp;&nbsp;NVIC_Init
</UL>
<BR>[Called By]<UL><LI><a href="#[b4]">&gt;&gt;</a>&nbsp;&nbsp;&nbsp;Sr04_Init
</UL>

<P><STRONG><a name="[d6]"></a>dht11_delay_ms</STRONG> (Thumb, 20 bytes, Stack size 0 bytes, dht11.o(i.dht11_delay_ms))
<BR><BR>[Called By]<UL><LI><a href="#[d2]">&gt;&gt;</a>&nbsp;&nbsp;&nbsp;DHT11_Rst
</UL>

<P><STRONG><a name="[d0]"></a>dht11_delay_us</STRONG> (Thumb, 20 bytes, Stack size 0 bytes, dht11.o(i.dht11_delay_us))
<BR><BR>[Called By]<UL><LI><a href="#[d2]">&gt;&gt;</a>&nbsp;&nbsp;&nbsp;DHT11_Rst
<LI><a href="#[d3]">&gt;&gt;</a>&nbsp;&nbsp;&nbsp;DHT11_Read_Bit
<LI><a href="#[ce]">&gt;&gt;</a>&nbsp;&nbsp;&nbsp;DHT11_Check
</UL>

<P><STRONG><a name="[96]"></a>delay_us</STRONG> (Thumb, 16 bytes, Stack size 0 bytes, iic.o(i.delay_us))
<BR><BR>[Called By]<UL><LI><a href="#[a1]">&gt;&gt;</a>&nbsp;&nbsp;&nbsp;BMP_IIC_WriteByte
<LI><a href="#[a0]">&gt;&gt;</a>&nbsp;&nbsp;&nbsp;BMP_IIC_Wait_Ack
<LI><a href="#[9f]">&gt;&gt;</a>&nbsp;&nbsp;&nbsp;BMP_IIC_Stop
<LI><a href="#[9e]">&gt;&gt;</a>&nbsp;&nbsp;&nbsp;BMP_IIC_Start
<LI><a href="#[9b]">&gt;&gt;</a>&nbsp;&nbsp;&nbsp;BMP_IIC_Read_Byte
<LI><a href="#[9a]">&gt;&gt;</a>&nbsp;&nbsp;&nbsp;BMP_IIC_No_Ack
<LI><a href="#[93]">&gt;&gt;</a>&nbsp;&nbsp;&nbsp;BMP_IIC_Ack
</UL>

<P><STRONG><a name="[6d]"></a>prvTaskExitError</STRONG> (Thumb, 48 bytes, Stack size 0 bytes, port.o(i.prvTaskExitError))
<BR><BR>[Stack]<UL><LI>Max Depth = 24<LI>Call Chain = prvTaskExitError &rArr; __2printf
</UL>
<BR>[Calls]<UL><LI><a href="#[ab]">&gt;&gt;</a>&nbsp;&nbsp;&nbsp;__2printf
</UL>
<BR>[Address Reference Count : 1]<UL><LI> port.o(i.pxPortInitialiseStack)
</UL>
<P><STRONG><a name="[186]"></a>prvCopyDataFromQueue</STRONG> (Thumb, 42 bytes, Stack size 16 bytes, queue.o(i.prvCopyDataFromQueue))
<BR><BR>[Stack]<UL><LI>Max Depth = 16<LI>Call Chain = prvCopyDataFromQueue
</UL>
<BR>[Calls]<UL><LI><a href="#[12c]">&gt;&gt;</a>&nbsp;&nbsp;&nbsp;__aeabi_memcpy
</UL>
<BR>[Called By]<UL><LI><a href="#[f2]">&gt;&gt;</a>&nbsp;&nbsp;&nbsp;xQueueReceive
</UL>

<P><STRONG><a name="[187]"></a>prvCopyDataToQueue</STRONG> (Thumb, 126 bytes, Stack size 24 bytes, queue.o(i.prvCopyDataToQueue))
<BR><BR>[Stack]<UL><LI>Max Depth = 64<LI>Call Chain = prvCopyDataToQueue &rArr; xTaskPriorityDisinherit &rArr; __2printf
</UL>
<BR>[Calls]<UL><LI><a href="#[188]">&gt;&gt;</a>&nbsp;&nbsp;&nbsp;xTaskPriorityDisinherit
<LI><a href="#[12c]">&gt;&gt;</a>&nbsp;&nbsp;&nbsp;__aeabi_memcpy
</UL>
<BR>[Called By]<UL><LI><a href="#[105]">&gt;&gt;</a>&nbsp;&nbsp;&nbsp;xQueueGenericSend
</UL>

<P><STRONG><a name="[1b5]"></a>prvGetDisinheritPriorityAfterTimeout</STRONG> (Thumb, 20 bytes, Stack size 0 bytes, queue.o(i.prvGetDisinheritPriorityAfterTimeout))
<BR><BR>[Called By]<UL><LI><a href="#[116]">&gt;&gt;</a>&nbsp;&nbsp;&nbsp;xQueueSemaphoreTake
</UL>

<P><STRONG><a name="[18a]"></a>prvInitialiseNewQueue</STRONG> (Thumb, 42 bytes, Stack size 24 bytes, queue.o(i.prvInitialiseNewQueue))
<BR><BR>[Stack]<UL><LI>Max Depth = 88<LI>Call Chain = prvInitialiseNewQueue &rArr; xQueueGenericReset &rArr; xTaskRemoveFromEventList &rArr; __2printf
</UL>
<BR>[Calls]<UL><LI><a href="#[18b]">&gt;&gt;</a>&nbsp;&nbsp;&nbsp;xQueueGenericReset
</UL>
<BR>[Called By]<UL><LI><a href="#[113]">&gt;&gt;</a>&nbsp;&nbsp;&nbsp;xQueueGenericCreate
</UL>

<P><STRONG><a name="[190]"></a>prvIsQueueEmpty</STRONG> (Thumb, 26 bytes, Stack size 16 bytes, queue.o(i.prvIsQueueEmpty))
<BR><BR>[Stack]<UL><LI>Max Depth = 48<LI>Call Chain = prvIsQueueEmpty &rArr; vPortExitCritical &rArr; __2printf
</UL>
<BR>[Calls]<UL><LI><a href="#[110]">&gt;&gt;</a>&nbsp;&nbsp;&nbsp;vPortExitCritical
<LI><a href="#[10e]">&gt;&gt;</a>&nbsp;&nbsp;&nbsp;vPortEnterCritical
</UL>
<BR>[Called By]<UL><LI><a href="#[f2]">&gt;&gt;</a>&nbsp;&nbsp;&nbsp;xQueueReceive
<LI><a href="#[116]">&gt;&gt;</a>&nbsp;&nbsp;&nbsp;xQueueSemaphoreTake
</UL>

<P><STRONG><a name="[191]"></a>prvIsQueueFull</STRONG> (Thumb, 30 bytes, Stack size 16 bytes, queue.o(i.prvIsQueueFull))
<BR><BR>[Stack]<UL><LI>Max Depth = 48<LI>Call Chain = prvIsQueueFull &rArr; vPortExitCritical &rArr; __2printf
</UL>
<BR>[Calls]<UL><LI><a href="#[110]">&gt;&gt;</a>&nbsp;&nbsp;&nbsp;vPortExitCritical
<LI><a href="#[10e]">&gt;&gt;</a>&nbsp;&nbsp;&nbsp;vPortEnterCritical
</UL>
<BR>[Called By]<UL><LI><a href="#[105]">&gt;&gt;</a>&nbsp;&nbsp;&nbsp;xQueueGenericSend
</UL>

<P><STRONG><a name="[19e]"></a>prvUnlockQueue</STRONG> (Thumb, 126 bytes, Stack size 16 bytes, queue.o(i.prvUnlockQueue))
<BR><BR>[Stack]<UL><LI>Max Depth = 56<LI>Call Chain = prvUnlockQueue &rArr; xTaskRemoveFromEventList &rArr; __2printf
</UL>
<BR>[Calls]<UL><LI><a href="#[110]">&gt;&gt;</a>&nbsp;&nbsp;&nbsp;vPortExitCritical
<LI><a href="#[10e]">&gt;&gt;</a>&nbsp;&nbsp;&nbsp;vPortEnterCritical
<LI><a href="#[19f]">&gt;&gt;</a>&nbsp;&nbsp;&nbsp;xTaskRemoveFromEventList
<LI><a href="#[1a0]">&gt;&gt;</a>&nbsp;&nbsp;&nbsp;vTaskMissedYield
</UL>
<BR>[Called By]<UL><LI><a href="#[f2]">&gt;&gt;</a>&nbsp;&nbsp;&nbsp;xQueueReceive
<LI><a href="#[105]">&gt;&gt;</a>&nbsp;&nbsp;&nbsp;xQueueGenericSend
<LI><a href="#[116]">&gt;&gt;</a>&nbsp;&nbsp;&nbsp;xQueueSemaphoreTake
<LI><a href="#[199]">&gt;&gt;</a>&nbsp;&nbsp;&nbsp;vQueueWaitForMessageRestricted
</UL>

<P><STRONG><a name="[17c]"></a>prvAddCurrentTaskToDelayedList</STRONG> (Thumb, 164 bytes, Stack size 24 bytes, tasks.o(i.prvAddCurrentTaskToDelayedList))
<BR><BR>[Stack]<UL><LI>Max Depth = 32<LI>Call Chain = prvAddCurrentTaskToDelayedList &rArr; vListInsert
</UL>
<BR>[Calls]<UL><LI><a href="#[17e]">&gt;&gt;</a>&nbsp;&nbsp;&nbsp;vListInsert
<LI><a href="#[17d]">&gt;&gt;</a>&nbsp;&nbsp;&nbsp;uxListRemove
</UL>
<BR>[Called By]<UL><LI><a href="#[c7]">&gt;&gt;</a>&nbsp;&nbsp;&nbsp;vTaskDelay
<LI><a href="#[1a6]">&gt;&gt;</a>&nbsp;&nbsp;&nbsp;vTaskPlaceOnEventListRestricted
<LI><a href="#[1a9]">&gt;&gt;</a>&nbsp;&nbsp;&nbsp;vTaskPlaceOnEventList
</UL>

<P><STRONG><a name="[17f]"></a>prvAddNewTaskToReadyList</STRONG> (Thumb, 206 bytes, Stack size 8 bytes, tasks.o(i.prvAddNewTaskToReadyList))
<BR><BR>[Stack]<UL><LI>Max Depth = 40<LI>Call Chain = prvAddNewTaskToReadyList &rArr; vPortExitCritical &rArr; __2printf
</UL>
<BR>[Calls]<UL><LI><a href="#[110]">&gt;&gt;</a>&nbsp;&nbsp;&nbsp;vPortExitCritical
<LI><a href="#[10e]">&gt;&gt;</a>&nbsp;&nbsp;&nbsp;vPortEnterCritical
<LI><a href="#[180]">&gt;&gt;</a>&nbsp;&nbsp;&nbsp;prvInitialiseTaskLists
</UL>
<BR>[Called By]<UL><LI><a href="#[114]">&gt;&gt;</a>&nbsp;&nbsp;&nbsp;xTaskCreate
</UL>

<P><STRONG><a name="[184]"></a>prvCheckTasksWaitingTermination</STRONG> (Thumb, 60 bytes, Stack size 8 bytes, tasks.o(i.prvCheckTasksWaitingTermination))
<BR><BR>[Stack]<UL><LI>Max Depth = 96<LI>Call Chain = prvCheckTasksWaitingTermination &rArr; prvDeleteTCB &rArr; vPortFree &rArr; xTaskResumeAll &rArr; xTaskIncrementTick &rArr; __2printf
</UL>
<BR>[Calls]<UL><LI><a href="#[110]">&gt;&gt;</a>&nbsp;&nbsp;&nbsp;vPortExitCritical
<LI><a href="#[10e]">&gt;&gt;</a>&nbsp;&nbsp;&nbsp;vPortEnterCritical
<LI><a href="#[185]">&gt;&gt;</a>&nbsp;&nbsp;&nbsp;prvDeleteTCB
<LI><a href="#[17d]">&gt;&gt;</a>&nbsp;&nbsp;&nbsp;uxListRemove
</UL>
<BR>[Called By]<UL><LI><a href="#[6e]">&gt;&gt;</a>&nbsp;&nbsp;&nbsp;prvIdleTask
</UL>

<P><STRONG><a name="[185]"></a>prvDeleteTCB</STRONG> (Thumb, 18 bytes, Stack size 8 bytes, tasks.o(i.prvDeleteTCB))
<BR><BR>[Stack]<UL><LI>Max Depth = 88<LI>Call Chain = prvDeleteTCB &rArr; vPortFree &rArr; xTaskResumeAll &rArr; xTaskIncrementTick &rArr; __2printf
</UL>
<BR>[Calls]<UL><LI><a href="#[189]">&gt;&gt;</a>&nbsp;&nbsp;&nbsp;vPortFree
</UL>
<BR>[Called By]<UL><LI><a href="#[118]">&gt;&gt;</a>&nbsp;&nbsp;&nbsp;vTaskDelete
<LI><a href="#[184]">&gt;&gt;</a>&nbsp;&nbsp;&nbsp;prvCheckTasksWaitingTermination
</UL>

<P><STRONG><a name="[6e]"></a>prvIdleTask</STRONG> (Thumb, 32 bytes, Stack size 0 bytes, tasks.o(i.prvIdleTask))
<BR><BR>[Stack]<UL><LI>Max Depth = 96<LI>Call Chain = prvIdleTask &rArr; prvCheckTasksWaitingTermination &rArr; prvDeleteTCB &rArr; vPortFree &rArr; xTaskResumeAll &rArr; xTaskIncrementTick &rArr; __2printf
</UL>
<BR>[Calls]<UL><LI><a href="#[184]">&gt;&gt;</a>&nbsp;&nbsp;&nbsp;prvCheckTasksWaitingTermination
</UL>
<BR>[Address Reference Count : 1]<UL><LI> tasks.o(i.vTaskStartScheduler)
</UL>
<P><STRONG><a name="[18c]"></a>prvInitialiseNewTask</STRONG> (Thumb, 204 bytes, Stack size 40 bytes, tasks.o(i.prvInitialiseNewTask))
<BR><BR>[Stack]<UL><LI>Max Depth = 64<LI>Call Chain = prvInitialiseNewTask &rArr; __2printf
</UL>
<BR>[Calls]<UL><LI><a href="#[18e]">&gt;&gt;</a>&nbsp;&nbsp;&nbsp;pxPortInitialiseStack
<LI><a href="#[18d]">&gt;&gt;</a>&nbsp;&nbsp;&nbsp;vListInitialiseItem
<LI><a href="#[74]">&gt;&gt;</a>&nbsp;&nbsp;&nbsp;__aeabi_memset
<LI><a href="#[ab]">&gt;&gt;</a>&nbsp;&nbsp;&nbsp;__2printf
</UL>
<BR>[Called By]<UL><LI><a href="#[114]">&gt;&gt;</a>&nbsp;&nbsp;&nbsp;xTaskCreate
</UL>

<P><STRONG><a name="[180]"></a>prvInitialiseTaskLists</STRONG> (Thumb, 70 bytes, Stack size 8 bytes, tasks.o(i.prvInitialiseTaskLists))
<BR><BR>[Stack]<UL><LI>Max Depth = 8<LI>Call Chain = prvInitialiseTaskLists
</UL>
<BR>[Calls]<UL><LI><a href="#[182]">&gt;&gt;</a>&nbsp;&nbsp;&nbsp;vListInitialise
</UL>
<BR>[Called By]<UL><LI><a href="#[17f]">&gt;&gt;</a>&nbsp;&nbsp;&nbsp;prvAddNewTaskToReadyList
</UL>

<P><STRONG><a name="[1a8]"></a>prvResetNextTaskUnblockTime</STRONG> (Thumb, 40 bytes, Stack size 0 bytes, tasks.o(i.prvResetNextTaskUnblockTime))
<BR><BR>[Called By]<UL><LI><a href="#[10f]">&gt;&gt;</a>&nbsp;&nbsp;&nbsp;vTaskSuspend
<LI><a href="#[118]">&gt;&gt;</a>&nbsp;&nbsp;&nbsp;vTaskDelete
<LI><a href="#[149]">&gt;&gt;</a>&nbsp;&nbsp;&nbsp;xTaskIncrementTick
<LI><a href="#[198]">&gt;&gt;</a>&nbsp;&nbsp;&nbsp;xTaskResumeAll
</UL>

<P><STRONG><a name="[19c]"></a>prvTaskIsTaskSuspended</STRONG> (Thumb, 72 bytes, Stack size 16 bytes, tasks.o(i.prvTaskIsTaskSuspended))
<BR><BR>[Stack]<UL><LI>Max Depth = 40<LI>Call Chain = prvTaskIsTaskSuspended &rArr; __2printf
</UL>
<BR>[Calls]<UL><LI><a href="#[ab]">&gt;&gt;</a>&nbsp;&nbsp;&nbsp;__2printf
</UL>
<BR>[Called By]<UL><LI><a href="#[112]">&gt;&gt;</a>&nbsp;&nbsp;&nbsp;vTaskResume
</UL>

<P><STRONG><a name="[181]"></a>prvCheckForValidListAndQueue</STRONG> (Thumb, 72 bytes, Stack size 8 bytes, timers.o(i.prvCheckForValidListAndQueue))
<BR><BR>[Stack]<UL><LI>Max Depth = 128<LI>Call Chain = prvCheckForValidListAndQueue &rArr; xQueueGenericCreate &rArr; prvInitialiseNewQueue &rArr; xQueueGenericReset &rArr; xTaskRemoveFromEventList &rArr; __2printf
</UL>
<BR>[Calls]<UL><LI><a href="#[113]">&gt;&gt;</a>&nbsp;&nbsp;&nbsp;xQueueGenericCreate
<LI><a href="#[110]">&gt;&gt;</a>&nbsp;&nbsp;&nbsp;vPortExitCritical
<LI><a href="#[10e]">&gt;&gt;</a>&nbsp;&nbsp;&nbsp;vPortEnterCritical
<LI><a href="#[183]">&gt;&gt;</a>&nbsp;&nbsp;&nbsp;vQueueAddToRegistry
<LI><a href="#[182]">&gt;&gt;</a>&nbsp;&nbsp;&nbsp;vListInitialise
</UL>
<BR>[Called By]<UL><LI><a href="#[1ab]">&gt;&gt;</a>&nbsp;&nbsp;&nbsp;xTimerCreateTimerTask
</UL>

<P><STRONG><a name="[19d]"></a>prvGetNextExpireTime</STRONG> (Thumb, 36 bytes, Stack size 0 bytes, timers.o(i.prvGetNextExpireTime))
<BR><BR>[Called By]<UL><LI><a href="#[6f]">&gt;&gt;</a>&nbsp;&nbsp;&nbsp;prvTimerTask
</UL>

<P><STRONG><a name="[18f]"></a>prvInsertTimerInActiveList</STRONG> (Thumb, 80 bytes, Stack size 24 bytes, timers.o(i.prvInsertTimerInActiveList))
<BR><BR>[Stack]<UL><LI>Max Depth = 32<LI>Call Chain = prvInsertTimerInActiveList &rArr; vListInsert
</UL>
<BR>[Calls]<UL><LI><a href="#[17e]">&gt;&gt;</a>&nbsp;&nbsp;&nbsp;vListInsert
</UL>
<BR>[Called By]<UL><LI><a href="#[193]">&gt;&gt;</a>&nbsp;&nbsp;&nbsp;prvReloadTimer
<LI><a href="#[194]">&gt;&gt;</a>&nbsp;&nbsp;&nbsp;prvProcessReceivedCommands
</UL>

<P><STRONG><a name="[192]"></a>prvProcessExpiredTimer</STRONG> (Thumb, 62 bytes, Stack size 16 bytes, timers.o(i.prvProcessExpiredTimer))
<BR><BR>[Stack]<UL><LI>Max Depth = 64<LI>Call Chain = prvProcessExpiredTimer &rArr; prvReloadTimer &rArr; prvInsertTimerInActiveList &rArr; vListInsert
</UL>
<BR>[Calls]<UL><LI><a href="#[17d]">&gt;&gt;</a>&nbsp;&nbsp;&nbsp;uxListRemove
<LI><a href="#[193]">&gt;&gt;</a>&nbsp;&nbsp;&nbsp;prvReloadTimer
</UL>
<BR>[Called By]<UL><LI><a href="#[19b]">&gt;&gt;</a>&nbsp;&nbsp;&nbsp;prvSwitchTimerLists
<LI><a href="#[196]">&gt;&gt;</a>&nbsp;&nbsp;&nbsp;prvProcessTimerOrBlockTask
</UL>

<P><STRONG><a name="[194]"></a>prvProcessReceivedCommands</STRONG> (Thumb, 270 bytes, Stack size 32 bytes, timers.o(i.prvProcessReceivedCommands))
<BR><BR>[Stack]<UL><LI>Max Depth = 144<LI>Call Chain = prvProcessReceivedCommands &rArr; xQueueReceive &rArr; xTaskResumeAll &rArr; xTaskIncrementTick &rArr; __2printf
</UL>
<BR>[Calls]<UL><LI><a href="#[f2]">&gt;&gt;</a>&nbsp;&nbsp;&nbsp;xQueueReceive
<LI><a href="#[17d]">&gt;&gt;</a>&nbsp;&nbsp;&nbsp;uxListRemove
<LI><a href="#[189]">&gt;&gt;</a>&nbsp;&nbsp;&nbsp;vPortFree
<LI><a href="#[195]">&gt;&gt;</a>&nbsp;&nbsp;&nbsp;prvSampleTimeNow
<LI><a href="#[193]">&gt;&gt;</a>&nbsp;&nbsp;&nbsp;prvReloadTimer
<LI><a href="#[18f]">&gt;&gt;</a>&nbsp;&nbsp;&nbsp;prvInsertTimerInActiveList
<LI><a href="#[ab]">&gt;&gt;</a>&nbsp;&nbsp;&nbsp;__2printf
</UL>
<BR>[Called By]<UL><LI><a href="#[6f]">&gt;&gt;</a>&nbsp;&nbsp;&nbsp;prvTimerTask
</UL>

<P><STRONG><a name="[196]"></a>prvProcessTimerOrBlockTask</STRONG> (Thumb, 102 bytes, Stack size 24 bytes, timers.o(i.prvProcessTimerOrBlockTask))
<BR><BR>[Stack]<UL><LI>Max Depth = 120<LI>Call Chain = prvProcessTimerOrBlockTask &rArr; prvSampleTimeNow &rArr; prvSwitchTimerLists &rArr; prvProcessExpiredTimer &rArr; prvReloadTimer &rArr; prvInsertTimerInActiveList &rArr; vListInsert
</UL>
<BR>[Calls]<UL><LI><a href="#[199]">&gt;&gt;</a>&nbsp;&nbsp;&nbsp;vQueueWaitForMessageRestricted
<LI><a href="#[198]">&gt;&gt;</a>&nbsp;&nbsp;&nbsp;xTaskResumeAll
<LI><a href="#[197]">&gt;&gt;</a>&nbsp;&nbsp;&nbsp;vTaskSuspendAll
<LI><a href="#[195]">&gt;&gt;</a>&nbsp;&nbsp;&nbsp;prvSampleTimeNow
<LI><a href="#[192]">&gt;&gt;</a>&nbsp;&nbsp;&nbsp;prvProcessExpiredTimer
</UL>
<BR>[Called By]<UL><LI><a href="#[6f]">&gt;&gt;</a>&nbsp;&nbsp;&nbsp;prvTimerTask
</UL>

<P><STRONG><a name="[193]"></a>prvReloadTimer</STRONG> (Thumb, 40 bytes, Stack size 16 bytes, timers.o(i.prvReloadTimer))
<BR><BR>[Stack]<UL><LI>Max Depth = 48<LI>Call Chain = prvReloadTimer &rArr; prvInsertTimerInActiveList &rArr; vListInsert
</UL>
<BR>[Calls]<UL><LI><a href="#[18f]">&gt;&gt;</a>&nbsp;&nbsp;&nbsp;prvInsertTimerInActiveList
</UL>
<BR>[Called By]<UL><LI><a href="#[194]">&gt;&gt;</a>&nbsp;&nbsp;&nbsp;prvProcessReceivedCommands
<LI><a href="#[192]">&gt;&gt;</a>&nbsp;&nbsp;&nbsp;prvProcessExpiredTimer
</UL>

<P><STRONG><a name="[195]"></a>prvSampleTimeNow</STRONG> (Thumb, 40 bytes, Stack size 16 bytes, timers.o(i.prvSampleTimeNow))
<BR><BR>[Stack]<UL><LI>Max Depth = 96<LI>Call Chain = prvSampleTimeNow &rArr; prvSwitchTimerLists &rArr; prvProcessExpiredTimer &rArr; prvReloadTimer &rArr; prvInsertTimerInActiveList &rArr; vListInsert
</UL>
<BR>[Calls]<UL><LI><a href="#[19b]">&gt;&gt;</a>&nbsp;&nbsp;&nbsp;prvSwitchTimerLists
<LI><a href="#[19a]">&gt;&gt;</a>&nbsp;&nbsp;&nbsp;xTaskGetTickCount
</UL>
<BR>[Called By]<UL><LI><a href="#[196]">&gt;&gt;</a>&nbsp;&nbsp;&nbsp;prvProcessTimerOrBlockTask
<LI><a href="#[194]">&gt;&gt;</a>&nbsp;&nbsp;&nbsp;prvProcessReceivedCommands
</UL>

<P><STRONG><a name="[19b]"></a>prvSwitchTimerLists</STRONG> (Thumb, 58 bytes, Stack size 16 bytes, timers.o(i.prvSwitchTimerLists))
<BR><BR>[Stack]<UL><LI>Max Depth = 80<LI>Call Chain = prvSwitchTimerLists &rArr; prvProcessExpiredTimer &rArr; prvReloadTimer &rArr; prvInsertTimerInActiveList &rArr; vListInsert
</UL>
<BR>[Calls]<UL><LI><a href="#[192]">&gt;&gt;</a>&nbsp;&nbsp;&nbsp;prvProcessExpiredTimer
</UL>
<BR>[Called By]<UL><LI><a href="#[195]">&gt;&gt;</a>&nbsp;&nbsp;&nbsp;prvSampleTimeNow
</UL>

<P><STRONG><a name="[6f]"></a>prvTimerTask</STRONG> (Thumb, 26 bytes, Stack size 8 bytes, timers.o(i.prvTimerTask))
<BR><BR>[Stack]<UL><LI>Max Depth = 152<LI>Call Chain = prvTimerTask &rArr; prvProcessReceivedCommands &rArr; xQueueReceive &rArr; xTaskResumeAll &rArr; xTaskIncrementTick &rArr; __2printf
</UL>
<BR>[Calls]<UL><LI><a href="#[196]">&gt;&gt;</a>&nbsp;&nbsp;&nbsp;prvProcessTimerOrBlockTask
<LI><a href="#[194]">&gt;&gt;</a>&nbsp;&nbsp;&nbsp;prvProcessReceivedCommands
<LI><a href="#[19d]">&gt;&gt;</a>&nbsp;&nbsp;&nbsp;prvGetNextExpireTime
</UL>
<BR>[Address Reference Count : 1]<UL><LI> timers.o(i.xTimerCreateTimerTask)
</UL>
<P><STRONG><a name="[1a2]"></a>prvHeapInit</STRONG> (Thumb, 98 bytes, Stack size 12 bytes, heap_4.o(i.prvHeapInit))
<BR><BR>[Stack]<UL><LI>Max Depth = 12<LI>Call Chain = prvHeapInit
</UL>
<BR>[Called By]<UL><LI><a href="#[1a1]">&gt;&gt;</a>&nbsp;&nbsp;&nbsp;pvPortMalloc
</UL>

<P><STRONG><a name="[1a3]"></a>prvInsertBlockIntoFreeList</STRONG> (Thumb, 96 bytes, Stack size 8 bytes, heap_4.o(i.prvInsertBlockIntoFreeList))
<BR><BR>[Stack]<UL><LI>Max Depth = 8<LI>Call Chain = prvInsertBlockIntoFreeList
</UL>
<BR>[Called By]<UL><LI><a href="#[189]">&gt;&gt;</a>&nbsp;&nbsp;&nbsp;vPortFree
<LI><a href="#[1a1]">&gt;&gt;</a>&nbsp;&nbsp;&nbsp;pvPortMalloc
</UL>

<P><STRONG><a name="[16b]"></a>_fp_digits</STRONG> (Thumb, 334 bytes, Stack size 56 bytes, printfa.o(i._fp_digits), UNUSED)
<BR><BR>[Calls]<UL><LI><a href="#[7d]">&gt;&gt;</a>&nbsp;&nbsp;&nbsp;__aeabi_dmul
<LI><a href="#[7e]">&gt;&gt;</a>&nbsp;&nbsp;&nbsp;__aeabi_ddiv
<LI><a href="#[76]">&gt;&gt;</a>&nbsp;&nbsp;&nbsp;__aeabi_dadd
<LI><a href="#[c6]">&gt;&gt;</a>&nbsp;&nbsp;&nbsp;__aeabi_cdrcmple
<LI><a href="#[86]">&gt;&gt;</a>&nbsp;&nbsp;&nbsp;__aeabi_uldivmod
<LI><a href="#[88]">&gt;&gt;</a>&nbsp;&nbsp;&nbsp;__aeabi_d2ulz
</UL>
<BR>[Called By]<UL><LI><a href="#[157]">&gt;&gt;</a>&nbsp;&nbsp;&nbsp;_printf_core
</UL>

<P><STRONG><a name="[157]"></a>_printf_core</STRONG> (Thumb, 1744 bytes, Stack size 136 bytes, printfa.o(i._printf_core), UNUSED)
<BR><BR>[Calls]<UL><LI><a href="#[86]">&gt;&gt;</a>&nbsp;&nbsp;&nbsp;__aeabi_uldivmod
<LI><a href="#[16e]">&gt;&gt;</a>&nbsp;&nbsp;&nbsp;__aeabi_uidivmod
<LI><a href="#[16c]">&gt;&gt;</a>&nbsp;&nbsp;&nbsp;_printf_pre_padding
<LI><a href="#[16d]">&gt;&gt;</a>&nbsp;&nbsp;&nbsp;_printf_post_padding
<LI><a href="#[16b]">&gt;&gt;</a>&nbsp;&nbsp;&nbsp;_fp_digits
</UL>
<BR>[Called By]<UL><LI><a href="#[158]">&gt;&gt;</a>&nbsp;&nbsp;&nbsp;__0sprintf
<LI><a href="#[156]">&gt;&gt;</a>&nbsp;&nbsp;&nbsp;__0printf
</UL>

<P><STRONG><a name="[16d]"></a>_printf_post_padding</STRONG> (Thumb, 36 bytes, Stack size 24 bytes, printfa.o(i._printf_post_padding), UNUSED)
<BR><BR>[Called By]<UL><LI><a href="#[157]">&gt;&gt;</a>&nbsp;&nbsp;&nbsp;_printf_core
</UL>

<P><STRONG><a name="[16c]"></a>_printf_pre_padding</STRONG> (Thumb, 46 bytes, Stack size 24 bytes, printfa.o(i._printf_pre_padding), UNUSED)
<BR><BR>[Called By]<UL><LI><a href="#[157]">&gt;&gt;</a>&nbsp;&nbsp;&nbsp;_printf_core
</UL>

<P><STRONG><a name="[6b]"></a>_sputc</STRONG> (Thumb, 10 bytes, Stack size 0 bytes, printfa.o(i._sputc))
<BR><BR>[Called By]<UL><LI><a href="#[158]">&gt;&gt;</a>&nbsp;&nbsp;&nbsp;__0sprintf
</UL>
<BR>[Address Reference Count : 1]<UL><LI> printfa.o(i.__0sprintf)
</UL><P>
<H3>
Undefined Global Symbols
</H3><HR></body></html>
